2020-05-13T06:00:56.8871334Z ##[section]Starting: Request a runner to run this job
2020-05-13T06:00:57.4363312Z Can't find any online and idle self-hosted runner in current repository that matches the required labels: 'ubuntu-latest'
2020-05-13T06:00:57.4363350Z Can't find any online and idle self-hosted runner in current repository's account/organization that matches the required labels: 'ubuntu-latest'
2020-05-13T06:00:57.4363370Z Found online and idle hosted runner in current repository's account/organization that matches the required labels: 'ubuntu-latest'
2020-05-13T06:00:57.9833498Z ##[section]Finishing: Request a runner to run this job
2020-05-13T06:01:16.8839945Z Current runner version: '2.169.1'
2020-05-13T06:01:16.8866904Z ##[group]Operating System
2020-05-13T06:01:16.8867523Z Ubuntu
2020-05-13T06:01:16.8867732Z 18.04.4
2020-05-13T06:01:16.8867932Z LTS
2020-05-13T06:01:16.8868084Z ##[endgroup]
2020-05-13T06:01:16.8868289Z ##[group]Virtual Environment
2020-05-13T06:01:16.8868566Z Environment: ubuntu-18.04
2020-05-13T06:01:16.8868773Z Version: 20200430.1
2020-05-13T06:01:16.8869019Z Included Software: https://github.com/actions/virtual-environments/blob/ubuntu18/20200430.1/images/linux/Ubuntu1804-README.md
2020-05-13T06:01:16.8869279Z ##[endgroup]
2020-05-13T06:01:16.8870266Z Prepare workflow directory
2020-05-13T06:01:16.9073797Z Prepare all required actions
2020-05-13T06:01:16.9084520Z Download action repository 'actions/checkout@v1'
2020-05-13T06:01:17.1295141Z Download action repository 'actions/setup-node@v1'
2020-05-13T06:01:18.1706151Z Download action repository 'shivammathur/setup-php@master'
2020-05-13T06:01:18.2892945Z Download action repository 'actions/cache@v1'
2020-05-13T06:01:18.4530104Z ##[group]Run actions/checkout@v1
2020-05-13T06:01:18.4530445Z with:
2020-05-13T06:01:18.4530624Z   clean: true
2020-05-13T06:01:18.4530793Z env:
2020-05-13T06:01:18.4530950Z   DRUPAL_TESTING_TEST_CODING_STYLES: false
2020-05-13T06:01:18.4531127Z   DRUPAL_TESTING_DATABASE_USER: root
2020-05-13T06:01:18.4531304Z   DRUPAL_TESTING_DATABASE_PASSWORD: root
2020-05-13T06:01:18.4531479Z   DRUPAL_TESTING_DATABASE_ENGINE: mysql
2020-05-13T06:01:18.4531639Z ##[endgroup]
2020-05-13T06:01:18.6906479Z Syncing repository: thunder/select2
2020-05-13T06:01:18.7035898Z ##[command]git version
2020-05-13T06:01:18.7307246Z git version 2.26.2
2020-05-13T06:01:18.7402443Z ##[command]git lfs version
2020-05-13T06:01:18.8733043Z git-lfs/2.10.0 (GitHub; linux amd64; go 1.13.4)
2020-05-13T06:01:18.8902179Z ##[command]git init "/home/runner/work/select2/select2"
2020-05-13T06:01:18.8963337Z Initialized empty Git repository in /home/runner/work/select2/select2/.git/
2020-05-13T06:01:18.8979838Z ##[command]git remote add origin https://github.com/thunder/select2
2020-05-13T06:01:18.9016605Z ##[command]git config gc.auto 0
2020-05-13T06:01:18.9043377Z ##[command]git config --get-all http.https://github.com/thunder/select2.extraheader
2020-05-13T06:01:18.9113488Z ##[command]git -c http.extraheader="AUTHORIZATION: basic ***" fetch --tags --prune --progress --no-recurse-submodules origin +refs/heads/*:refs/remotes/origin/*
2020-05-13T06:01:19.4015261Z remote: Enumerating objects: 231, done.        
2020-05-13T06:01:19.4015559Z remote: Counting objects:   0% (1/231)        
2020-05-13T06:01:19.4015722Z remote: Counting objects:   1% (3/231)        
2020-05-13T06:01:19.4018586Z remote: Counting objects:   2% (5/231)        
2020-05-13T06:01:19.4018793Z remote: Counting objects:   3% (7/231)        
2020-05-13T06:01:19.4019129Z remote: Counting objects:   4% (10/231)        
2020-05-13T06:01:19.4019429Z remote: Counting objects:   5% (12/231)        
2020-05-13T06:01:19.4019665Z remote: Counting objects:   6% (14/231)        
2020-05-13T06:01:19.4019970Z remote: Counting objects:   7% (17/231)        
2020-05-13T06:01:19.4020266Z remote: Counting objects:   8% (19/231)        
2020-05-13T06:01:19.4020485Z remote: Counting objects:   9% (21/231)        
2020-05-13T06:01:19.4020657Z remote: Counting objects:  10% (24/231)        
2020-05-13T06:01:19.4020816Z remote: Counting objects:  11% (26/231)        
2020-05-13T06:01:19.4021110Z remote: Counting objects:  12% (28/231)        
2020-05-13T06:01:19.4021401Z remote: Counting objects:  13% (31/231)        
2020-05-13T06:01:19.4074142Z remote: Counting objects:  14% (33/231)        
2020-05-13T06:01:19.4074523Z remote: Counting objects:  15% (35/231)        
2020-05-13T06:01:19.4074847Z remote: Counting objects:  16% (37/231)        
2020-05-13T06:01:19.4075069Z remote: Counting objects:  17% (40/231)        
2020-05-13T06:01:19.4075244Z remote: Counting objects:  18% (42/231)        
2020-05-13T06:01:19.4075537Z remote: Counting objects:  19% (44/231)        
2020-05-13T06:01:19.4076089Z remote: Counting objects:  20% (47/231)        
2020-05-13T06:01:19.4076305Z remote: Counting objects:  21% (49/231)        
2020-05-13T06:01:19.4076485Z remote: Counting objects:  22% (51/231)        
2020-05-13T06:01:19.4076780Z remote: Counting objects:  23% (54/231)        
2020-05-13T06:01:19.4076992Z remote: Counting objects:  24% (56/231)        
2020-05-13T06:01:19.4077276Z remote: Counting objects:  25% (58/231)        
2020-05-13T06:01:19.4077494Z remote: Counting objects:  26% (61/231)        
2020-05-13T06:01:19.4077668Z remote: Counting objects:  27% (63/231)        
2020-05-13T06:01:19.4077839Z remote: Counting objects:  28% (65/231)        
2020-05-13T06:01:19.4078009Z remote: Counting objects:  29% (67/231)        
2020-05-13T06:01:19.4078164Z remote: Counting objects:  30% (70/231)        
2020-05-13T06:01:19.4078340Z remote: Counting objects:  31% (72/231)        
2020-05-13T06:01:19.4079002Z remote: Counting objects:  32% (74/231)        
2020-05-13T06:01:19.4079520Z remote: Counting objects:  33% (77/231)        
2020-05-13T06:01:19.4079853Z remote: Counting objects:  34% (79/231)        
2020-05-13T06:01:19.4080146Z remote: Counting objects:  35% (81/231)        
2020-05-13T06:01:19.4090676Z remote: Counting objects:  36% (84/231)        
2020-05-13T06:01:19.4091093Z remote: Counting objects:  37% (86/231)        
2020-05-13T06:01:19.4091275Z remote: Counting objects:  38% (88/231)        
2020-05-13T06:01:19.4091622Z remote: Counting objects:  39% (91/231)        
2020-05-13T06:01:19.4091926Z remote: Counting objects:  40% (93/231)        
2020-05-13T06:01:19.4092249Z remote: Counting objects:  41% (95/231)        
2020-05-13T06:01:19.4092411Z remote: Counting objects:  42% (98/231)        
2020-05-13T06:01:19.4092716Z remote: Counting objects:  43% (100/231)        
2020-05-13T06:01:19.4093011Z remote: Counting objects:  44% (102/231)        
2020-05-13T06:01:19.4093225Z remote: Counting objects:  45% (104/231)        
2020-05-13T06:01:19.4093424Z remote: Counting objects:  46% (107/231)        
2020-05-13T06:01:19.4093709Z remote: Counting objects:  47% (109/231)        
2020-05-13T06:01:19.4094002Z remote: Counting objects:  48% (111/231)        
2020-05-13T06:01:19.4094218Z remote: Counting objects:  49% (114/231)        
2020-05-13T06:01:19.4094401Z remote: Counting objects:  50% (116/231)        
2020-05-13T06:01:19.4094692Z remote: Counting objects:  51% (118/231)        
2020-05-13T06:01:19.4094969Z remote: Counting objects:  52% (121/231)        
2020-05-13T06:01:19.4095252Z remote: Counting objects:  53% (123/231)        
2020-05-13T06:01:19.4095428Z remote: Counting objects:  54% (125/231)        
2020-05-13T06:01:19.4095720Z remote: Counting objects:  55% (128/231)        
2020-05-13T06:01:19.4096078Z remote: Counting objects:  56% (130/231)        
2020-05-13T06:01:19.4096281Z remote: Counting objects:  57% (132/231)        
2020-05-13T06:01:19.4096456Z remote: Counting objects:  58% (134/231)        
2020-05-13T06:01:19.4096642Z remote: Counting objects:  59% (137/231)        
2020-05-13T06:01:19.4096946Z remote: Counting objects:  60% (139/231)        
2020-05-13T06:01:19.4097249Z remote: Counting objects:  61% (141/231)        
2020-05-13T06:01:19.4097534Z remote: Counting objects:  62% (144/231)        
2020-05-13T06:01:19.4097824Z remote: Counting objects:  63% (146/231)        
2020-05-13T06:01:19.4098056Z remote: Counting objects:  64% (148/231)        
2020-05-13T06:01:19.4098230Z remote: Counting objects:  65% (151/231)        
2020-05-13T06:01:19.4098526Z remote: Counting objects:  66% (153/231)        
2020-05-13T06:01:19.4098684Z remote: Counting objects:  67% (155/231)        
2020-05-13T06:01:19.4098970Z remote: Counting objects:  68% (158/231)        
2020-05-13T06:01:19.4099268Z remote: Counting objects:  69% (160/231)        
2020-05-13T06:01:19.4099495Z remote: Counting objects:  70% (162/231)        
2020-05-13T06:01:19.4099669Z remote: Counting objects:  71% (165/231)        
2020-05-13T06:01:19.4099826Z remote: Counting objects:  72% (167/231)        
2020-05-13T06:01:19.4100191Z remote: Counting objects:  73% (169/231)        
2020-05-13T06:01:19.4100502Z remote: Counting objects:  74% (171/231)        
2020-05-13T06:01:19.4100803Z remote: Counting objects:  75% (174/231)        
2020-05-13T06:01:19.4101102Z remote: Counting objects:  76% (176/231)        
2020-05-13T06:01:19.4101380Z remote: Counting objects:  77% (178/231)        
2020-05-13T06:01:19.4101649Z remote: Counting objects:  78% (181/231)        
2020-05-13T06:01:19.4101956Z remote: Counting objects:  79% (183/231)        
2020-05-13T06:01:19.4102129Z remote: Counting objects:  80% (185/231)        
2020-05-13T06:01:19.4102412Z remote: Counting objects:  81% (188/231)        
2020-05-13T06:01:19.4102625Z remote: Counting objects:  82% (190/231)        
2020-05-13T06:01:19.4102784Z remote: Counting objects:  83% (192/231)        
2020-05-13T06:01:19.4103077Z remote: Counting objects:  84% (195/231)        
2020-05-13T06:01:19.4103281Z remote: Counting objects:  85% (197/231)        
2020-05-13T06:01:19.4103656Z remote: Counting objects:  86% (199/231)        
2020-05-13T06:01:19.4103841Z remote: Counting objects:  87% (201/231)        
2020-05-13T06:01:19.4104126Z remote: Counting objects:  88% (204/231)        
2020-05-13T06:01:19.4104424Z remote: Counting objects:  89% (206/231)        
2020-05-13T06:01:19.4104638Z remote: Counting objects:  90% (208/231)        
2020-05-13T06:01:19.4104812Z remote: Counting objects:  91% (211/231)        
2020-05-13T06:01:19.4104986Z remote: Counting objects:  92% (213/231)        
2020-05-13T06:01:19.4105269Z remote: Counting objects:  93% (215/231)        
2020-05-13T06:01:19.4105476Z remote: Counting objects:  94% (218/231)        
2020-05-13T06:01:19.4105649Z remote: Counting objects:  95% (220/231)        
2020-05-13T06:01:19.4106094Z remote: Counting objects:  96% (222/231)        
2020-05-13T06:01:19.4106313Z remote: Counting objects:  97% (225/231)        
2020-05-13T06:01:19.4106488Z remote: Counting objects:  98% (227/231)        
2020-05-13T06:01:19.4106662Z remote: Counting objects:  99% (229/231)        
2020-05-13T06:01:19.4106961Z remote: Counting objects: 100% (231/231)        
2020-05-13T06:01:19.4107139Z remote: Counting objects: 100% (231/231), done.        
2020-05-13T06:01:19.4107446Z remote: Compressing objects:   0% (1/105)        
2020-05-13T06:01:19.4107745Z remote: Compressing objects:   1% (2/105)        
2020-05-13T06:01:19.4107976Z remote: Compressing objects:   2% (3/105)        
2020-05-13T06:01:19.4108134Z remote: Compressing objects:   3% (4/105)        
2020-05-13T06:01:19.4108309Z remote: Compressing objects:   4% (5/105)        
2020-05-13T06:01:19.4108612Z remote: Compressing objects:   5% (6/105)        
2020-05-13T06:01:19.4108787Z remote: Compressing objects:   6% (7/105)        
2020-05-13T06:01:19.4109062Z remote: Compressing objects:   7% (8/105)        
2020-05-13T06:01:19.4109352Z remote: Compressing objects:   8% (9/105)        
2020-05-13T06:01:19.4109591Z remote: Compressing objects:   9% (10/105)        
2020-05-13T06:01:19.4109786Z remote: Compressing objects:  10% (11/105)        
2020-05-13T06:01:19.4110090Z remote: Compressing objects:  11% (12/105)        
2020-05-13T06:01:19.4110302Z remote: Compressing objects:  12% (13/105)        
2020-05-13T06:01:19.4110461Z remote: Compressing objects:  13% (14/105)        
2020-05-13T06:01:19.4110759Z remote: Compressing objects:  14% (15/105)        
2020-05-13T06:01:19.4111056Z remote: Compressing objects:  15% (16/105)        
2020-05-13T06:01:19.4111263Z remote: Compressing objects:  16% (17/105)        
2020-05-13T06:01:19.4111548Z remote: Compressing objects:  17% (18/105)        
2020-05-13T06:01:19.4111745Z remote: Compressing objects:  18% (19/105)        
2020-05-13T06:01:19.4111918Z remote: Compressing objects:  19% (20/105)        
2020-05-13T06:01:19.4112207Z remote: Compressing objects:  20% (21/105)        
2020-05-13T06:01:19.4112415Z remote: Compressing objects:  21% (23/105)        
2020-05-13T06:01:19.4112599Z remote: Compressing objects:  22% (24/105)        
2020-05-13T06:01:19.4112846Z remote: Compressing objects:  23% (25/105)        
2020-05-13T06:01:19.4113152Z remote: Compressing objects:  24% (26/105)        
2020-05-13T06:01:19.4113459Z remote: Compressing objects:  25% (27/105)        
2020-05-13T06:01:19.4113668Z remote: Compressing objects:  26% (28/105)        
2020-05-13T06:01:19.4113955Z remote: Compressing objects:  27% (29/105)        
2020-05-13T06:01:19.4114151Z remote: Compressing objects:  28% (30/105)        
2020-05-13T06:01:19.4114324Z remote: Compressing objects:  29% (31/105)        
2020-05-13T06:01:19.4114613Z remote: Compressing objects:  30% (32/105)        
2020-05-13T06:01:19.4114822Z remote: Compressing objects:  31% (33/105)        
2020-05-13T06:01:19.4114996Z remote: Compressing objects:  32% (34/105)        
2020-05-13T06:01:19.4115296Z remote: Compressing objects:  33% (35/105)        
2020-05-13T06:01:19.4115475Z remote: Compressing objects:  34% (36/105)        
2020-05-13T06:01:19.4115707Z remote: Compressing objects:  35% (37/105)        
2020-05-13T06:01:19.4115896Z remote: Compressing objects:  36% (38/105)        
2020-05-13T06:01:19.4116068Z remote: Compressing objects:  37% (39/105)        
2020-05-13T06:01:19.4116222Z remote: Compressing objects:  38% (40/105)        
2020-05-13T06:01:19.4116522Z remote: Compressing objects:  39% (41/105)        
2020-05-13T06:01:19.4116731Z remote: Compressing objects:  40% (42/105)        
2020-05-13T06:01:19.4117015Z remote: Compressing objects:  41% (44/105)        
2020-05-13T06:01:19.4117228Z remote: Compressing objects:  42% (45/105)        
2020-05-13T06:01:19.4117385Z remote: Compressing objects:  43% (46/105)        
2020-05-13T06:01:19.4117563Z remote: Compressing objects:  44% (47/105)        
2020-05-13T06:01:19.4120985Z remote: Compressing objects:  45% (48/105)        
2020-05-13T06:01:19.4121973Z remote: Compressing objects:  46% (49/105)        
2020-05-13T06:01:19.4122280Z remote: Compressing objects:  47% (50/105)        
2020-05-13T06:01:19.4122509Z remote: Compressing objects:  48% (51/105)        
2020-05-13T06:01:19.4122693Z remote: Compressing objects:  49% (52/105)        
2020-05-13T06:01:19.4122867Z remote: Compressing objects:  50% (53/105)        
2020-05-13T06:01:19.4123163Z remote: Compressing objects:  51% (54/105)        
2020-05-13T06:01:19.4123374Z remote: Compressing objects:  52% (55/105)        
2020-05-13T06:01:19.4123533Z remote: Compressing objects:  53% (56/105)        
2020-05-13T06:01:19.4123829Z remote: Compressing objects:  54% (57/105)        
2020-05-13T06:01:19.4124117Z remote: Compressing objects:  55% (58/105)        
2020-05-13T06:01:19.4124336Z remote: Compressing objects:  56% (59/105)        
2020-05-13T06:01:19.4124512Z remote: Compressing objects:  57% (60/105)        
2020-05-13T06:01:19.4124666Z remote: Compressing objects:  58% (61/105)        
2020-05-13T06:01:19.4124840Z remote: Compressing objects:  59% (62/105)        
2020-05-13T06:01:19.4125013Z remote: Compressing objects:  60% (63/105)        
2020-05-13T06:01:19.4125204Z remote: Compressing objects:  61% (65/105)        
2020-05-13T06:01:19.4125379Z remote: Compressing objects:  62% (66/105)        
2020-05-13T06:01:19.4125677Z remote: Compressing objects:  63% (67/105)        
2020-05-13T06:01:19.4125889Z remote: Compressing objects:  64% (68/105)        
2020-05-13T06:01:19.4126065Z remote: Compressing objects:  65% (69/105)        
2020-05-13T06:01:19.4126355Z remote: Compressing objects:  66% (70/105)        
2020-05-13T06:01:19.4126528Z remote: Compressing objects:  67% (71/105)        
2020-05-13T06:01:19.4126802Z remote: Compressing objects:  68% (72/105)        
2020-05-13T06:01:19.4127009Z remote: Compressing objects:  69% (73/105)        
2020-05-13T06:01:19.4127180Z remote: Compressing objects:  70% (74/105)        
2020-05-13T06:01:19.4127470Z remote: Compressing objects:  71% (75/105)        
2020-05-13T06:01:19.4127681Z remote: Compressing objects:  72% (76/105)        
2020-05-13T06:01:19.4127840Z remote: Compressing objects:  73% (77/105)        
2020-05-13T06:01:19.4128315Z remote: Compressing objects:  74% (78/105)        
2020-05-13T06:01:19.4128492Z remote: Compressing objects:  75% (79/105)        
2020-05-13T06:01:19.4128780Z remote: Compressing objects:  76% (80/105)        
2020-05-13T06:01:19.4129072Z remote: Compressing objects:  77% (81/105)        
2020-05-13T06:01:19.4129266Z remote: Compressing objects:  78% (82/105)        
2020-05-13T06:01:19.4129441Z remote: Compressing objects:  79% (83/105)        
2020-05-13T06:01:19.4129614Z remote: Compressing objects:  80% (84/105)        
2020-05-13T06:01:19.4129906Z remote: Compressing objects:  81% (86/105)        
2020-05-13T06:01:19.4130127Z remote: Compressing objects:  82% (87/105)        
2020-05-13T06:01:19.4130286Z remote: Compressing objects:  83% (88/105)        
2020-05-13T06:01:19.4130458Z remote: Compressing objects:  84% (89/105)        
2020-05-13T06:01:19.4130633Z remote: Compressing objects:  85% (90/105)        
2020-05-13T06:01:19.4131000Z remote: Compressing objects:  86% (91/105)        
2020-05-13T06:01:19.4131316Z remote: Compressing objects:  87% (92/105)        
2020-05-13T06:01:19.4131515Z remote: Compressing objects:  88% (93/105)        
2020-05-13T06:01:19.4131689Z remote: Compressing objects:  89% (94/105)        
2020-05-13T06:01:19.4131978Z remote: Compressing objects:  90% (95/105)        
2020-05-13T06:01:19.4132286Z remote: Compressing objects:  91% (96/105)        
2020-05-13T06:01:19.4132600Z remote: Compressing objects:  92% (97/105)        
2020-05-13T06:01:19.4132762Z remote: Compressing objects:  93% (98/105)        
2020-05-13T06:01:19.4133060Z remote: Compressing objects:  94% (99/105)        
2020-05-13T06:01:19.4133237Z remote: Compressing objects:  95% (100/105)        
2020-05-13T06:01:19.4133527Z remote: Compressing objects:  96% (101/105)        
2020-05-13T06:01:19.4133829Z remote: Compressing objects:  97% (102/105)        
2020-05-13T06:01:19.4134028Z remote: Compressing objects:  98% (103/105)        
2020-05-13T06:01:19.4134214Z remote: Compressing objects:  99% (104/105)        
2020-05-13T06:01:19.4134398Z remote: Compressing objects: 100% (105/105)        
2020-05-13T06:01:19.4135082Z remote: Compressing objects: 100% (105/105), done.        
2020-05-13T06:01:19.4135393Z Receiving objects:   0% (1/1050)
2020-05-13T06:01:19.4135944Z Receiving objects:   1% (11/1050)
2020-05-13T06:01:19.4136123Z Receiving objects:   2% (21/1050)
2020-05-13T06:01:19.4136429Z Receiving objects:   3% (32/1050)
2020-05-13T06:01:19.4136597Z Receiving objects:   4% (42/1050)
2020-05-13T06:01:19.4136880Z Receiving objects:   5% (53/1050)
2020-05-13T06:01:19.4137067Z Receiving objects:   6% (63/1050)
2020-05-13T06:01:19.4137233Z Receiving objects:   7% (74/1050)
2020-05-13T06:01:19.4137515Z Receiving objects:   8% (84/1050)
2020-05-13T06:01:19.4137818Z Receiving objects:   9% (95/1050)
2020-05-13T06:01:19.4138117Z Receiving objects:  10% (105/1050)
2020-05-13T06:01:19.4138361Z Receiving objects:  11% (116/1050)
2020-05-13T06:01:19.4138531Z Receiving objects:  12% (126/1050)
2020-05-13T06:01:19.4138848Z Receiving objects:  13% (137/1050)
2020-05-13T06:01:19.4139054Z Receiving objects:  14% (147/1050)
2020-05-13T06:01:19.4139225Z Receiving objects:  15% (158/1050)
2020-05-13T06:01:19.4139376Z Receiving objects:  16% (168/1050)
2020-05-13T06:01:19.4139664Z Receiving objects:  17% (179/1050)
2020-05-13T06:01:19.4140512Z Receiving objects:  18% (189/1050)
2020-05-13T06:01:19.4140706Z Receiving objects:  19% (200/1050)
2020-05-13T06:01:19.4140891Z Receiving objects:  20% (210/1050)
2020-05-13T06:01:19.4141236Z Receiving objects:  21% (221/1050)
2020-05-13T06:01:19.4141443Z Receiving objects:  22% (231/1050)
2020-05-13T06:01:19.4141595Z Receiving objects:  23% (242/1050)
2020-05-13T06:01:19.4141882Z Receiving objects:  24% (252/1050)
2020-05-13T06:01:19.4142088Z Receiving objects:  25% (263/1050)
2020-05-13T06:01:19.4142255Z Receiving objects:  26% (273/1050)
2020-05-13T06:01:19.4142404Z Receiving objects:  27% (284/1050)
2020-05-13T06:01:19.4142693Z Receiving objects:  28% (294/1050)
2020-05-13T06:01:19.4143153Z Receiving objects:  29% (305/1050)
2020-05-13T06:01:19.4143356Z Receiving objects:  30% (315/1050)
2020-05-13T06:01:19.4143522Z Receiving objects:  31% (326/1050)
2020-05-13T06:01:19.4143795Z Receiving objects:  32% (336/1050)
2020-05-13T06:01:19.4144003Z Receiving objects:  33% (347/1050)
2020-05-13T06:01:19.4144171Z Receiving objects:  34% (357/1050)
2020-05-13T06:01:19.4144336Z Receiving objects:  35% (368/1050)
2020-05-13T06:01:19.4144624Z Receiving objects:  36% (378/1050)
2020-05-13T06:01:19.4144811Z Receiving objects:  37% (389/1050)
2020-05-13T06:01:19.4144984Z Receiving objects:  38% (399/1050)
2020-05-13T06:01:19.4145270Z Receiving objects:  39% (410/1050)
2020-05-13T06:01:19.4145470Z Receiving objects:  40% (420/1050)
2020-05-13T06:01:19.4145637Z Receiving objects:  41% (431/1050)
2020-05-13T06:01:19.4145907Z Receiving objects:  42% (441/1050)
2020-05-13T06:01:19.4146201Z Receiving objects:  43% (452/1050)
2020-05-13T06:01:19.4146401Z Receiving objects:  44% (462/1050)
2020-05-13T06:01:19.4146752Z Receiving objects:  45% (473/1050)
2020-05-13T06:01:19.4147063Z Receiving objects:  46% (483/1050)
2020-05-13T06:01:19.4147290Z Receiving objects:  47% (494/1050)
2020-05-13T06:01:19.4147459Z Receiving objects:  48% (504/1050)
2020-05-13T06:01:19.4147624Z Receiving objects:  49% (515/1050)
2020-05-13T06:01:19.4147918Z Receiving objects:  50% (525/1050)
2020-05-13T06:01:19.4148090Z Receiving objects:  51% (536/1050)
2020-05-13T06:01:19.4148364Z Receiving objects:  52% (546/1050)
2020-05-13T06:01:19.4148561Z Receiving objects:  53% (557/1050)
2020-05-13T06:01:19.4148845Z Receiving objects:  54% (567/1050)
2020-05-13T06:01:19.4149046Z Receiving objects:  55% (578/1050)
2020-05-13T06:01:19.4149216Z Receiving objects:  56% (588/1050)
2020-05-13T06:01:19.4149485Z Receiving objects:  57% (599/1050)
2020-05-13T06:01:19.4149790Z Receiving objects:  58% (609/1050)
2020-05-13T06:01:19.4150065Z Receiving objects:  59% (620/1050)
2020-05-13T06:01:19.4150261Z Receiving objects:  60% (630/1050)
2020-05-13T06:01:19.4150433Z Receiving objects:  61% (641/1050)
2020-05-13T06:01:19.4150726Z Receiving objects:  62% (651/1050)
2020-05-13T06:01:19.4151665Z remote: Total 1050 (delta 142), reused 145 (delta 104), pack-reused 819        
2020-05-13T06:01:19.4152005Z Receiving objects:  63% (662/1050)
2020-05-13T06:01:19.4152212Z Receiving objects:  64% (672/1050)
2020-05-13T06:01:19.4152381Z Receiving objects:  65% (683/1050)
2020-05-13T06:01:19.4152655Z Receiving objects:  66% (693/1050)
2020-05-13T06:01:19.4152955Z Receiving objects:  67% (704/1050)
2020-05-13T06:01:19.4153225Z Receiving objects:  68% (714/1050)
2020-05-13T06:01:19.4153397Z Receiving objects:  69% (725/1050)
2020-05-13T06:01:19.4153565Z Receiving objects:  70% (735/1050)
2020-05-13T06:01:19.4153845Z Receiving objects:  71% (746/1050)
2020-05-13T06:01:19.4154047Z Receiving objects:  72% (756/1050)
2020-05-13T06:01:19.4154217Z Receiving objects:  73% (767/1050)
2020-05-13T06:01:19.4154502Z Receiving objects:  74% (777/1050)
2020-05-13T06:01:19.4154737Z Receiving objects:  75% (788/1050)
2020-05-13T06:01:19.4154893Z Receiving objects:  76% (798/1050)
2020-05-13T06:01:19.4155183Z Receiving objects:  77% (809/1050)
2020-05-13T06:01:19.4155467Z Receiving objects:  78% (819/1050)
2020-05-13T06:01:19.4155672Z Receiving objects:  79% (830/1050)
2020-05-13T06:01:19.4155840Z Receiving objects:  80% (840/1050)
2020-05-13T06:01:19.4155991Z Receiving objects:  81% (851/1050)
2020-05-13T06:01:19.4156279Z Receiving objects:  82% (861/1050)
2020-05-13T06:01:19.4156488Z Receiving objects:  83% (872/1050)
2020-05-13T06:01:19.4156657Z Receiving objects:  84% (882/1050)
2020-05-13T06:01:19.4156810Z Receiving objects:  85% (893/1050)
2020-05-13T06:01:19.4156977Z Receiving objects:  86% (903/1050)
2020-05-13T06:01:19.4157144Z Receiving objects:  87% (914/1050)
2020-05-13T06:01:19.4157309Z Receiving objects:  88% (924/1050)
2020-05-13T06:01:19.4157461Z Receiving objects:  89% (935/1050)
2020-05-13T06:01:19.4157625Z Receiving objects:  90% (945/1050)
2020-05-13T06:01:19.4158067Z Receiving objects:  91% (956/1050)
2020-05-13T06:01:19.4158235Z Receiving objects:  92% (966/1050)
2020-05-13T06:01:19.4158522Z Receiving objects:  93% (977/1050)
2020-05-13T06:01:19.4158830Z Receiving objects:  94% (987/1050)
2020-05-13T06:01:19.4158999Z Receiving objects:  95% (998/1050)
2020-05-13T06:01:19.4159220Z Receiving objects:  96% (1008/1050)
2020-05-13T06:01:19.4159390Z Receiving objects:  97% (1019/1050)
2020-05-13T06:01:19.4160257Z Receiving objects:  98% (1029/1050)
2020-05-13T06:01:19.4161008Z Receiving objects:  99% (1040/1050)
2020-05-13T06:01:19.4161321Z Receiving objects: 100% (1050/1050)
2020-05-13T06:01:19.4161609Z Receiving objects: 100% (1050/1050), 187.35 KiB | 26.76 MiB/s, done.
2020-05-13T06:01:19.4161791Z Resolving deltas:   0% (0/412)
2020-05-13T06:01:19.4161942Z Resolving deltas:   1% (5/412)
2020-05-13T06:01:19.4162239Z Resolving deltas:   3% (13/412)
2020-05-13T06:01:19.4162406Z Resolving deltas:   4% (20/412)
2020-05-13T06:01:19.4162693Z Resolving deltas:   5% (21/412)
2020-05-13T06:01:19.4163038Z Resolving deltas:   6% (25/412)
2020-05-13T06:01:19.4163198Z Resolving deltas:   7% (30/412)
2020-05-13T06:01:19.4163490Z Resolving deltas:   8% (33/412)
2020-05-13T06:01:19.4163697Z Resolving deltas:   9% (38/412)
2020-05-13T06:01:19.4163862Z Resolving deltas:  10% (42/412)
2020-05-13T06:01:19.4164029Z Resolving deltas:  12% (50/412)
2020-05-13T06:01:19.4164302Z Resolving deltas:  13% (56/412)
2020-05-13T06:01:19.4164498Z Resolving deltas:  14% (58/412)
2020-05-13T06:01:19.4164664Z Resolving deltas:  16% (67/412)
2020-05-13T06:01:19.4164949Z Resolving deltas:  20% (84/412)
2020-05-13T06:01:19.4165158Z Resolving deltas:  22% (92/412)
2020-05-13T06:01:19.4165309Z Resolving deltas:  23% (97/412)
2020-05-13T06:01:19.4165591Z Resolving deltas:  25% (105/412)
2020-05-13T06:01:19.4165875Z Resolving deltas:  26% (109/412)
2020-05-13T06:01:19.4166078Z Resolving deltas:  30% (127/412)
2020-05-13T06:01:19.4166230Z Resolving deltas:  34% (143/412)
2020-05-13T06:01:19.4166524Z Resolving deltas:  35% (147/412)
2020-05-13T06:01:19.4166819Z Resolving deltas:  36% (149/412)
2020-05-13T06:01:19.4167046Z Resolving deltas:  37% (156/412)
2020-05-13T06:01:19.4167215Z Resolving deltas:  38% (158/412)
2020-05-13T06:01:19.4167481Z Resolving deltas:  39% (164/412)
2020-05-13T06:01:19.4167685Z Resolving deltas:  40% (165/412)
2020-05-13T06:01:19.4167850Z Resolving deltas:  48% (198/412)
2020-05-13T06:01:19.4168129Z Resolving deltas:  50% (209/412)
2020-05-13T06:01:19.4168331Z Resolving deltas:  53% (222/412)
2020-05-13T06:01:19.4168481Z Resolving deltas:  54% (226/412)
2020-05-13T06:01:19.4168760Z Resolving deltas:  55% (228/412)
2020-05-13T06:01:19.4168961Z Resolving deltas:  56% (234/412)
2020-05-13T06:01:19.4169130Z Resolving deltas:  57% (236/412)
2020-05-13T06:01:19.4169411Z Resolving deltas:  58% (242/412)
2020-05-13T06:01:19.4169682Z Resolving deltas:  59% (244/412)
2020-05-13T06:01:19.4169882Z Resolving deltas:  60% (248/412)
2020-05-13T06:01:19.4170050Z Resolving deltas:  62% (258/412)
2020-05-13T06:01:19.4170355Z Resolving deltas:  64% (264/412)
2020-05-13T06:01:19.4170563Z Resolving deltas:  67% (280/412)
2020-05-13T06:01:19.4170713Z Resolving deltas:  68% (283/412)
2020-05-13T06:01:19.4170998Z Resolving deltas:  72% (297/412)
2020-05-13T06:01:19.4171201Z Resolving deltas:  77% (320/412)
2020-05-13T06:01:19.4171369Z Resolving deltas:  79% (327/412)
2020-05-13T06:01:19.4171654Z Resolving deltas:  82% (340/412)
2020-05-13T06:01:19.4171840Z Resolving deltas:  90% (374/412)
2020-05-13T06:01:19.4172009Z Resolving deltas:  91% (376/412)
2020-05-13T06:01:19.4172288Z Resolving deltas:  92% (383/412)
2020-05-13T06:01:19.4172495Z Resolving deltas:  93% (385/412)
2020-05-13T06:01:19.4172645Z Resolving deltas:  94% (389/412)
2020-05-13T06:01:19.4172810Z Resolving deltas:  95% (394/412)
2020-05-13T06:01:19.4173096Z Resolving deltas:  96% (398/412)
2020-05-13T06:01:19.4173296Z Resolving deltas:  97% (400/412)
2020-05-13T06:01:19.4173581Z Resolving deltas:  98% (406/412)
2020-05-13T06:01:19.4173781Z Resolving deltas:  99% (410/412)
2020-05-13T06:01:19.4174038Z Resolving deltas: 100% (412/412)
2020-05-13T06:01:19.4174334Z Resolving deltas: 100% (412/412), done.
2020-05-13T06:01:19.4174598Z From https://github.com/thunder/select2
2020-05-13T06:01:19.4175301Z  * [new branch]      8.x-1.x             -> origin/8.x-1.x
2020-05-13T06:01:19.4175804Z  * [new branch]      featu/select-all    -> origin/featu/select-all
2020-05-13T06:01:19.4176325Z  * [new branch]      feature/2998871-bef -> origin/feature/2998871-bef
2020-05-13T06:01:19.4176840Z  * [new branch]      feature/3000623     -> origin/feature/3000623
2020-05-13T06:01:19.4177379Z  * [new branch]      feature/3007333-style-arrow -> origin/feature/3007333-style-arrow
2020-05-13T06:01:19.4177885Z  * [new tag]         8.x-1.0             -> 8.x-1.0
2020-05-13T06:01:19.4178383Z  * [new tag]         8.x-1.0-beta1       -> 8.x-1.0-beta1
2020-05-13T06:01:19.4178790Z  * [new tag]         8.x-1.0-beta2       -> 8.x-1.0-beta2
2020-05-13T06:01:19.4179232Z  * [new tag]         8.x-1.0-beta3       -> 8.x-1.0-beta3
2020-05-13T06:01:19.4179780Z  * [new tag]         8.x-1.0-beta4       -> 8.x-1.0-beta4
2020-05-13T06:01:19.4180280Z  * [new tag]         8.x-1.0-beta5       -> 8.x-1.0-beta5
2020-05-13T06:01:19.4180780Z  * [new tag]         8.x-1.0-beta6       -> 8.x-1.0-beta6
2020-05-13T06:01:19.4181280Z  * [new tag]         8.x-1.0-beta7       -> 8.x-1.0-beta7
2020-05-13T06:01:19.4181755Z  * [new tag]         8.x-1.1             -> 8.x-1.1
2020-05-13T06:01:19.4182245Z  * [new tag]         8.x-1.2             -> 8.x-1.2
2020-05-13T06:01:19.4182735Z  * [new tag]         8.x-1.3             -> 8.x-1.3
2020-05-13T06:01:19.4183220Z  * [new tag]         8.x-1.4             -> 8.x-1.4
2020-05-13T06:01:19.4183708Z  * [new tag]         8.x-1.5             -> 8.x-1.5
2020-05-13T06:01:19.4184286Z  * [new tag]         8.x-1.6             -> 8.x-1.6
2020-05-13T06:01:19.4184925Z ##[command]git checkout --progress --force 5ab645e052b93eb026b50edb497c5e18eaf0bc43
2020-05-13T06:01:19.4185325Z Note: switching to '5ab645e052b93eb026b50edb497c5e18eaf0bc43'.
2020-05-13T06:01:19.4185578Z 
2020-05-13T06:01:19.4186096Z You are in 'detached HEAD' state. You can look around, make experimental
2020-05-13T06:01:19.4186423Z changes and commit them, and you can discard any commits you make in this
2020-05-13T06:01:19.4186953Z state without impacting any branches by switching back to a branch.
2020-05-13T06:01:19.4187071Z 
2020-05-13T06:01:19.4187350Z If you want to create a new branch to retain commits you create, you may
2020-05-13T06:01:19.4187862Z do so (now or later) by using -c with the switch command. Example:
2020-05-13T06:01:19.4188102Z 
2020-05-13T06:01:19.4188455Z   git switch -c <new-branch-name>
2020-05-13T06:01:19.4188568Z 
2020-05-13T06:01:19.4188856Z Or undo this operation with:
2020-05-13T06:01:19.4188980Z 
2020-05-13T06:01:19.4189428Z   git switch -
2020-05-13T06:01:19.4189555Z 
2020-05-13T06:01:19.4189738Z Turn off this advice by setting config variable advice.detachedHead to false
2020-05-13T06:01:19.4191032Z 
2020-05-13T06:01:19.4191266Z HEAD is now at 5ab645e Issue #3087379 by angela_G, chr.fritsch, mbovan, Berdir, volkerk: Drupal 9 Deprecated Code Report
2020-05-13T06:01:19.4250309Z ##[group]Run actions/setup-node@v1
2020-05-13T06:01:19.4250505Z with:
2020-05-13T06:01:19.4250654Z   node-version: 12.x
2020-05-13T06:01:19.4250823Z   always-auth: false
2020-05-13T06:01:19.4250984Z env:
2020-05-13T06:01:19.4251143Z   DRUPAL_TESTING_TEST_CODING_STYLES: false
2020-05-13T06:01:19.4251298Z   DRUPAL_TESTING_DATABASE_USER: root
2020-05-13T06:01:19.4251462Z   DRUPAL_TESTING_DATABASE_PASSWORD: root
2020-05-13T06:01:19.4251625Z   DRUPAL_TESTING_DATABASE_ENGINE: mysql
2020-05-13T06:01:19.4251785Z ##[endgroup]
2020-05-13T06:01:20.1834798Z [command]/bin/tar xz --warning=no-unknown-keyword -C /home/runner/work/_temp/8e7c44bf-32ed-4c41-ad83-3e887b3b79f5 -f /home/runner/work/_temp/4a50b3c6-5563-4635-a60f-6ad46b33c92e
2020-05-13T06:01:22.5118629Z [command]/opt/hostedtoolcache/node/12.16.3/x64/bin/node --version
2020-05-13T06:01:22.5185531Z v12.16.3
2020-05-13T06:01:22.5196618Z [command]/opt/hostedtoolcache/node/12.16.3/x64/bin/npm --version
2020-05-13T06:01:22.6642644Z 6.14.4
2020-05-13T06:01:22.6808111Z ##[group]Run shivammathur/setup-php@master
2020-05-13T06:01:22.6808268Z with:
2020-05-13T06:01:22.6808385Z   coverage: none
2020-05-13T06:01:22.6808480Z   php-version: 7.3
2020-05-13T06:01:22.6808594Z env:
2020-05-13T06:01:22.6808706Z   DRUPAL_TESTING_TEST_CODING_STYLES: false
2020-05-13T06:01:22.6808822Z   DRUPAL_TESTING_DATABASE_USER: root
2020-05-13T06:01:22.6808938Z   DRUPAL_TESTING_DATABASE_PASSWORD: root
2020-05-13T06:01:22.6809038Z   DRUPAL_TESTING_DATABASE_ENGINE: mysql
2020-05-13T06:01:22.6809151Z ##[endgroup]
2020-05-13T06:01:22.7286865Z [command]/bin/bash /opt/hostedtoolcache/linux.sh 7.3 /home/runner/work/_actions/shivammathur/setup-php/master/dist
2020-05-13T06:01:22.8224291Z 
2020-05-13T06:01:22.8225629Z [90;1m==> [0m[37;1mSetup PHP[0m
2020-05-13T06:01:23.9328270Z [32;1m✓ [0m[34;1mPHP [0m[90;1mSwitched to PHP 7.3.17[0m
2020-05-13T06:01:23.9336614Z 
2020-05-13T06:01:23.9339033Z [90;1m==> [0m[37;1mSetup Tools[0m
2020-05-13T06:01:24.5627390Z [32;1m✓ [0m[34;1mcomposer [0m[90;1mAdded[0m
2020-05-13T06:01:24.5628606Z 
2020-05-13T06:01:24.5629283Z [90;1m==> [0m[37;1mSetup Coverage[0m
2020-05-13T06:01:24.8819528Z [32;1m✓ [0m[34;1mnone [0m[90;1mDisabled Xdebug and PCOV[0m
2020-05-13T06:01:24.8986753Z ##[group]Run sudo /etc/init.d/mysql start
2020-05-13T06:01:24.8987135Z [36;1msudo /etc/init.d/mysql start[0m
2020-05-13T06:01:24.9028182Z shell: /bin/bash -e {0}
2020-05-13T06:01:24.9028323Z env:
2020-05-13T06:01:24.9028428Z   DRUPAL_TESTING_TEST_CODING_STYLES: false
2020-05-13T06:01:24.9028549Z   DRUPAL_TESTING_DATABASE_USER: root
2020-05-13T06:01:24.9028868Z   DRUPAL_TESTING_DATABASE_PASSWORD: root
2020-05-13T06:01:24.9029093Z   DRUPAL_TESTING_DATABASE_ENGINE: mysql
2020-05-13T06:01:24.9029194Z ##[endgroup]
2020-05-13T06:01:28.0678606Z Starting mysql (via systemctl): mysql.service.
2020-05-13T06:01:28.1709414Z ##[group]Run actions/cache@v1
2020-05-13T06:01:28.1709615Z with:
2020-05-13T06:01:28.1709759Z   path: ~/.composer/cache
2020-05-13T06:01:28.1709914Z   key: Linux-composer-cache-dc3b128f45a0fb1aae635f9251cc540da9b67db9610f8f3b45be7d37754dc345
2020-05-13T06:01:28.1710071Z   restore-keys: Linux-composer-cache-
2020-05-13T06:01:28.1710229Z env:
2020-05-13T06:01:28.1710329Z   DRUPAL_TESTING_TEST_CODING_STYLES: false
2020-05-13T06:01:28.1710507Z   DRUPAL_TESTING_DATABASE_USER: root
2020-05-13T06:01:28.1710649Z   DRUPAL_TESTING_DATABASE_PASSWORD: root
2020-05-13T06:01:28.1710786Z   DRUPAL_TESTING_DATABASE_ENGINE: mysql
2020-05-13T06:01:28.1710884Z ##[endgroup]
2020-05-13T06:01:28.2377624Z [warning]Event Validation Error: The event type schedule is not supported. Only push, pull_request events are supported at this time.
2020-05-13T06:01:28.2441859Z ##[group]Run actions/cache@v1
2020-05-13T06:01:28.2442019Z with:
2020-05-13T06:01:28.2442153Z   path: ~/.npm
2020-05-13T06:01:28.2442243Z   key: Linux-npm-cache
2020-05-13T06:01:28.2442405Z   restore-keys: Linux-npm-cache
2020-05-13T06:01:28.2442563Z env:
2020-05-13T06:01:28.2442691Z   DRUPAL_TESTING_TEST_CODING_STYLES: false
2020-05-13T06:01:28.2442785Z   DRUPAL_TESTING_DATABASE_USER: root
2020-05-13T06:01:28.2442916Z   DRUPAL_TESTING_DATABASE_PASSWORD: root
2020-05-13T06:01:28.2443043Z   DRUPAL_TESTING_DATABASE_ENGINE: mysql
2020-05-13T06:01:28.2443174Z ##[endgroup]
2020-05-13T06:01:28.2910677Z [warning]Event Validation Error: The event type schedule is not supported. Only push, pull_request events are supported at this time.
2020-05-13T06:01:28.2997430Z ##[group]Run echo "::add-path::$HOME/.composer/vendor/bin"
2020-05-13T06:01:28.2997675Z [36;1mecho "::add-path::$HOME/.composer/vendor/bin"[0m
2020-05-13T06:01:28.3044583Z shell: /bin/bash -e {0}
2020-05-13T06:01:28.3044739Z env:
2020-05-13T06:01:28.3044881Z   DRUPAL_TESTING_TEST_CODING_STYLES: false
2020-05-13T06:01:28.3044977Z   DRUPAL_TESTING_DATABASE_USER: root
2020-05-13T06:01:28.3045119Z   DRUPAL_TESTING_DATABASE_PASSWORD: root
2020-05-13T06:01:28.3045387Z   DRUPAL_TESTING_DATABASE_ENGINE: mysql
2020-05-13T06:01:28.3046529Z ##[endgroup]
2020-05-13T06:01:28.3257386Z ##[group]Run composer global require thunder/drupal-testing
2020-05-13T06:01:28.3257535Z [36;1mcomposer global require thunder/drupal-testing[0m
2020-05-13T06:01:28.3308530Z shell: /bin/bash -e {0}
2020-05-13T06:01:28.3308658Z env:
2020-05-13T06:01:28.3308766Z   DRUPAL_TESTING_TEST_CODING_STYLES: false
2020-05-13T06:01:28.3308861Z   DRUPAL_TESTING_DATABASE_USER: root
2020-05-13T06:01:28.3308969Z   DRUPAL_TESTING_DATABASE_PASSWORD: root
2020-05-13T06:01:28.3309076Z   DRUPAL_TESTING_DATABASE_ENGINE: mysql
2020-05-13T06:01:28.3309181Z ##[endgroup]
2020-05-13T06:01:28.4021990Z Changed current directory to /home/runner/.composer
2020-05-13T06:01:45.7361481Z Using version ^1.0 for thunder/drupal-testing
2020-05-13T06:01:45.7371511Z ./composer.json has been updated
2020-05-13T06:01:45.8549681Z Loading composer repositories with package information
2020-05-13T06:01:46.2017096Z Updating dependencies (including require-dev)
2020-05-13T06:01:47.8381650Z Package operations: 6 installs, 0 updates, 0 removals
2020-05-13T06:01:47.9725623Z   - Installing squizlabs/php_codesniffer (3.5.5): Downloading (connecting...)Downloading (0%)           Downloading (5%)Downloading (10%)Downloading (15%)Downloading (20%)Downloading (25%)Downloading (30%)Downloading (35%)Downloading (40%)Downloading (45%)Downloading (50%)Downloading (55%)Downloading (60%)Downloading (65%)Downloading (70%)Downloading (75%)Downloading (80%)Downloading (85%)Downloading (90%)Downloading (95%)Downloading (100%)
2020-05-13T06:01:48.2120801Z   - Installing dealerdirect/phpcodesniffer-composer-installer (v0.4.4): Downloading (connecting...)Downloading (0%)           Downloading (55%)Downloading (100%)
2020-05-13T06:01:48.3344638Z   - Installing symfony/polyfill-ctype (v1.17.0): Downloading (connecting...)Downloading (0%)           Downloading (100%)
2020-05-13T06:01:48.3908929Z   - Installing symfony/yaml (v3.4.40): Downloading (connecting...)Downloading (0%)           Downloading (5%)Downloading (10%)Downloading (35%)Downloading (40%)Downloading (45%)Downloading (50%)Downloading (60%)Downloading (65%)Downloading (70%)Downloading (75%)Downloading (80%)Downloading (100%)
2020-05-13T06:01:50.4396464Z   - Installing drupal/coder (8.3.9): Cloning d51e0b8c65 from cache
2020-05-13T06:01:50.7677885Z   - Installing thunder/drupal-testing (1.0.6): Downloading (connecting...)Downloading (100%)         
2020-05-13T06:01:51.0354439Z dealerdirect/phpcodesniffer-composer-installer suggests installing dealerdirect/qa-tools (All the PHP QA tools you'll need)
2020-05-13T06:01:51.0355377Z symfony/yaml suggests installing symfony/console (For validating YAML files using the lint command)
2020-05-13T06:01:51.0390342Z Writing lock file
2020-05-13T06:01:51.0390907Z Generating autoload files
2020-05-13T06:01:51.0391474Z 2 packages you are using are looking for funding.
2020-05-13T06:01:51.0392052Z Use the `composer fund` command to find out more!
2020-05-13T06:01:51.0435610Z PHP CodeSniffer Config installed_paths set to /home/runner/.composer/vendor/drupal/coder/coder_sniffer
2020-05-13T06:01:51.1356353Z ##[group]Run test-drupal-project coding_style
2020-05-13T06:01:51.1356673Z [36;1mtest-drupal-project coding_style[0m
2020-05-13T06:01:51.1407379Z shell: /bin/bash -e {0}
2020-05-13T06:01:51.1407493Z env:
2020-05-13T06:01:51.1407669Z   DRUPAL_TESTING_TEST_CODING_STYLES: false
2020-05-13T06:01:51.1407789Z   DRUPAL_TESTING_DATABASE_USER: root
2020-05-13T06:01:51.1407908Z   DRUPAL_TESTING_DATABASE_PASSWORD: root
2020-05-13T06:01:51.1408014Z   DRUPAL_TESTING_DATABASE_ENGINE: mysql
2020-05-13T06:01:51.1408130Z ##[endgroup]
2020-05-13T06:01:51.4985783Z ##[group]Run test-drupal-project prepare_build
2020-05-13T06:01:51.4985998Z [36;1mtest-drupal-project prepare_build[0m
2020-05-13T06:01:51.5022153Z shell: /bin/bash -e {0}
2020-05-13T06:01:51.5022255Z env:
2020-05-13T06:01:51.5022368Z   DRUPAL_TESTING_TEST_CODING_STYLES: false
2020-05-13T06:01:51.5022477Z   DRUPAL_TESTING_DATABASE_USER: root
2020-05-13T06:01:51.5022588Z   DRUPAL_TESTING_DATABASE_PASSWORD: root
2020-05-13T06:01:51.5022682Z   DRUPAL_TESTING_DATABASE_ENGINE: mysql
2020-05-13T06:01:51.5022790Z   DRUPAL_TESTING_DRUPAL_VERSION: ~8.8.0
2020-05-13T06:01:51.5022909Z ##[endgroup]
2020-05-13T06:01:51.5663909Z Check requirements
2020-05-13T06:01:51.5664486Z 
2020-05-13T06:01:51.5944016Z Prepare composer.json
2020-05-13T06:01:51.5944824Z 
2020-05-13T06:01:51.7178811Z Creating a "drupal/recommended-project:*" project at "/tmp/test/select2/install"
2020-05-13T06:01:52.9872109Z Installing drupal/recommended-project (8.8.5)
2020-05-13T06:01:53.0482029Z   - Installing drupal/recommended-project (8.8.5): Downloading (connecting...)Downloading (100%)         
2020-05-13T06:01:53.2851610Z Created project in /tmp/test/select2/install
2020-05-13T06:01:56.4158421Z ./composer.json has been updated
2020-05-13T06:01:58.8832410Z ./composer.json has been updated
2020-05-13T06:02:00.8648524Z ./composer.json has been updated
2020-05-13T06:02:03.3062838Z Using version ^1.1 for oomphinc/composer-installers-extender
2020-05-13T06:02:03.3089340Z ./composer.json has been updated
2020-05-13T06:02:05.2237422Z ./composer.json has been updated
2020-05-13T06:02:07.2008530Z ./composer.json has been updated
2020-05-13T06:02:08.9050538Z ./composer.json has been updated
2020-05-13T06:02:12.7629097Z Using version ^1.6 for cweagans/composer-patches
2020-05-13T06:02:12.7643966Z ./composer.json has been updated
2020-05-13T06:02:13.3310788Z drupal/select2 is not required in your composer.json and has not been removed
2020-05-13T06:02:15.3961057Z ./composer.json has been updated
2020-05-13T06:02:17.3213544Z ./composer.json has been updated
2020-05-13T06:02:19.4154887Z ./composer.json has been updated
2020-05-13T06:02:21.8481008Z ./composer.json has been updated
2020-05-13T06:02:21.8625008Z ##[group]Run composer require npm-asset/select2:^4.0.7 --working-dir=/tmp/test/select2/install --no-update
2020-05-13T06:02:21.8625234Z [36;1mcomposer require npm-asset/select2:^4.0.7 --working-dir=/tmp/test/select2/install --no-update[0m
2020-05-13T06:02:21.8665120Z shell: /bin/bash -e {0}
2020-05-13T06:02:21.8665223Z env:
2020-05-13T06:02:21.8665334Z   DRUPAL_TESTING_TEST_CODING_STYLES: false
2020-05-13T06:02:21.8665456Z   DRUPAL_TESTING_DATABASE_USER: root
2020-05-13T06:02:21.8665563Z   DRUPAL_TESTING_DATABASE_PASSWORD: root
2020-05-13T06:02:21.8665667Z   DRUPAL_TESTING_DATABASE_ENGINE: mysql
2020-05-13T06:02:21.8665760Z ##[endgroup]
2020-05-13T06:02:24.4674872Z ./composer.json has been updated
2020-05-13T06:02:24.4778854Z ##[group]Run test-drupal-project build
2020-05-13T06:02:24.4779022Z [36;1mtest-drupal-project build[0m
2020-05-13T06:02:24.4823090Z shell: /bin/bash -e {0}
2020-05-13T06:02:24.4823194Z env:
2020-05-13T06:02:24.4823321Z   DRUPAL_TESTING_TEST_CODING_STYLES: false
2020-05-13T06:02:24.4823442Z   DRUPAL_TESTING_DATABASE_USER: root
2020-05-13T06:02:24.4823561Z   DRUPAL_TESTING_DATABASE_PASSWORD: root
2020-05-13T06:02:24.4823662Z   DRUPAL_TESTING_DATABASE_ENGINE: mysql
2020-05-13T06:02:24.4823773Z ##[endgroup]
2020-05-13T06:02:24.7326478Z Building the project.
2020-05-13T06:02:24.7327237Z 
2020-05-13T06:02:24.9440011Z Loading composer repositories with package information
2020-05-13T06:02:26.0866055Z Updating dependencies (including require-dev)
2020-05-13T06:02:58.4060912Z Package operations: 143 installs, 0 updates, 0 removals
2020-05-13T06:02:58.4787443Z   - Installing cweagans/composer-patches (1.6.7): Downloading (connecting...)Downloading (0%)           Downloading (50%)Downloading (65%)Downloading (100%)
2020-05-13T06:02:58.5006397Z No patches supplied.
2020-05-13T06:02:58.5007365Z Gathering patches for dependencies. This might take a minute.
2020-05-13T06:02:58.5393756Z   - Installing composer/installers (v1.7.0): Downloading (connecting...)Downloading (0%)           Downloading (5%)Downloading (10%)Downloading (30%)Downloading (35%)Downloading (40%)Downloading (45%)Downloading (50%)Downloading (55%)Downloading (60%)Downloading (65%)Downloading (100%)
2020-05-13T06:02:58.6394436Z   - Installing drupal/core-composer-scaffold (8.8.5): Downloading (connecting...)Downloading (0%)           Downloading (15%)Downloading (25%)Downloading (40%)Downloading (55%)Downloading (65%)Downloading (80%)Downloading (95%)Downloading (100%)
2020-05-13T06:02:58.8500751Z   - Installing drupal/core-project-message (8.8.5): Downloading (connecting...)Downloading (100%)         
2020-05-13T06:02:58.9464373Z   - Installing oomphinc/composer-installers-extender (v1.1.2): Downloading (connecting...)Downloading (0%)           Downloading (75%)Downloading (85%)Downloading (100%)
2020-05-13T06:02:58.9681354Z   - Installing drupal-testing-drupal/select2 (dev-5ab645e052b93eb026b50edb497c5e18eaf0bc43): Symlinking from /home/runner/work/select2/select2
2020-05-13T06:02:59.0536410Z   - Installing symfony/polyfill-mbstring (v1.12.0): Downloading (connecting...)Downloading (0%)           Downloading (30%)Downloading (60%)Downloading (70%)Downloading (100%)
2020-05-13T06:02:59.1045065Z   - Installing symfony/polyfill-php72 (v1.17.0): Downloading (connecting...)Downloading (0%)           Downloading (100%)
2020-05-13T06:02:59.1976827Z   - Installing psr/log (1.1.0): Downloading (connecting...)Downloading (0%)           Downloading (65%)Downloading (90%)Downloading (100%)
2020-05-13T06:02:59.3040585Z   - Installing pear/pear_exception (v1.0.0): Downloading (connecting...)Downloading (100%)         
2020-05-13T06:02:59.4138312Z   - Installing pear/console_getopt (v1.4.2): Downloading (connecting...)Downloading (100%)         
2020-05-13T06:02:59.5378266Z   - Installing pear/pear-core-minimal (v1.10.9): Downloading (connecting...)Downloading (100%)         
2020-05-13T06:02:59.6245883Z   - Installing pear/archive_tar (1.4.9): Downloading (connecting...)Downloading (0%)           Downloading (5%)Downloading (10%)Downloading (30%)Downloading (35%)Downloading (40%)Downloading (45%)Downloading (65%)Downloading (70%)Downloading (100%)
2020-05-13T06:02:59.6767568Z   - Installing symfony/polyfill-ctype (v1.12.0): Downloading (connecting...)Downloading (0%)           Downloading (85%)Downloading (100%)
2020-05-13T06:02:59.7297034Z   - Installing symfony/var-dumper (v4.4.8): Downloading (connecting...)Downloading (0%)           Downloading (10%)Downloading (15%)Downloading (20%)Downloading (25%)Downloading (30%)Downloading (40%)Downloading (45%)Downloading (50%)Downloading (55%)Downloading (65%)Downloading (80%)Downloading (85%)Downloading (90%)Downloading (95%)Downloading (100%)
2020-05-13T06:02:59.7850518Z   - Installing psr/container (1.0.0): Downloading (connecting...)Downloading (0%)           Downloading (75%)Downloading (100%)
2020-05-13T06:02:59.8644830Z   - Installing symfony/debug (v3.4.35): Downloading (connecting...)Downloading (100%)         
2020-05-13T06:02:59.9656313Z   - Installing symfony/polyfill-util (v1.12.0): Downloading (connecting...)Downloading (0%)           Downloading (100%)
2020-05-13T06:03:00.0621767Z   - Installing symfony/polyfill-php56 (v1.12.0): Downloading (connecting...)Downloading (0%)           Downloading (100%)
2020-05-13T06:03:00.1099064Z   - Installing paragonie/random_compat (v9.99.99): Downloading (connecting...)Downloading (0%)           Downloading (45%)Downloading (90%)Downloading (100%)
2020-05-13T06:03:00.1578364Z   - Installing symfony/polyfill-php70 (v1.12.0): Downloading (connecting...)Downloading (0%)           Downloading (85%)Downloading (100%)
2020-05-13T06:03:00.3972866Z   - Installing symfony/http-foundation (v3.4.35): Downloading (connecting...)Downloading (100%)         
2020-05-13T06:03:00.4637762Z   - Installing symfony/event-dispatcher (v3.4.35): Downloading (connecting...)Downloading (0%)           Downloading (5%)Downloading (25%)Downloading (30%)Downloading (75%)Downloading (80%)Downloading (95%)Downloading (100%)
2020-05-13T06:03:00.7221751Z   - Installing symfony/http-kernel (v3.4.35): Downloading (connecting...)Downloading (100%)         
2020-05-13T06:03:00.8270529Z   - Installing asm89/stack-cors (1.2.0): Downloading (connecting...)Downloading (0%)           Downloading (70%)Downloading (90%)Downloading (100%)
2020-05-13T06:03:00.8778920Z   - Installing composer/semver (1.5.0): Downloading (connecting...)Downloading (0%)           Downloading (35%)Downloading (70%)Downloading (100%)
2020-05-13T06:03:00.9311789Z   - Installing psr/http-message (1.0.1): Downloading (connecting...)Downloading (0%)           Downloading (65%)Downloading (100%)
2020-05-13T06:03:01.1391515Z   - Installing masterminds/html5 (2.3.0): Downloading (connecting...)Downloading (100%)         
2020-05-13T06:03:01.1987952Z   - Installing doctrine/lexer (1.0.2): Downloading (connecting...)Downloading (0%)           Downloading (65%)Downloading (100%)
2020-05-13T06:03:01.3001360Z   - Installing egulias/email-validator (2.1.11): Downloading (connecting...)Downloading (0%)           Downloading (25%)Downloading (35%)Downloading (60%)Downloading (85%)Downloading (100%)
2020-05-13T06:03:01.3860468Z   - Installing stack/builder (v1.0.5): Downloading (connecting...)Downloading (0%)           Downloading (55%)Downloading (95%)Downloading (100%)
2020-05-13T06:03:01.5213159Z   - Installing symfony/routing (v3.4.35): Downloading (connecting...)Downloading (100%)         
2020-05-13T06:03:01.5850290Z   - Installing ralouphie/getallheaders (3.0.3): Downloading (connecting...)Downloading (0%)           Downloading (80%)Downloading (100%)
2020-05-13T06:03:01.6364754Z   - Installing guzzlehttp/psr7 (1.6.1): Downloading (connecting...)Downloading (0%)           Downloading (5%)Downloading (10%)Downloading (20%)Downloading (25%)Downloading (30%)Downloading (35%)Downloading (40%)Downloading (50%)Downloading (55%)Downloading (60%)Downloading (65%)Downloading (90%)Downloading (95%)Downloading (100%)
2020-05-13T06:03:01.6888948Z   - Installing guzzlehttp/promises (v1.3.1): Downloading (connecting...)Downloading (0%)           Downloading (30%)Downloading (60%)Downloading (75%)Downloading (100%)
2020-05-13T06:03:01.7431790Z   - Installing doctrine/annotations (v1.4.0): Downloading (connecting...)Downloading (0%)           Downloading (15%)Downloading (20%)Downloading (35%)Downloading (45%)Downloading (55%)Downloading (65%)Downloading (80%)Downloading (95%)Downloading (100%)
2020-05-13T06:03:01.8531764Z   - Installing typo3/phar-stream-wrapper (v3.1.3): Downloading (connecting...)Downloading (0%)           Downloading (25%)Downloading (65%)Downloading (70%)Downloading (100%)
2020-05-13T06:03:01.9749941Z   - Installing symfony/polyfill-iconv (v1.12.0): Downloading (connecting...)Downloading (0%)           Downloading (5%)Downloading (10%)Downloading (15%)Downloading (20%)Downloading (25%)Downloading (30%)Downloading (35%)Downloading (40%)Downloading (45%)Downloading (50%)Downloading (55%)Downloading (60%)Downloading (65%)Downloading (70%)Downloading (75%)Downloading (80%)Downloading (85%)Downloading (90%)Downloading (95%)Downloading (100%)
2020-05-13T06:03:02.2285867Z   - Installing symfony/psr-http-message-bridge (v1.1.2): Downloading (connecting...)Downloading (100%)         
2020-05-13T06:03:02.3217511Z   - Installing easyrdf/easyrdf (0.9.1): Downloading (connecting...)Downloading (0%)           Downloading (5%)Downloading (10%)Downloading (15%)Downloading (20%)Downloading (25%)Downloading (30%)Downloading (35%)Downloading (40%)Downloading (45%)Downloading (50%)Downloading (55%)Downloading (60%)Downloading (65%)Downloading (70%)Downloading (75%)Downloading (80%)Downloading (85%)Downloading (90%)Downloading (95%)Downloading (100%)
2020-05-13T06:03:02.4224826Z   - Installing symfony-cmf/routing (1.4.1): Downloading (connecting...)Downloading (0%)           Downloading (10%)Downloading (30%)Downloading (40%)Downloading (50%)Downloading (55%)Downloading (65%)Downloading (75%)Downloading (85%)Downloading (90%)Downloading (100%)
2020-05-13T06:03:02.4865730Z   - Installing guzzlehttp/guzzle (6.3.3): Downloading (connecting...)Downloading (0%)           Downloading (5%)Downloading (10%)Downloading (20%)Downloading (30%)Downloading (35%)Downloading (45%)Downloading (50%)Downloading (55%)Downloading (65%)Downloading (70%)Downloading (80%)Downloading (85%)Downloading (95%)Downloading (100%)
2020-05-13T06:03:02.5460904Z   - Installing doctrine/collections (v1.4.0): Downloading (connecting...)Downloading (0%)           Downloading (5%)Downloading (55%)Downloading (60%)Downloading (80%)Downloading (85%)Downloading (100%)
2020-05-13T06:03:02.6360939Z   - Installing doctrine/cache (v1.6.2): Downloading (connecting...)Downloading (0%)           Downloading (10%)Downloading (20%)Downloading (30%)Downloading (35%)Downloading (45%)Downloading (50%)Downloading (65%)Downloading (75%)Downloading (80%)Downloading (85%)Downloading (95%)Downloading (100%)
2020-05-13T06:03:02.7396879Z   - Installing doctrine/inflector (v1.2.0): Downloading (connecting...)Downloading (0%)           Downloading (90%)Downloading (100%)
2020-05-13T06:03:03.0109298Z   - Installing doctrine/common (v2.7.3): Downloading (connecting...)Downloading (0%)           Downloading (5%)Downloading (10%)Downloading (15%)Downloading (20%)Downloading (40%)Downloading (45%)Downloading (65%)Downloading (70%)Downloading (75%)Downloading (80%)Downloading (85%)Downloading (90%)Downloading (95%)Downloading (100%)
2020-05-13T06:03:03.3495908Z   - Installing twig/twig (v1.42.3): Downloading (connecting...)Downloading (100%)         
2020-05-13T06:03:03.4837049Z   - Installing symfony/yaml (v3.4.35): Downloading (connecting...)Downloading (100%)         
2020-05-13T06:03:03.6942941Z   - Installing symfony/process (v3.4.35): Downloading (connecting...)Downloading (100%)         
2020-05-13T06:03:03.9218167Z   - Installing symfony/translation (v3.4.35): Downloading (connecting...)Downloading (100%)         
2020-05-13T06:03:04.2216131Z   - Installing symfony/validator (v3.4.35): Downloading (connecting...)Downloading (100%)         
2020-05-13T06:03:04.4882459Z   - Installing symfony/serializer (v3.4.35): Downloading (connecting...)Downloading (100%)         
2020-05-13T06:03:04.6965118Z   - Installing symfony/dependency-injection (v3.4.35): Downloading (connecting...)Downloading (100%)         
2020-05-13T06:03:04.9589633Z   - Installing symfony/console (v3.4.35): Downloading (connecting...)Downloading (100%)         
2020-05-13T06:03:05.1740269Z   - Installing symfony/class-loader (v3.4.35): Downloading (connecting...)Downloading (100%)         
2020-05-13T06:03:05.2814459Z   - Installing zendframework/zend-diactoros (1.8.7): Downloading (connecting...)Downloading (0%)           Downloading (5%)Downloading (10%)Downloading (20%)Downloading (25%)Downloading (45%)Downloading (50%)Downloading (55%)Downloading (60%)Downloading (80%)Downloading (85%)Downloading (90%)Downloading (100%)
2020-05-13T06:03:05.3400653Z   - Installing zendframework/zend-stdlib (3.2.1): Downloading (connecting...)Downloading (0%)           Downloading (5%)Downloading (10%)Downloading (15%)Downloading (20%)Downloading (25%)Downloading (45%)Downloading (50%)Downloading (55%)Downloading (60%)Downloading (65%)Downloading (70%)Downloading (75%)Downloading (80%)Downloading (85%)Downloading (90%)Downloading (95%)Downloading (100%)
2020-05-13T06:03:05.4427679Z   - Installing zendframework/zend-escaper (2.6.1): Downloading (connecting...)Downloading (0%)           Downloading (15%)Downloading (100%)
2020-05-13T06:03:05.5053189Z   - Installing zendframework/zend-feed (2.12.0): Downloading (connecting...)Downloading (0%)           Downloading (5%)Downloading (10%)Downloading (15%)Downloading (20%)Downloading (25%)Downloading (30%)Downloading (35%)Downloading (40%)Downloading (45%)Downloading (50%)Downloading (55%)Downloading (60%)Downloading (65%)Downloading (70%)Downloading (75%)Downloading (80%)Downloading (85%)Downloading (90%)Downloading (95%)Downloading (100%)
2020-05-13T06:03:05.9717265Z   - Installing drupal/core (8.8.5): Downloading (connecting...)Downloading (0%)           Downloading (5%)Downloading (10%)Downloading (15%)Downloading (20%)Downloading (25%)Downloading (30%)Downloading (35%)Downloading (40%)Downloading (45%)Downloading (50%)Downloading (55%)Downloading (60%)Downloading (65%)Downloading (70%)Downloading (75%)Downloading (80%)Downloading (85%)Downloading (90%)Downloading (95%)Downloading (100%)
2020-05-13T06:03:08.6557204Z   - Installing drupal/facets (dev-1.x 64ed456): Cloning 64ed456e5d from cache
2020-05-13T06:03:10.1505075Z   - Installing drupal/search_api (dev-1.x b1b5df4): Cloning b1b5df4598 from cache
2020-05-13T06:03:10.4848246Z   - Installing drupal/core-recommended (8.8.5)
2020-05-13T06:03:10.5255459Z   - Installing webmozart/assert (1.8.0): Downloading (connecting...)Downloading (0%)           Downloading (55%)Downloading (65%)Downloading (100%)
2020-05-13T06:03:10.5796479Z   - Installing webmozart/path-util (2.3.0): Downloading (connecting...)Downloading (0%)           Downloading (35%)Downloading (40%)Downloading (75%)Downloading (100%)
2020-05-13T06:03:10.6791544Z   - Installing webflo/drupal-finder (1.2.0): Downloading (connecting...)Downloading (0%)           Downloading (100%)
2020-05-13T06:03:10.7346141Z   - Installing symfony/finder (v3.4.40): Downloading (connecting...)Downloading (0%)           Downloading (5%)Downloading (35%)Downloading (40%)Downloading (45%)Downloading (50%)Downloading (75%)Downloading (80%)Downloading (85%)Downloading (90%)Downloading (100%)
2020-05-13T06:03:10.8035910Z   - Installing nikic/php-parser (v4.4.0): Downloading (connecting...)Downloading (0%)           Downloading (5%)Downloading (10%)Downloading (15%)Downloading (20%)Downloading (25%)Downloading (30%)Downloading (35%)Downloading (40%)Downloading (45%)Downloading (50%)Downloading (55%)Downloading (60%)Downloading (65%)Downloading (70%)Downloading (75%)Downloading (80%)Downloading (85%)Downloading (90%)Downloading (95%)Downloading (100%)
2020-05-13T06:03:10.8740943Z   - Installing dnoegel/php-xdg-base-dir (v0.1.1): Downloading (connecting...)Downloading (0%)           Downloading (40%)Downloading (80%)Downloading (100%)
2020-05-13T06:03:10.9393815Z   - Installing psy/psysh (v0.10.4): Downloading (connecting...)Downloading (0%)           Downloading (5%)Downloading (10%)Downloading (15%)Downloading (20%)Downloading (25%)Downloading (30%)Downloading (35%)Downloading (40%)Downloading (45%)Downloading (50%)Downloading (55%)Downloading (60%)Downloading (65%)Downloading (70%)Downloading (75%)Downloading (80%)Downloading (85%)Downloading (90%)Downloading (95%)Downloading (100%)
2020-05-13T06:03:11.0120722Z   - Installing container-interop/container-interop (1.2.0): Downloading (connecting...)Downloading (0%)           Downloading (10%)Downloading (20%)Downloading (25%)Downloading (35%)Downloading (45%)Downloading (55%)Downloading (60%)Downloading (70%)Downloading (75%)Downloading (90%)Downloading (100%)
2020-05-13T06:03:11.0665430Z   - Installing league/container (2.4.1): Downloading (connecting...)Downloading (0%)           Downloading (40%)Downloading (45%)Downloading (65%)Downloading (100%)
2020-05-13T06:03:11.1856483Z   - Installing dflydev/dot-access-data (v1.1.0): Downloading (connecting...)Downloading (0%)           Downloading (65%)Downloading (90%)Downloading (95%)Downloading (100%)
2020-05-13T06:03:11.2669237Z   - Installing grasmash/yaml-expander (1.4.0): Downloading (connecting...)Downloading (0%)           Downloading (35%)Downloading (70%)Downloading (100%)
2020-05-13T06:03:11.3735110Z   - Installing grasmash/expander (1.0.0): Downloading (connecting...)Downloading (0%)           Downloading (40%)Downloading (45%)Downloading (85%)Downloading (100%)
2020-05-13T06:03:11.4837824Z   - Installing consolidation/config (1.2.1): Downloading (connecting...)Downloading (0%)           Downloading (5%)Downloading (10%)Downloading (65%)Downloading (70%)Downloading (75%)Downloading (80%)Downloading (85%)Downloading (90%)Downloading (95%)Downloading (100%)
2020-05-13T06:03:11.5895403Z   - Installing consolidation/site-alias (3.0.0): Downloading (connecting...)Downloading (0%)           Downloading (5%)Downloading (15%)Downloading (25%)Downloading (30%)Downloading (45%)Downloading (50%)Downloading (60%)Downloading (65%)Downloading (70%)Downloading (80%)Downloading (85%)Downloading (95%)Downloading (100%)
2020-05-13T06:03:11.6907356Z   - Installing consolidation/site-process (2.1.0): Downloading (connecting...)Downloading (0%)           Downloading (5%)Downloading (10%)Downloading (15%)Downloading (20%)Downloading (25%)Downloading (30%)Downloading (35%)Downloading (65%)Downloading (70%)Downloading (75%)Downloading (80%)Downloading (85%)Downloading (90%)Downloading (95%)Downloading (100%)
2020-05-13T06:03:11.7530666Z   - Installing symfony/filesystem (v3.4.40): Downloading (connecting...)Downloading (0%)           Downloading (5%)Downloading (10%)Downloading (60%)Downloading (100%)
2020-05-13T06:03:11.8060852Z   - Installing consolidation/self-update (1.2.0): Downloading (connecting...)Downloading (0%)           Downloading (100%)
2020-05-13T06:03:11.9018057Z   - Installing consolidation/log (1.1.1): Downloading (connecting...)Downloading (0%)           Downloading (5%)Downloading (10%)Downloading (30%)Downloading (35%)Downloading (40%)Downloading (45%)Downloading (75%)Downloading (80%)Downloading (85%)Downloading (100%)
2020-05-13T06:03:12.0060376Z   - Installing consolidation/output-formatters (3.5.0): Downloading (connecting...)Downloading (0%)           Downloading (5%)Downloading (15%)Downloading (20%)Downloading (25%)Downloading (30%)Downloading (40%)Downloading (45%)Downloading (50%)Downloading (60%)Downloading (65%)Downloading (70%)Downloading (80%)Downloading (85%)Downloading (90%)Downloading (100%)
2020-05-13T06:03:12.1106499Z   - Installing consolidation/annotated-command (2.12.0): Downloading (connecting...)Downloading (0%)           Downloading (5%)Downloading (10%)Downloading (15%)Downloading (20%)Downloading (25%)Downloading (30%)Downloading (40%)Downloading (45%)Downloading (55%)Downloading (60%)Downloading (65%)Downloading (70%)Downloading (75%)Downloading (80%)Downloading (90%)Downloading (95%)Downloading (100%)
2020-05-13T06:03:12.2218868Z   - Installing consolidation/robo (1.4.12): Downloading (connecting...)Downloading (0%)           Downloading (5%)Downloading (10%)Downloading (15%)Downloading (20%)Downloading (25%)Downloading (30%)Downloading (35%)Downloading (40%)Downloading (45%)Downloading (50%)Downloading (55%)Downloading (60%)Downloading (65%)Downloading (70%)Downloading (75%)Downloading (80%)Downloading (85%)Downloading (90%)Downloading (95%)Downloading (100%)
2020-05-13T06:03:12.2914763Z   - Installing phpdocumentor/reflection-common (2.1.0): Downloading (connecting...)Downloading (0%)           Downloading (10%)Downloading (20%)Downloading (30%)Downloading (100%)
2020-05-13T06:03:12.3450529Z   - Installing phpdocumentor/type-resolver (1.1.0): Downloading (connecting...)Downloading (0%)           Downloading (15%)Downloading (30%)Downloading (45%)Downloading (60%)Downloading (75%)Downloading (90%)Downloading (100%)
2020-05-13T06:03:12.4489132Z   - Installing consolidation/filter-via-dot-access-data (1.0.0): Downloading (connecting...)Downloading (0%)           Downloading (15%)Downloading (20%)Downloading (25%)Downloading (40%)Downloading (45%)Downloading (60%)Downloading (75%)Downloading (90%)Downloading (95%)Downloading (100%)
2020-05-13T06:03:12.5342507Z   - Installing chi-teck/drupal-code-generator (1.32.0): Downloading (connecting...)Downloading (0%)           Downloading (5%)Downloading (10%)Downloading (15%)Downloading (20%)Downloading (25%)Downloading (30%)Downloading (35%)Downloading (40%)Downloading (45%)Downloading (50%)Downloading (55%)Downloading (60%)Downloading (65%)Downloading (70%)Downloading (75%)Downloading (80%)Downloading (85%)Downloading (90%)Downloading (95%)Downloading (100%)
2020-05-13T06:03:12.6580257Z   - Installing drush/drush (10.2.2): Downloading (connecting...)Downloading (0%)           Downloading (5%)Downloading (10%)Downloading (15%)Downloading (20%)Downloading (25%)Downloading (30%)Downloading (35%)Downloading (40%)Downloading (45%)Downloading (50%)Downloading (55%)Downloading (60%)Downloading (65%)Downloading (70%)Downloading (75%)Downloading (80%)Downloading (85%)Downloading (90%)Downloading (95%)Downloading (100%)
2020-05-13T06:03:12.8297725Z   - Installing phpstan/phpstan (0.12.25): Downloading (connecting...)Downloading (0%)           Downloading (5%)Downloading (10%)Downloading (15%)Downloading (20%)Downloading (25%)Downloading (30%)Downloading (35%)Downloading (40%)Downloading (45%)Downloading (50%)Downloading (55%)Downloading (60%)Downloading (65%)Downloading (70%)Downloading (75%)Downloading (80%)Downloading (85%)Downloading (90%)Downloading (95%)Downloading (100%)
2020-05-13T06:03:13.1463105Z   - Installing nette/utils (v3.1.1): Downloading (connecting...)Downloading (0%)           Downloading (15%)Downloading (25%)Downloading (40%)Downloading (55%)Downloading (70%)Downloading (85%)Downloading (100%)
2020-05-13T06:03:13.2388447Z   - Installing nette/finder (v2.5.2): Downloading (connecting...)Downloading (0%)           Downloading (100%)
2020-05-13T06:03:13.3311057Z   - Installing mglaman/phpstan-drupal (0.12.3): Downloading (connecting...)Downloading (0%)           Downloading (15%)Downloading (30%)Downloading (55%)Downloading (90%)Downloading (100%)
2020-05-13T06:03:13.4282417Z   - Installing npm-asset/select2 (4.0.13): Downloading (connecting...)Downloading (0%)           Downloading (5%)Downloading (10%)Downloading (15%)Downloading (20%)Downloading (25%)Downloading (40%)Downloading (50%)Downloading (55%)Downloading (70%)Downloading (95%)Downloading (100%)
2020-05-13T06:03:13.5595843Z   - Installing phpstan/phpstan-deprecation-rules (0.12.2): Downloading (connecting...)Downloading (0%)           Downloading (25%)Downloading (40%)Downloading (65%)Downloading (90%)Downloading (100%)
2020-05-13T06:03:13.6639968Z   - Installing symfony/phpunit-bridge (v3.4.39): Downloading (connecting...)Downloading (0%)           Downloading (5%)Downloading (10%)Downloading (15%)Downloading (20%)Downloading (25%)Downloading (30%)Downloading (65%)Downloading (70%)Downloading (75%)Downloading (80%)Downloading (85%)Downloading (100%)
2020-05-13T06:03:13.7564264Z   - Installing symfony/lock (v3.4.40): Downloading (connecting...)Downloading (0%)           Downloading (10%)Downloading (25%)Downloading (35%)Downloading (45%)Downloading (55%)Downloading (65%)Downloading (75%)Downloading (85%)Downloading (95%)Downloading (100%)
2020-05-13T06:03:13.8389708Z   - Installing symfony/css-selector (v3.4.40): Downloading (connecting...)Downloading (100%)         
2020-05-13T06:03:14.0531814Z   - Installing symfony/dom-crawler (v4.2.12): Downloading (connecting...)Downloading (100%)         
2020-05-13T06:03:14.1620754Z   - Installing symfony/browser-kit (v3.4.40): Downloading (connecting...)Downloading (100%)         
2020-05-13T06:03:14.2176375Z   - Installing sebastian/version (2.0.1): Downloading (connecting...)Downloading (0%)           Downloading (100%)
2020-05-13T06:03:15.2113304Z   - Installing sebastian/resource-operations (2.0.1): Downloading (connecting...)Downloading (0%)           Downloading (25%)Downloading (45%)Downloading (70%)Downloading (80%)Downloading (100%)
2020-05-13T06:03:15.2119532Z   - Installing sebastian/recursion-context (3.0.0): Downloading (connecting...)Downloading (0%)           Downloading (35%)Downloading (70%)Downloading (100%)
2020-05-13T06:03:15.2120470Z   - Installing sebastian/object-reflector (1.1.1): Downloading (connecting...)Downloading (0%)           Downloading (65%)Downloading (95%)Downloading (100%)
2020-05-13T06:03:15.2121203Z   - Installing sebastian/object-enumerator (3.0.3): Downloading (connecting...)Downloading (0%)           Downloading (100%)
2020-05-13T06:03:15.2122061Z   - Installing sebastian/global-state (2.0.0): Downloading (connecting...)Downloading (0%)           Downloading (20%)Downloading (75%)Downloading (85%)Downloading (100%)
2020-05-13T06:03:15.2123003Z   - Installing sebastian/exporter (3.1.2): Downloading (connecting...)Downloading (0%)           Downloading (10%)Downloading (20%)Downloading (30%)Downloading (40%)Downloading (50%)Downloading (100%)
2020-05-13T06:03:15.2123805Z   - Installing sebastian/environment (4.2.3): Downloading (connecting...)Downloading (0%)           Downloading (45%)Downloading (80%)Downloading (100%)
2020-05-13T06:03:15.2125050Z   - Installing sebastian/diff (3.0.2): Downloading (connecting...)Downloading (0%)           Downloading (20%)Downloading (40%)Downloading (45%)Downloading (60%)Downloading (65%)Downloading (80%)Downloading (85%)Downloading (100%)
2020-05-13T06:03:15.2125969Z   - Installing sebastian/comparator (3.0.2): Downloading (connecting...)Downloading (0%)           Downloading (25%)Downloading (55%)Downloading (80%)Downloading (100%)
2020-05-13T06:03:15.2126813Z   - Installing phpunit/php-timer (2.1.2): Downloading (connecting...)Downloading (0%)           Downloading (35%)Downloading (70%)Downloading (95%)Downloading (100%)
2020-05-13T06:03:15.2127697Z   - Installing phpunit/php-text-template (1.2.1): Downloading (connecting...)Downloading (0%)           Downloading (35%)Downloading (100%)
2020-05-13T06:03:15.2128569Z   - Installing phpunit/php-file-iterator (2.0.2): Downloading (connecting...)Downloading (0%)           Downloading (35%)Downloading (70%)Downloading (95%)Downloading (100%)
2020-05-13T06:03:15.2129406Z   - Installing theseer/tokenizer (1.1.3): Downloading (connecting...)Downloading (0%)           Downloading (15%)Downloading (30%)Downloading (85%)Downloading (100%)
2020-05-13T06:03:15.2130182Z   - Installing sebastian/code-unit-reverse-lookup (1.0.1): Downloading (connecting...)Downloading (0%)           Downloading (55%)Downloading (100%)
2020-05-13T06:03:15.2131146Z   - Installing phpunit/php-token-stream (3.1.1): Downloading (connecting...)Downloading (0%)           Downloading (5%)Downloading (100%)
2020-05-13T06:03:15.2133285Z   - Installing phpunit/php-code-coverage (6.1.4): Downloading (connecting...)Downloading (0%)           Downloading (5%)Downloading (10%)Downloading (15%)Downloading (20%)Downloading (25%)Downloading (30%)Downloading (35%)Downloading (40%)Downloading (45%)Downloading (50%)Downloading (55%)Downloading (60%)Downloading (65%)Downloading (70%)Downloading (75%)Downloading (80%)Downloading (85%)Downloading (90%)Downloading (95%)Downloading (100%)
2020-05-13T06:03:15.2134227Z   - Installing doctrine/instantiator (1.3.0): Downloading (connecting...)Downloading (0%)           Downloading (45%)Downloading (95%)Downloading (100%)
2020-05-13T06:03:15.2488299Z   - Installing phpdocumentor/reflection-docblock (5.1.0): Downloading (connecting...)Downloading (0%)           Downloading (5%)Downloading (15%)Downloading (35%)Downloading (40%)Downloading (45%)Downloading (50%)Downloading (70%)Downloading (75%)Downloading (90%)Downloading (95%)Downloading (100%)
2020-05-13T06:03:15.3097560Z   - Installing phpspec/prophecy (v1.10.3): Downloading (connecting...)Downloading (0%)           Downloading (10%)Downloading (15%)Downloading (20%)Downloading (25%)Downloading (30%)Downloading (40%)Downloading (50%)Downloading (60%)Downloading (65%)Downloading (70%)Downloading (75%)Downloading (85%)Downloading (90%)Downloading (95%)Downloading (100%)
2020-05-13T06:03:15.3715684Z   - Installing phar-io/version (2.0.1): Downloading (connecting...)Downloading (0%)           Downloading (5%)Downloading (10%)Downloading (70%)Downloading (75%)Downloading (80%)Downloading (85%)Downloading (100%)
2020-05-13T06:03:15.4319595Z   - Installing phar-io/manifest (1.0.3): Downloading (connecting...)Downloading (0%)           Downloading (10%)Downloading (15%)Downloading (20%)Downloading (30%)Downloading (40%)Downloading (55%)Downloading (65%)Downloading (75%)Downloading (80%)Downloading (85%)Downloading (95%)Downloading (100%)
2020-05-13T06:03:15.4922507Z   - Installing myclabs/deep-copy (1.9.5): Downloading (connecting...)Downloading (0%)           Downloading (5%)Downloading (10%)Downloading (55%)Downloading (60%)Downloading (65%)Downloading (70%)Downloading (75%)Downloading (100%)
2020-05-13T06:03:15.5853623Z   - Installing phpunit/phpunit (7.5.20): Downloading (connecting...)Downloading (0%)           Downloading (5%)Downloading (10%)Downloading (15%)Downloading (20%)Downloading (25%)Downloading (30%)Downloading (35%)Downloading (40%)Downloading (45%)Downloading (50%)Downloading (55%)Downloading (60%)Downloading (65%)Downloading (70%)Downloading (75%)Downloading (80%)Downloading (85%)Downloading (90%)Downloading (95%)Downloading (100%)
2020-05-13T06:03:15.7525765Z   - Installing mikey179/vfsstream (v1.6.8): Downloading (connecting...)Downloading (0%)           Downloading (10%)Downloading (15%)Downloading (20%)Downloading (30%)Downloading (40%)Downloading (45%)Downloading (55%)Downloading (65%)Downloading (70%)Downloading (75%)Downloading (80%)Downloading (90%)Downloading (100%)
2020-05-13T06:03:15.8225081Z   - Installing justinrainbow/json-schema (5.2.9): Downloading (connecting...)Downloading (0%)           Downloading (20%)Downloading (25%)Downloading (30%)Downloading (35%)Downloading (55%)Downloading (60%)Downloading (75%)Downloading (80%)Downloading (100%)
2020-05-13T06:03:15.9273130Z   - Installing jcalderonzumba/gastonjs (v1.2.0): Downloading (connecting...)Downloading (0%)           Downloading (5%)Downloading (10%)Downloading (15%)Downloading (20%)Downloading (25%)Downloading (30%)Downloading (35%)Downloading (40%)Downloading (45%)Downloading (50%)Downloading (55%)Downloading (60%)Downloading (65%)Downloading (70%)Downloading (75%)Downloading (80%)Downloading (85%)Downloading (90%)Downloading (95%)Downloading (100%)
2020-05-13T06:03:16.0302965Z   - Installing behat/mink (v1.8.0): Downloading (connecting...)Downloading (0%)           Downloading (10%)Downloading (35%)Downloading (45%)Downloading (55%)Downloading (65%)Downloading (90%)Downloading (100%)
2020-05-13T06:03:16.1317273Z   - Installing jcalderonzumba/mink-phantomjs-driver (v0.3.3): Downloading (connecting...)Downloading (0%)           Downloading (45%)Downloading (50%)Downloading (90%)Downloading (95%)Downloading (100%)
2020-05-13T06:03:16.4566032Z   - Installing drupal/coder (8.3.9): Downloading (connecting...)Downloading (0%)           Downloading (5%)Downloading (10%)Downloading (25%)Downloading (40%)Downloading (55%)Downloading (70%)Downloading (85%)Downloading (100%)
2020-05-13T06:03:16.5242022Z   - Installing seld/phar-utils (1.1.0): Downloading (connecting...)Downloading (0%)           Downloading (25%)Downloading (50%)Downloading (100%)
2020-05-13T06:03:16.5782750Z   - Installing seld/jsonlint (1.8.0): Downloading (connecting...)Downloading (0%)           Downloading (35%)Downloading (75%)Downloading (100%)
2020-05-13T06:03:16.6335145Z   - Installing composer/xdebug-handler (1.4.1): Downloading (connecting...)Downloading (0%)           Downloading (40%)Downloading (80%)Downloading (100%)
2020-05-13T06:03:16.6884641Z   - Installing composer/spdx-licenses (1.5.3): Downloading (connecting...)Downloading (0%)           Downloading (10%)Downloading (20%)Downloading (55%)Downloading (65%)Downloading (100%)
2020-05-13T06:03:16.7485722Z   - Installing composer/ca-bundle (1.2.7): Downloading (connecting...)Downloading (0%)           Downloading (5%)Downloading (10%)Downloading (15%)Downloading (20%)Downloading (25%)Downloading (30%)Downloading (35%)Downloading (40%)Downloading (45%)Downloading (50%)Downloading (55%)Downloading (60%)Downloading (65%)Downloading (70%)Downloading (75%)Downloading (80%)Downloading (85%)Downloading (90%)Downloading (95%)Downloading (100%)
2020-05-13T06:03:16.8379339Z   - Installing composer/composer (1.10.6): Downloading (connecting...)Downloading (0%)           Downloading (5%)Downloading (10%)Downloading (15%)Downloading (20%)Downloading (25%)Downloading (30%)Downloading (35%)Downloading (40%)Downloading (45%)Downloading (50%)Downloading (55%)Downloading (60%)Downloading (65%)Downloading (70%)Downloading (75%)Downloading (80%)Downloading (85%)Downloading (90%)Downloading (95%)Downloading (100%)
2020-05-13T06:03:16.9981604Z   - Installing instaclick/php-webdriver (1.4.7): Downloading (connecting...)Downloading (100%)         
2020-05-13T06:03:17.1082639Z   - Installing behat/mink-selenium2-driver (v1.4.0): Downloading (connecting...)Downloading (100%)         
2020-05-13T06:03:17.2238605Z   - Installing fabpot/goutte (v3.2.3): Downloading (connecting...)Downloading (0%)           Downloading (40%)Downloading (100%)
2020-05-13T06:03:17.3251967Z   - Installing behat/mink-browserkit-driver (v1.3.4): Downloading (connecting...)Downloading (0%)           Downloading (10%)Downloading (100%)
2020-05-13T06:03:17.4171826Z   - Installing behat/mink-goutte-driver (v1.2.1): Downloading (connecting...)Downloading (0%)           Downloading (35%)Downloading (70%)Downloading (100%)
2020-05-13T06:03:17.4394110Z   - Installing drupal/core-dev (8.8.5)
2020-05-13T06:03:17.4603244Z   - Installing drupal/form_options_attributes (1.1.0): Downloading (connecting...)Downloading (0%)           Downloading (35%)Downloading (85%)Downloading (100%)
2020-05-13T06:03:17.4783633Z   - Applying patches for drupal/form_options_attributes
2020-05-13T06:03:17.4785018Z     https://www.drupal.org/files/issues/2020-04-09/3126225-2.patch (Add missing core_version_requirement in tests)
2020-05-13T06:03:17.5867739Z 
2020-05-13T06:03:18.3015234Z pear/archive_tar suggests installing ext-xz (Lzma2 compression support.)
2020-05-13T06:03:18.3017050Z paragonie/random_compat suggests installing ext-libsodium (Provides a modern crypto API that can be used to generate random bytes.)
2020-05-13T06:03:18.3018091Z symfony/http-kernel suggests installing symfony/config
2020-05-13T06:03:18.3019388Z symfony/routing suggests installing symfony/config (For using the all-in-one router or any loader)
2020-05-13T06:03:18.3020525Z symfony/routing suggests installing symfony/expression-language (For using expression matching)
2020-05-13T06:03:18.3021734Z guzzlehttp/psr7 suggests installing zendframework/zend-httphandlerrunner (Emit PSR-7 responses)
2020-05-13T06:03:18.3022975Z symfony/psr-http-message-bridge suggests installing nyholm/psr7 (For a super lightweight PSR-7/17 implementation)
2020-05-13T06:03:18.3023929Z easyrdf/easyrdf suggests installing ml/json-ld (~1.0)
2020-05-13T06:03:18.3024522Z symfony/translation suggests installing symfony/config
2020-05-13T06:03:18.3025597Z symfony/validator suggests installing psr/cache-implementation (For using the metadata cache.)
2020-05-13T06:03:18.3026218Z symfony/validator suggests installing symfony/intl
2020-05-13T06:03:18.3026814Z symfony/validator suggests installing symfony/config
2020-05-13T06:03:18.3027598Z symfony/validator suggests installing symfony/property-access (For accessing properties within comparison constraints)
2020-05-13T06:03:18.3028335Z symfony/validator suggests installing symfony/expression-language (For using the Expression validator)
2020-05-13T06:03:18.3029051Z symfony/serializer suggests installing psr/cache-implementation (For using the metadata cache.)
2020-05-13T06:03:18.3029758Z symfony/serializer suggests installing symfony/property-info (To deserialize relations.)
2020-05-13T06:03:18.3030469Z symfony/serializer suggests installing symfony/config (For using the XML mapping loader.)
2020-05-13T06:03:18.3031191Z symfony/serializer suggests installing symfony/property-access (For using the ObjectNormalizer.)
2020-05-13T06:03:18.3031834Z symfony/dependency-injection suggests installing symfony/config
2020-05-13T06:03:18.3032650Z symfony/dependency-injection suggests installing symfony/expression-language (For using expressions in service container configuration)
2020-05-13T06:03:18.3033482Z symfony/dependency-injection suggests installing symfony/proxy-manager-bridge (Generate service proxies to lazy load them)
2020-05-13T06:03:18.3034189Z symfony/class-loader suggests installing symfony/polyfill-apcu (For using ApcClassLoader on HHVM)
2020-05-13T06:03:18.3035235Z zendframework/zend-feed suggests installing zendframework/zend-cache (Zend\Cache component, for optionally caching feeds between requests)
2020-05-13T06:03:18.3036007Z zendframework/zend-feed suggests installing zendframework/zend-db (Zend\Db component, for use with PubSubHubbub)
2020-05-13T06:03:18.3036922Z zendframework/zend-feed suggests installing zendframework/zend-http (Zend\Http for PubSubHubbub, and optionally for use with Zend\Feed\Reader)
2020-05-13T06:03:18.3037854Z zendframework/zend-feed suggests installing zendframework/zend-servicemanager (Zend\ServiceManager component, for easily extending ExtensionManager implementations)
2020-05-13T06:03:18.3039108Z zendframework/zend-feed suggests installing zendframework/zend-validator (Zend\Validator component, for validating email addresses used in Atom feeds and entries when using the Writer subcomponent)
2020-05-13T06:03:18.3039671Z drupal/search_api suggests installing drupal/search_api_autocomplete (Allows adding autocomplete suggestions to search fields.)
2020-05-13T06:03:18.3040186Z drupal/search_api suggests installing drupal/search_api_solr (Adds support for using Apache Solr as a backend.)
2020-05-13T06:03:18.3040897Z psy/psysh suggests installing ext-pdo-sqlite (The doc command requires SQLite to work.)
2020-05-13T06:03:18.3041808Z psy/psysh suggests installing hoa/console (A pure PHP readline implementation. You'll want this if your PHP install doesn't already support readline or libedit.)
2020-05-13T06:03:18.3042346Z consolidation/robo suggests installing henrikbjorn/lurker (For monitoring filesystem changes in taskWatch)
2020-05-13T06:03:18.3042807Z consolidation/robo suggests installing patchwork/jsqueeze (For minifying JS files in taskMinify)
2020-05-13T06:03:18.3043309Z consolidation/robo suggests installing natxet/CssMin (For minifying CSS files in taskMinify)
2020-05-13T06:03:18.3043904Z sebastian/global-state suggests installing ext-uopz (*)
2020-05-13T06:03:18.3044510Z phpunit/php-code-coverage suggests installing ext-xdebug (^2.6.0)
2020-05-13T06:03:18.3045144Z phpunit/phpunit suggests installing phpunit/php-invoker (^2.0)
2020-05-13T06:03:18.3045702Z phpunit/phpunit suggests installing ext-xdebug (*)
2020-05-13T06:03:18.3046561Z behat/mink suggests installing dmore/chrome-mink-driver (fast and JS-enabled driver for any app (requires chromium or google chrome))
2020-05-13T06:03:18.3047373Z behat/mink suggests installing behat/mink-zombie-driver (fast and JS-enabled headless driver for any app (requires node.js))
2020-05-13T06:03:18.3048236Z Package zendframework/zend-diactoros is abandoned, you should avoid using it. Use laminas/laminas-diactoros instead.
2020-05-13T06:03:18.3048987Z Package zendframework/zend-stdlib is abandoned, you should avoid using it. Use laminas/laminas-stdlib instead.
2020-05-13T06:03:18.3049755Z Package zendframework/zend-escaper is abandoned, you should avoid using it. Use laminas/laminas-escaper instead.
2020-05-13T06:03:18.3050510Z Package zendframework/zend-feed is abandoned, you should avoid using it. Use laminas/laminas-feed instead.
2020-05-13T06:03:18.3051276Z Package container-interop/container-interop is abandoned, you should avoid using it. Use psr/container instead.
2020-05-13T06:03:18.3165593Z Writing lock file
2020-05-13T06:03:18.3165778Z Generating autoload files
2020-05-13T06:03:18.3730822Z 13 packages you are using are looking for funding.
2020-05-13T06:03:18.3731303Z Use the `composer fund` command to find out more!
2020-05-13T06:03:18.3767035Z Scaffolding files for drupal/core:
2020-05-13T06:03:18.3768408Z   - Copy [project-root]/.editorconfig from assets/scaffold/files/editorconfig
2020-05-13T06:03:18.3769071Z   - Copy [project-root]/.gitattributes from assets/scaffold/files/gitattributes
2020-05-13T06:03:18.3769686Z   - Copy [web-root]/.csslintrc from assets/scaffold/files/csslintrc
2020-05-13T06:03:18.3770299Z   - Copy [web-root]/.eslintignore from assets/scaffold/files/eslintignore
2020-05-13T06:03:18.3770917Z   - Copy [web-root]/.eslintrc.json from assets/scaffold/files/eslintrc.json
2020-05-13T06:03:18.3771818Z   - Copy [web-root]/.ht.router.php from assets/scaffold/files/ht.router.php
2020-05-13T06:03:18.3772392Z   - Copy [web-root]/.htaccess from assets/scaffold/files/htaccess
2020-05-13T06:03:18.3773023Z   - Copy [web-root]/example.gitignore from assets/scaffold/files/example.gitignore
2020-05-13T06:03:18.3773628Z   - Copy [web-root]/index.php from assets/scaffold/files/index.php
2020-05-13T06:03:18.3774240Z   - Copy [web-root]/INSTALL.txt from assets/scaffold/files/drupal.INSTALL.txt
2020-05-13T06:03:18.3774850Z   - Copy [web-root]/README.txt from assets/scaffold/files/drupal.README.txt
2020-05-13T06:03:18.3775429Z   - Copy [web-root]/robots.txt from assets/scaffold/files/robots.txt
2020-05-13T06:03:18.3776023Z   - Copy [web-root]/update.php from assets/scaffold/files/update.php
2020-05-13T06:03:18.3776613Z   - Copy [web-root]/web.config from assets/scaffold/files/web.config
2020-05-13T06:03:18.3777314Z   - Copy [web-root]/sites/README.txt from assets/scaffold/files/sites.README.txt
2020-05-13T06:03:18.3778039Z   - Copy [web-root]/sites/development.services.yml from assets/scaffold/files/development.services.yml
2020-05-13T06:03:18.3778762Z   - Copy [web-root]/sites/example.settings.local.php from assets/scaffold/files/example.settings.local.php
2020-05-13T06:03:18.3779422Z   - Copy [web-root]/sites/example.sites.php from assets/scaffold/files/example.sites.php
2020-05-13T06:03:18.3780132Z   - Copy [web-root]/sites/default/default.services.yml from assets/scaffold/files/default.services.yml
2020-05-13T06:03:18.3780835Z   - Copy [web-root]/sites/default/default.settings.php from assets/scaffold/files/default.settings.php
2020-05-13T06:03:18.3781482Z   - Copy [web-root]/modules/README.txt from assets/scaffold/files/modules.README.txt
2020-05-13T06:03:18.3782135Z   - Copy [web-root]/profiles/README.txt from assets/scaffold/files/profiles.README.txt
2020-05-13T06:03:18.3782755Z   - Copy [web-root]/themes/README.txt from assets/scaffold/files/themes.README.txt
2020-05-13T06:03:19.1735691Z /home/runner/work/select2/select2
2020-05-13T06:03:19.2077222Z ##[group]Run test-drupal-project deprecation
2020-05-13T06:03:19.2077400Z [36;1mtest-drupal-project deprecation[0m
2020-05-13T06:03:19.2119151Z shell: /bin/bash -e {0}
2020-05-13T06:03:19.2119285Z env:
2020-05-13T06:03:19.2119414Z   DRUPAL_TESTING_TEST_CODING_STYLES: false
2020-05-13T06:03:19.2119529Z   DRUPAL_TESTING_DATABASE_USER: root
2020-05-13T06:03:19.2119628Z   DRUPAL_TESTING_DATABASE_PASSWORD: root
2020-05-13T06:03:19.2119741Z   DRUPAL_TESTING_DATABASE_ENGINE: mysql
2020-05-13T06:03:19.2119851Z ##[endgroup]
2020-05-13T06:03:19.4544450Z Checking for deprecations.
2020-05-13T06:03:19.4544895Z 
2020-05-13T06:03:19.6059523Z Note: Using configuration file /tmp/test/select2/install/phpstan.neon.
2020-05-13T06:03:21.0234514Z   0/28 [░░░░░░░░░░░░░░░░░░░░░░░░░░░░]   0%
2020-05-13T06:03:21.4913449Z   3/28 [▓▓▓░░░░░░░░░░░░░░░░░░░░░░░░░]  10%
2020-05-13T06:03:21.8695359Z   6/28 [▓▓▓▓▓▓░░░░░░░░░░░░░░░░░░░░░░]  21%
2020-05-13T06:03:22.3150847Z   9/28 [▓▓▓▓▓▓▓▓▓░░░░░░░░░░░░░░░░░░░]  32%
2020-05-13T06:03:22.5282946Z  12/28 [▓▓▓▓▓▓▓▓▓▓▓▓░░░░░░░░░░░░░░░░]  42%
2020-05-13T06:03:22.6807585Z  20/28 [▓▓▓▓▓▓▓▓▓▓▓▓▓▓▓▓▓▓▓▓░░░░░░░░]  71%
2020-05-13T06:03:22.8533368Z  23/28 [▓▓▓▓▓▓▓▓▓▓▓▓▓▓▓▓▓▓▓▓▓▓▓░░░░░]  82%
2020-05-13T06:03:23.2683614Z  26/28 [▓▓▓▓▓▓▓▓▓▓▓▓▓▓▓▓▓▓▓▓▓▓▓▓▓▓░░]  92%
2020-05-13T06:03:23.2684019Z  28/28 [▓▓▓▓▓▓▓▓▓▓▓▓▓▓▓▓▓▓▓▓▓▓▓▓▓▓▓▓] 100%
2020-05-13T06:03:23.2684116Z 
2020-05-13T06:03:23.2715008Z 
2020-05-13T06:03:23.2715276Z  [OK] No errors                                                                 
2020-05-13T06:03:23.2715376Z 
2020-05-13T06:03:23.2853466Z /home/runner/work/select2/select2
2020-05-13T06:03:23.2894509Z ##[group]Run test-drupal-project install
2020-05-13T06:03:23.2894722Z [36;1mtest-drupal-project install[0m
2020-05-13T06:03:23.2941512Z shell: /bin/bash -e {0}
2020-05-13T06:03:23.2941627Z env:
2020-05-13T06:03:23.2941740Z   DRUPAL_TESTING_TEST_CODING_STYLES: false
2020-05-13T06:03:23.2941856Z   DRUPAL_TESTING_DATABASE_USER: root
2020-05-13T06:03:23.2942122Z   DRUPAL_TESTING_DATABASE_PASSWORD: root
2020-05-13T06:03:23.2942234Z   DRUPAL_TESTING_DATABASE_ENGINE: mysql
2020-05-13T06:03:23.2942329Z   DRUPAL_TESTING_TEST_DEPRECATION: false
2020-05-13T06:03:23.2942436Z ##[endgroup]
2020-05-13T06:03:23.5204481Z Installing project
2020-05-13T06:03:23.5205018Z 
2020-05-13T06:03:24.1488067Z  [info] Executing: command -v mysql
2020-05-13T06:03:24.1516034Z  [info] Executing: mysql --defaults-file=/tmp/drush_msMd22 --database=testing --host=127.0.0.1 --port=3306 --silent -A < /tmp/drush_30DhrG
2020-05-13T06:03:24.3595377Z 
2020-05-13T06:03:24.3597141Z  // You are about to CREATE the 'testing' database. Do you want to continue?:   
2020-05-13T06:03:24.3597621Z  // yes.                                                                        
2020-05-13T06:03:24.3597901Z 
2020-05-13T06:03:24.3599305Z  [info] Sites directory sites/default already exists - proceeding.
2020-05-13T06:03:24.3603854Z  [info] Executing: mysql --defaults-file=/tmp/drush_U2nibN --database=testing --host=127.0.0.1 --port=3306 --silent -A < /tmp/drush_FOXJ6p
2020-05-13T06:03:24.3741578Z  [info] Executing: mysql --defaults-file=/tmp/drush_Qx7gox --database=information_schema --host=127.0.0.1 --port=3306 --silent -A < /tmp/drush_zChMha
2020-05-13T06:03:24.4516430Z  [notice] Starting Drupal installation. This takes a while.
2020-05-13T06:03:28.5994583Z  [success] Installation complete.  User name: admin  User password: yW9PoDLw8a
2020-05-13T06:03:28.6148211Z ##[group]Run test-drupal-project
2020-05-13T06:03:28.6148370Z [36;1mtest-drupal-project[0m
2020-05-13T06:03:28.6183371Z shell: /bin/bash -e {0}
2020-05-13T06:03:28.6183529Z env:
2020-05-13T06:03:28.6183668Z   DRUPAL_TESTING_TEST_CODING_STYLES: false
2020-05-13T06:03:28.6183808Z   DRUPAL_TESTING_DATABASE_USER: root
2020-05-13T06:03:28.6183951Z   DRUPAL_TESTING_DATABASE_PASSWORD: root
2020-05-13T06:03:28.6184090Z   DRUPAL_TESTING_DATABASE_ENGINE: mysql
2020-05-13T06:03:28.6184182Z ##[endgroup]
2020-05-13T06:03:28.8874413Z Starting services
2020-05-13T06:03:28.8874773Z 
2020-05-13T06:03:28.8898049Z Starting web driver
2020-05-13T06:03:29.3788249Z Unable to find image 'selenium/standalone-chrome:3.141.59-oxygen' locally
2020-05-13T06:03:29.5644862Z 3.141.59-oxygen: Pulling from selenium/standalone-chrome
2020-05-13T06:03:29.5650890Z 84ed7d2f608f: Pulling fs layer
2020-05-13T06:03:29.5665258Z be2bf1c4a48d: Pulling fs layer
2020-05-13T06:03:29.5666549Z a5bdc6303093: Pulling fs layer
2020-05-13T06:03:29.5666891Z e9055237d68d: Pulling fs layer
2020-05-13T06:03:29.5667086Z 386a40964aed: Pulling fs layer
2020-05-13T06:03:29.5667271Z 06e803f31b1c: Pulling fs layer
2020-05-13T06:03:29.5667454Z f655bb4c3cd6: Pulling fs layer
2020-05-13T06:03:29.5667632Z 4fb0061656c5: Pulling fs layer
2020-05-13T06:03:29.5667799Z 596ec6766c4b: Pulling fs layer
2020-05-13T06:03:29.5667981Z 2d4ca7909f45: Pulling fs layer
2020-05-13T06:03:29.5668165Z 87d4bc6422ff: Pulling fs layer
2020-05-13T06:03:29.5668350Z fe54095e92d3: Pulling fs layer
2020-05-13T06:03:29.5668993Z dbf74cf56a2b: Pulling fs layer
2020-05-13T06:03:29.5669175Z 582cd7ee33f3: Pulling fs layer
2020-05-13T06:03:29.5669360Z e77d0169ca02: Pulling fs layer
2020-05-13T06:03:29.5672576Z d879005b523d: Pulling fs layer
2020-05-13T06:03:29.5672948Z d3e6461e4c9b: Pulling fs layer
2020-05-13T06:03:29.5673137Z b9b518115a57: Pulling fs layer
2020-05-13T06:03:29.5673376Z 1e1b7d612c5b: Pulling fs layer
2020-05-13T06:03:29.5673621Z 9bd122501491: Pulling fs layer
2020-05-13T06:03:29.5674186Z a44642ff01aa: Pulling fs layer
2020-05-13T06:03:29.5674372Z c53cd312b992: Pulling fs layer
2020-05-13T06:03:29.5674617Z 35f7128b2f2c: Pulling fs layer
2020-05-13T06:03:29.5674800Z f7439f467b5c: Pulling fs layer
2020-05-13T06:03:29.5674983Z 44adc2ece393: Pulling fs layer
2020-05-13T06:03:29.5675149Z 0ffccc6de60c: Pulling fs layer
2020-05-13T06:03:29.5675331Z 4e27e5e27fb3: Pulling fs layer
2020-05-13T06:03:29.5675501Z e77d0169ca02: Waiting
2020-05-13T06:03:29.5675670Z e9055237d68d: Waiting
2020-05-13T06:03:29.5675836Z 386a40964aed: Waiting
2020-05-13T06:03:29.5676193Z 06e803f31b1c: Waiting
2020-05-13T06:03:29.5676361Z d879005b523d: Waiting
2020-05-13T06:03:29.5676531Z d3e6461e4c9b: Waiting
2020-05-13T06:03:29.5676698Z b9b518115a57: Waiting
2020-05-13T06:03:29.5676863Z 1e1b7d612c5b: Waiting
2020-05-13T06:03:29.5677028Z 9bd122501491: Waiting
2020-05-13T06:03:29.5677178Z f655bb4c3cd6: Waiting
2020-05-13T06:03:29.5677345Z a44642ff01aa: Waiting
2020-05-13T06:03:29.5677518Z 4fb0061656c5: Waiting
2020-05-13T06:03:29.5677684Z c53cd312b992: Waiting
2020-05-13T06:03:29.5677848Z 596ec6766c4b: Waiting
2020-05-13T06:03:29.5677999Z 2d4ca7909f45: Waiting
2020-05-13T06:03:29.5678160Z 35f7128b2f2c: Waiting
2020-05-13T06:03:29.5678324Z 87d4bc6422ff: Waiting
2020-05-13T06:03:29.5678484Z f7439f467b5c: Waiting
2020-05-13T06:03:29.5678648Z 44adc2ece393: Waiting
2020-05-13T06:03:29.5678938Z 0ffccc6de60c: Waiting
2020-05-13T06:03:29.5679104Z fe54095e92d3: Waiting
2020-05-13T06:03:29.5679270Z dbf74cf56a2b: Waiting
2020-05-13T06:03:29.5679438Z 582cd7ee33f3: Waiting
2020-05-13T06:03:29.5679608Z 4e27e5e27fb3: Waiting
2020-05-13T06:03:29.6561707Z be2bf1c4a48d: Verifying Checksum
2020-05-13T06:03:29.6565912Z be2bf1c4a48d: Download complete
2020-05-13T06:03:29.6608863Z a5bdc6303093: Verifying Checksum
2020-05-13T06:03:29.6610529Z a5bdc6303093: Download complete
2020-05-13T06:03:29.7296325Z 386a40964aed: Verifying Checksum
2020-05-13T06:03:29.7297881Z 386a40964aed: Download complete
2020-05-13T06:03:29.7419673Z e9055237d68d: Verifying Checksum
2020-05-13T06:03:29.7421889Z e9055237d68d: Download complete
2020-05-13T06:03:29.8752362Z f655bb4c3cd6: Verifying Checksum
2020-05-13T06:03:29.8756001Z f655bb4c3cd6: Download complete
2020-05-13T06:03:29.8923404Z 84ed7d2f608f: Verifying Checksum
2020-05-13T06:03:29.8926465Z 84ed7d2f608f: Download complete
2020-05-13T06:03:30.0055745Z 596ec6766c4b: Verifying Checksum
2020-05-13T06:03:30.0058636Z 596ec6766c4b: Download complete
2020-05-13T06:03:30.0265877Z 4fb0061656c5: Verifying Checksum
2020-05-13T06:03:30.0267903Z 4fb0061656c5: Download complete
2020-05-13T06:03:30.1179442Z 2d4ca7909f45: Verifying Checksum
2020-05-13T06:03:30.1185312Z 2d4ca7909f45: Download complete
2020-05-13T06:03:30.1472793Z 87d4bc6422ff: Verifying Checksum
2020-05-13T06:03:30.1473947Z 87d4bc6422ff: Download complete
2020-05-13T06:03:30.2340003Z fe54095e92d3: Verifying Checksum
2020-05-13T06:03:30.2340466Z fe54095e92d3: Download complete
2020-05-13T06:03:30.3166056Z 06e803f31b1c: Verifying Checksum
2020-05-13T06:03:30.3166553Z 06e803f31b1c: Download complete
2020-05-13T06:03:30.3932499Z dbf74cf56a2b: Verifying Checksum
2020-05-13T06:03:30.3933011Z dbf74cf56a2b: Download complete
2020-05-13T06:03:30.4985563Z e77d0169ca02: Verifying Checksum
2020-05-13T06:03:30.4985895Z e77d0169ca02: Download complete
2020-05-13T06:03:30.6330943Z d3e6461e4c9b: Verifying Checksum
2020-05-13T06:03:30.6331949Z d3e6461e4c9b: Download complete
2020-05-13T06:03:30.6615418Z 582cd7ee33f3: Verifying Checksum
2020-05-13T06:03:30.6615694Z 582cd7ee33f3: Download complete
2020-05-13T06:03:30.7351619Z d879005b523d: Verifying Checksum
2020-05-13T06:03:30.7351861Z d879005b523d: Download complete
2020-05-13T06:03:30.7542260Z 1e1b7d612c5b: Download complete
2020-05-13T06:03:30.7571519Z b9b518115a57: Verifying Checksum
2020-05-13T06:03:30.7571755Z b9b518115a57: Download complete
2020-05-13T06:03:30.8287393Z c53cd312b992: Verifying Checksum
2020-05-13T06:03:30.8287650Z c53cd312b992: Download complete
2020-05-13T06:03:30.8446844Z a44642ff01aa: Verifying Checksum
2020-05-13T06:03:30.8447075Z a44642ff01aa: Download complete
2020-05-13T06:03:30.9382936Z f7439f467b5c: Verifying Checksum
2020-05-13T06:03:30.9385631Z f7439f467b5c: Download complete
2020-05-13T06:03:31.0328284Z 35f7128b2f2c: Verifying Checksum
2020-05-13T06:03:31.0333591Z 35f7128b2f2c: Download complete
2020-05-13T06:03:31.0346643Z 44adc2ece393: Verifying Checksum
2020-05-13T06:03:31.0346868Z 44adc2ece393: Download complete
2020-05-13T06:03:31.1192697Z 0ffccc6de60c: Verifying Checksum
2020-05-13T06:03:31.1192944Z 0ffccc6de60c: Download complete
2020-05-13T06:03:31.1221829Z 4e27e5e27fb3: Verifying Checksum
2020-05-13T06:03:31.1222041Z 4e27e5e27fb3: Download complete
2020-05-13T06:03:31.9727961Z 9bd122501491: Verifying Checksum
2020-05-13T06:03:31.9728227Z 9bd122501491: Download complete
2020-05-13T06:03:32.6787487Z 84ed7d2f608f: Pull complete
2020-05-13T06:03:32.7458843Z be2bf1c4a48d: Pull complete
2020-05-13T06:03:32.7824781Z a5bdc6303093: Pull complete
2020-05-13T06:03:32.8161982Z e9055237d68d: Pull complete
2020-05-13T06:03:32.8493663Z 386a40964aed: Pull complete
2020-05-13T06:03:35.7281060Z 06e803f31b1c: Pull complete
2020-05-13T06:03:35.8080006Z f655bb4c3cd6: Pull complete
2020-05-13T06:03:35.8431008Z 4fb0061656c5: Pull complete
2020-05-13T06:03:35.8825430Z 596ec6766c4b: Pull complete
2020-05-13T06:03:35.9172402Z 2d4ca7909f45: Pull complete
2020-05-13T06:03:35.9541803Z 87d4bc6422ff: Pull complete
2020-05-13T06:03:35.9881907Z fe54095e92d3: Pull complete
2020-05-13T06:03:36.1092218Z dbf74cf56a2b: Pull complete
2020-05-13T06:03:38.1743665Z 582cd7ee33f3: Pull complete
2020-05-13T06:03:40.7215891Z e77d0169ca02: Pull complete
2020-05-13T06:03:41.1235272Z d879005b523d: Pull complete
2020-05-13T06:03:41.1884278Z d3e6461e4c9b: Pull complete
2020-05-13T06:03:41.2211449Z b9b518115a57: Pull complete
2020-05-13T06:03:41.2538910Z 1e1b7d612c5b: Pull complete
2020-05-13T06:03:46.9332194Z 9bd122501491: Pull complete
2020-05-13T06:03:46.9735396Z a44642ff01aa: Pull complete
2020-05-13T06:03:47.0060976Z c53cd312b992: Pull complete
2020-05-13T06:03:47.1283785Z 35f7128b2f2c: Pull complete
2020-05-13T06:03:47.1613456Z f7439f467b5c: Pull complete
2020-05-13T06:03:47.1961266Z 44adc2ece393: Pull complete
2020-05-13T06:03:47.2397283Z 0ffccc6de60c: Pull complete
2020-05-13T06:03:47.2738321Z 4e27e5e27fb3: Pull complete
2020-05-13T06:03:47.2764510Z Digest: sha256:c86fbabaa94303eb81983e1ebed88c9993f55e19daba359b196eb7457012036a
2020-05-13T06:03:47.2781877Z Status: Downloaded newer image for selenium/standalone-chrome:3.141.59-oxygen
2020-05-13T06:03:55.4428631Z 9a880a2fcd12e3fcbbdfe19f849e2ad7a66a382901f03f394713036b01d5903d
2020-05-13T06:03:57.8643713Z /home/runner/work/select2/select2
2020-05-13T06:03:58.8714323Z Running tests
2020-05-13T06:03:58.8715161Z 
2020-05-13T06:03:59.1146230Z PHPUnit 7.5.20 by Sebastian Bergmann and contributors.
2020-05-13T06:03:59.1147282Z 
2020-05-13T06:03:59.1148932Z Runtime:       PHP 7.3.17-1+ubuntu18.04.1+deb.sury.org+1
2020-05-13T06:03:59.1149808Z Configuration: /tmp/test/select2/install/web/core/phpunit.xml.dist
2020-05-13T06:03:59.1150281Z 
2020-05-13T06:03:59.1151093Z Testing /tmp/test/select2/install/web/modules/contrib/select2
2020-05-13T06:03:59.1168174Z Test 'Drupal\Tests\select2_facets\FunctionalJavascript\FacetsTest::testBasicFunctionality with data set #0 (array(), array(false))' started
2020-05-13T06:04:17.9792083Z Test 'Drupal\Tests\select2_facets\FunctionalJavascript\FacetsTest::testBasicFunctionality with data set #0 (array(), array(false))' ended
2020-05-13T06:04:17.9794709Z Test 'Drupal\Tests\select2_facets\FunctionalJavascript\FacetsTest::testBasicFunctionality with data set #1 (array(true), array(array(), false))' started
2020-05-13T06:04:35.9914783Z Test 'Drupal\Tests\select2_facets\FunctionalJavascript\FacetsTest::testBasicFunctionality with data set #1 (array(true), array(array(), false))' ended
2020-05-13T06:04:35.9961622Z Test 'Drupal\Tests\select2_publish\FunctionalJavascript\PublishTest::testMultipleSelection' started
2020-05-13T06:04:50.0264629Z Test 'Drupal\Tests\select2_publish\FunctionalJavascript\PublishTest::testMultipleSelection' ended
2020-05-13T06:04:50.0266175Z Test 'Drupal\Tests\select2_publish\FunctionalJavascript\PublishTest::testAutocomplete' started
2020-05-13T06:05:04.6225567Z Test 'Drupal\Tests\select2_publish\FunctionalJavascript\PublishTest::testAutocomplete' ended
2020-05-13T06:05:04.6227178Z Test 'Drupal\Tests\select2\FunctionalJavascript\FieldWidget\Select2EntityReferenceWidgetTest::testSingleValueWidget with data set #0 (true, 'STARTS_WITH', 2, true)' started
2020-05-13T06:05:20.9715415Z Test 'Drupal\Tests\select2\FunctionalJavascript\FieldWidget\Select2EntityReferenceWidgetTest::testSingleValueWidget with data set #0 (true, 'STARTS_WITH', 2, true)' ended
2020-05-13T06:05:20.9756637Z Test 'Drupal\Tests\select2\FunctionalJavascript\FieldWidget\Select2EntityReferenceWidgetTest::testSingleValueWidget with data set #1 (false, null, 3, true)' started
2020-05-13T06:05:36.7531736Z Test 'Drupal\Tests\select2\FunctionalJavascript\FieldWidget\Select2EntityReferenceWidgetTest::testSingleValueWidget with data set #1 (false, null, 3, true)' ended
2020-05-13T06:05:36.7538008Z Test 'Drupal\Tests\select2\FunctionalJavascript\FieldWidget\Select2EntityReferenceWidgetTest::testSingleValueWidget with data set #2 (false, null, 2, false)' started
2020-05-13T06:05:49.0377778Z Test 'Drupal\Tests\select2\FunctionalJavascript\FieldWidget\Select2EntityReferenceWidgetTest::testSingleValueWidget with data set #2 (false, null, 2, false)' ended
2020-05-13T06:05:49.0379321Z Test 'Drupal\Tests\select2\FunctionalJavascript\FieldWidget\Select2EntityReferenceWidgetTest::testSingleValueWidget with data set #3 (true, 'STARTS_WITH', 1, false)' started
2020-05-13T06:06:02.2443117Z Test 'Drupal\Tests\select2\FunctionalJavascript\FieldWidget\Select2EntityReferenceWidgetTest::testSingleValueWidget with data set #3 (true, 'STARTS_WITH', 1, false)' ended
2020-05-13T06:06:02.2445144Z Test 'Drupal\Tests\select2\FunctionalJavascript\FieldWidget\Select2EntityReferenceWidgetTest::testSingleValueWidget with data set #4 (true, 'CONTAINS', 2, false)' started
2020-05-13T06:06:15.6437535Z Test 'Drupal\Tests\select2\FunctionalJavascript\FieldWidget\Select2EntityReferenceWidgetTest::testSingleValueWidget with data set #4 (true, 'CONTAINS', 2, false)' ended
2020-05-13T06:06:15.6439233Z Test 'Drupal\Tests\select2\FunctionalJavascript\FieldWidget\Select2EntityReferenceWidgetTest::testMultipleValueWidget with data set #0 (true, true)' started
2020-05-13T06:06:32.4443139Z Test 'Drupal\Tests\select2\FunctionalJavascript\FieldWidget\Select2EntityReferenceWidgetTest::testMultipleValueWidget with data set #0 (true, true)' ended
2020-05-13T06:06:32.4444262Z Test 'Drupal\Tests\select2\FunctionalJavascript\FieldWidget\Select2EntityReferenceWidgetTest::testMultipleValueWidget with data set #1 (true, false)' started
2020-05-13T06:06:46.0630288Z Test 'Drupal\Tests\select2\FunctionalJavascript\FieldWidget\Select2EntityReferenceWidgetTest::testMultipleValueWidget with data set #1 (true, false)' ended
2020-05-13T06:06:46.0632034Z Test 'Drupal\Tests\select2\FunctionalJavascript\FieldWidget\Select2EntityReferenceWidgetTest::testMultipleValueWidget with data set #2 (false, true)' started
2020-05-13T06:07:01.4826279Z Test 'Drupal\Tests\select2\FunctionalJavascript\FieldWidget\Select2EntityReferenceWidgetTest::testMultipleValueWidget with data set #2 (false, true)' ended
2020-05-13T06:07:01.4832602Z Test 'Drupal\Tests\select2\FunctionalJavascript\FieldWidget\Select2EntityReferenceWidgetTest::testMultipleValueWidget with data set #3 (false, false)' started
2020-05-13T06:07:14.4807738Z Test 'Drupal\Tests\select2\FunctionalJavascript\FieldWidget\Select2EntityReferenceWidgetTest::testMultipleValueWidget with data set #3 (false, false)' ended
2020-05-13T06:07:14.4809139Z Test 'Drupal\Tests\select2\FunctionalJavascript\FieldWidget\Select2EntityReferenceWidgetTest::testMultipleAutocreation' started
2020-05-13T06:07:28.7122455Z Test 'Drupal\Tests\select2\FunctionalJavascript\FieldWidget\Select2EntityReferenceWidgetTest::testMultipleAutocreation' ended
2020-05-13T06:07:28.7161853Z Test 'Drupal\Tests\select2\FunctionalJavascript\FieldWidget\Select2EntityReferenceWidgetTest::testMultipleBundleSelection' started
2020-05-13T06:07:41.8200863Z Test 'Drupal\Tests\select2\FunctionalJavascript\FieldWidget\Select2EntityReferenceWidgetTest::testMultipleBundleSelection' ended
2020-05-13T06:07:41.8202061Z Test 'Drupal\Tests\select2\FunctionalJavascript\FieldWidget\Select2EntityReferenceWidgetTest::testAjaxCallbacksInBetween' started
2020-05-13T06:07:55.4440908Z Test 'Drupal\Tests\select2\FunctionalJavascript\FieldWidget\Select2EntityReferenceWidgetTest::testAjaxCallbacksInBetween' ended
2020-05-13T06:07:55.4442143Z Test 'Drupal\Tests\select2\FunctionalJavascript\FieldWidget\Select2EntityReferenceWidgetTest::testAutocompleteOrdering' started
2020-05-13T06:08:07.8685994Z Test 'Drupal\Tests\select2\FunctionalJavascript\FieldWidget\Select2EntityReferenceWidgetTest::testAutocompleteOrdering' ended
2020-05-13T06:08:07.8687089Z Test 'Drupal\Tests\select2\FunctionalJavascript\FieldWidget\Select2EntityReferenceWidgetTest::testAutocompleteMatchLimit' started
2020-05-13T06:08:20.1242159Z Test 'Drupal\Tests\select2\FunctionalJavascript\FieldWidget\Select2EntityReferenceWidgetTest::testAutocompleteMatchLimit' ended
2020-05-13T06:08:20.1243767Z Test 'Drupal\Tests\select2\FunctionalJavascript\FieldWidget\Select2EntityReferenceWidgetTest::testAutocompleteDragnDrop' started
2020-05-13T06:08:31.7561613Z Test 'Drupal\Tests\select2\FunctionalJavascript\FieldWidget\Select2EntityReferenceWidgetTest::testAutocompleteDragnDrop' ended
2020-05-13T06:08:31.7562984Z Test 'Drupal\Tests\select2\FunctionalJavascript\FieldWidget\Select2WidgetTest::testEmptyField' started
2020-05-13T06:08:39.5512782Z Test 'Drupal\Tests\select2\FunctionalJavascript\FieldWidget\Select2WidgetTest::testEmptyField' ended
2020-05-13T06:08:39.5513743Z Test 'Drupal\Tests\select2\FunctionalJavascript\FieldWidget\Select2WidgetTest::testSingleSelect' started
2020-05-13T06:08:48.7265618Z Test 'Drupal\Tests\select2\FunctionalJavascript\FieldWidget\Select2WidgetTest::testSingleSelect' ended
2020-05-13T06:08:48.7266914Z Test 'Drupal\Tests\select2\FunctionalJavascript\FieldWidget\Select2WidgetTest::testSingleSelectRequired' started
2020-05-13T06:08:57.4441110Z Test 'Drupal\Tests\select2\FunctionalJavascript\FieldWidget\Select2WidgetTest::testSingleSelectRequired' ended
2020-05-13T06:08:57.4451422Z Test 'Drupal\Tests\select2\FunctionalJavascript\FieldWidget\Select2WidgetTest::testMultipleSelect' started
2020-05-13T06:09:06.6849667Z Test 'Drupal\Tests\select2\FunctionalJavascript\FieldWidget\Select2WidgetTest::testMultipleSelect' ended
2020-05-13T06:09:06.6851095Z Test 'Drupal\Tests\select2\FunctionalJavascript\FieldWidget\Select2WidgetTest::testLimitedCount' started
2020-05-13T06:09:15.3242830Z Test 'Drupal\Tests\select2\FunctionalJavascript\FieldWidget\Select2WidgetTest::testLimitedCount' ended
2020-05-13T06:09:15.3293656Z Test 'Drupal\Tests\select2\FunctionalJavascript\Form\ElementTest::testOptgroups' started
2020-05-13T06:09:26.4628614Z Test 'Drupal\Tests\select2\FunctionalJavascript\Form\ElementTest::testOptgroups' ended
2020-05-13T06:09:26.4630014Z Test 'Drupal\Tests\select2\FunctionalJavascript\Form\ElementTest::testAjaxCallbacksInBetween' started
2020-05-13T06:09:37.4598914Z Test 'Drupal\Tests\select2\FunctionalJavascript\Form\ElementTest::testAjaxCallbacksInBetween' ended
2020-05-13T06:09:37.4600494Z Test 'Drupal\Tests\select2\FunctionalJavascript\Form\ElementTest::testSevenTheme' started
2020-05-13T06:09:48.3133258Z Test 'Drupal\Tests\select2\FunctionalJavascript\Form\ElementTest::testSevenTheme' ended
2020-05-13T06:09:48.3134624Z Test 'Drupal\Tests\select2\FunctionalJavascript\Form\ElementTest::testAutocomplete' started
2020-05-13T06:09:59.7442498Z Test 'Drupal\Tests\select2\FunctionalJavascript\Form\ElementTest::testAutocomplete' ended
2020-05-13T06:09:59.7501172Z Test 'Drupal\Tests\select2\FunctionalJavascript\Form\ViewsExposedFilterTest::testContentListWithSelect2Filter' started
2020-05-13T06:10:11.3402313Z Test 'Drupal\Tests\select2\FunctionalJavascript\Form\ViewsExposedFilterTest::testContentListWithSelect2Filter' ended
2020-05-13T06:10:11.3421799Z Test 'Drupal\Tests\select2\Kernel\Element\Select2Test::testSelect2Theming' started
2020-05-13T06:10:11.9787104Z Test 'Drupal\Tests\select2\Kernel\Element\Select2Test::testSelect2Theming' ended
2020-05-13T06:10:11.9789633Z Test 'Drupal\Tests\select2\Kernel\Element\Select2Test::testEmptyOption' started
2020-05-13T06:10:12.5527667Z Test 'Drupal\Tests\select2\Kernel\Element\Select2Test::testEmptyOption' ended
2020-05-13T06:10:12.5528920Z Test 'Drupal\Tests\select2\Kernel\Element\Select2Test::testAutocompleteOptions' started
2020-05-13T06:10:13.1442030Z Test 'Drupal\Tests\select2\Kernel\Element\Select2Test::testAutocompleteOptions' ended
2020-05-13T06:10:13.1446859Z Test 'Drupal\Tests\select2\Kernel\Select2ValidOptionsTest::testAvailableOptions' started
2020-05-13T06:10:14.0477983Z Test 'Drupal\Tests\select2\Kernel\Select2ValidOptionsTest::testAvailableOptions' ended
2020-05-13T06:10:14.0480622Z Test 'Drupal\Tests\select2\Unit\Element\Select2Test::testPreRenderSelect with data set #0 (true, true, array(), array('multiple', 'field_foo[]', '{"multiple":true,"placeholder...100%"}'))' started
2020-05-13T06:10:14.0629840Z Test 'Drupal\Tests\select2\Unit\Element\Select2Test::testPreRenderSelect with data set #0 (true, true, array(), array('multiple', 'field_foo[]', '{"multiple":true,"placeholder...100%"}'))' ended
2020-05-13T06:10:14.0631602Z Test 'Drupal\Tests\select2\Unit\Element\Select2Test::testPreRenderSelect with data set #1 (false, true, array(), array('field_foo', '{"multiple":false,"placeholde...100%"}'))' started
2020-05-13T06:10:14.0632882Z Test 'Drupal\Tests\select2\Unit\Element\Select2Test::testPreRenderSelect with data set #1 (false, true, array(), array('field_foo', '{"multiple":false,"placeholde...100%"}'))' ended
2020-05-13T06:10:14.0634388Z Test 'Drupal\Tests\select2\Unit\Element\Select2Test::testPreRenderSelect with data set #2 (true, false, array(), array('multiple', 'field_foo[]', '{"multiple":true,"placeholder...100%"}'))' started
2020-05-13T06:10:14.0635671Z Test 'Drupal\Tests\select2\Unit\Element\Select2Test::testPreRenderSelect with data set #2 (true, false, array(), array('multiple', 'field_foo[]', '{"multiple":true,"placeholder...100%"}'))' ended
2020-05-13T06:10:14.0636898Z Test 'Drupal\Tests\select2\Unit\Element\Select2Test::testPreRenderSelect with data set #3 (false, false, array(), array('field_foo', '{"multiple":false,"placeholde...100%"}'))' started
2020-05-13T06:10:14.0638092Z Test 'Drupal\Tests\select2\Unit\Element\Select2Test::testPreRenderSelect with data set #3 (false, false, array(), array('field_foo', '{"multiple":false,"placeholde...100%"}'))' ended
2020-05-13T06:10:14.0639687Z Test 'Drupal\Tests\select2\Unit\Element\Select2Test::testPreRenderSelect with data set #4 (false, false, array(false, true), array('field_foo', '{"multiple":true,"placeholder...100%"}'))' started
2020-05-13T06:10:14.0641041Z Test 'Drupal\Tests\select2\Unit\Element\Select2Test::testPreRenderSelect with data set #4 (false, false, array(false, true), array('field_foo', '{"multiple":true,"placeholder...100%"}'))' ended
2020-05-13T06:10:14.0641314Z 
2020-05-13T06:10:14.0641510Z 
2020-05-13T06:10:14.0641834Z Time: 6.25 minutes, Memory: 10.00 MB
2020-05-13T06:10:14.0642021Z 
2020-05-13T06:10:14.0642296Z There was 1 error:
2020-05-13T06:10:14.0642477Z 
2020-05-13T06:10:14.0642960Z 1) Drupal\Tests\select2\FunctionalJavascript\FieldWidget\Select2EntityReferenceWidgetTest::testAjaxCallbacksInBetween
2020-05-13T06:10:14.0695578Z Exception: invalid argument: File not found : /tmp/test/select2/install/web/sites/simpletest/17444670/files/text-0.txt
2020-05-13T06:10:14.0696457Z   (Session info: chrome=74.0.3729.169)
2020-05-13T06:10:14.0697682Z   (Driver info: chromedriver=74.0.3729.6 (255758eccf3d244491b8a1317aa76e1ce10d57e9-refs/branch-heads/3729@{#29}),platform=Linux 5.3.0-1020-azure x86_64)
2020-05-13T06:10:14.0698003Z 
2020-05-13T06:10:14.0698826Z /tmp/test/select2/install/vendor/instaclick/php-webdriver/lib/WebDriver/Exception.php:144
2020-05-13T06:10:14.0700522Z /tmp/test/select2/install/vendor/instaclick/php-webdriver/lib/WebDriver/AbstractWebDriver.php:157
2020-05-13T06:10:14.0701318Z /tmp/test/select2/install/vendor/instaclick/php-webdriver/lib/WebDriver/AbstractWebDriver.php:218
2020-05-13T06:10:14.0702033Z /tmp/test/select2/install/vendor/instaclick/php-webdriver/lib/WebDriver/Container.php:234
2020-05-13T06:10:14.0702742Z /tmp/test/select2/install/vendor/behat/mink-selenium2-driver/src/Selenium2Driver.php:838
2020-05-13T06:10:14.0703203Z /tmp/test/select2/install/vendor/behat/mink/src/Element/NodeElement.php:261
2020-05-13T06:10:14.0703903Z /tmp/test/select2/install/vendor/behat/mink/src/Element/TraversableElement.php:295
2020-05-13T06:10:14.0704357Z /home/runner/work/select2/select2/tests/src/FunctionalJavascript/FieldWidget/Select2EntityReferenceWidgetTest.php:357
2020-05-13T06:10:14.0704485Z 
2020-05-13T06:10:14.0704871Z --
2020-05-13T06:10:14.0704949Z 
2020-05-13T06:10:14.0705140Z There was 1 skipped test:
2020-05-13T06:10:14.0705236Z 
2020-05-13T06:10:14.0705622Z 1) Drupal\Tests\select2\FunctionalJavascript\FieldWidget\Select2EntityReferenceWidgetTest::testAutocompleteDragnDrop
2020-05-13T06:10:14.0706075Z Testing drag and drop is currently not possible due to a bug in chromedriver. See https://www.drupal.org/node/3084730.
2020-05-13T06:10:14.0706197Z 
2020-05-13T06:10:14.0706565Z /home/runner/work/select2/select2/tests/src/FunctionalJavascript/FieldWidget/Select2EntityReferenceWidgetTest.php:439
2020-05-13T06:10:14.0706684Z 
2020-05-13T06:10:14.0706824Z ERRORS!
2020-05-13T06:10:14.0707065Z Tests: 38, Assertions: 270, Errors: 1, Skipped: 1.
2020-05-13T06:10:14.0789550Z ##[error]Process completed with exit code 1.
2020-05-13T06:10:14.0807431Z Cleaning up orphan processes
2020-05-13T06:10:14.1076637Z Terminate orphan process: pid (5778) (php)

