2020-05-11T06:00:49.5641088Z ##[section]Starting: Request a runner to run this job
2020-05-11T06:00:50.6111981Z Requesting a hosted runner in current repository's account/organization with labels: 'ubuntu-latest', require runner match: True
2020-05-11T06:00:50.7613320Z Labels matched hosted runners has been found, waiting for one of them get assigned for this job.
2020-05-11T06:00:50.8503487Z ##[section]Finishing: Request a runner to run this job
2020-05-11T06:01:11.7404259Z Current runner version: '2.169.1'
2020-05-11T06:01:11.7425593Z ##[group]Operating System
2020-05-11T06:01:11.7426203Z Ubuntu
2020-05-11T06:01:11.7426403Z 18.04.4
2020-05-11T06:01:11.7426546Z LTS
2020-05-11T06:01:11.7426737Z ##[endgroup]
2020-05-11T06:01:11.7426935Z ##[group]Virtual Environment
2020-05-11T06:01:11.7427200Z Environment: ubuntu-18.04
2020-05-11T06:01:11.7427351Z Version: 20200406.2
2020-05-11T06:01:11.7427637Z Included Software: https://github.com/actions/virtual-environments/blob/ubuntu18/20200406.2/images/linux/Ubuntu1804-README.md
2020-05-11T06:01:11.7427888Z ##[endgroup]
2020-05-11T06:01:11.7429448Z Prepare workflow directory
2020-05-11T06:01:11.7633194Z Prepare all required actions
2020-05-11T06:01:11.7643836Z Download action repository 'actions/checkout@v1'
2020-05-11T06:01:12.7530343Z Download action repository 'actions/setup-node@v1'
2020-05-11T06:01:13.7137882Z Download action repository 'shivammathur/setup-php@master'
2020-05-11T06:01:13.8322974Z Download action repository 'actions/cache@v1'
2020-05-11T06:01:13.9790937Z ##[group]Run actions/checkout@v1
2020-05-11T06:01:13.9791218Z with:
2020-05-11T06:01:13.9791377Z   clean: true
2020-05-11T06:01:13.9791531Z env:
2020-05-11T06:01:13.9791685Z   DRUPAL_TESTING_TEST_CODING_STYLES: false
2020-05-11T06:01:13.9791824Z   DRUPAL_TESTING_DATABASE_USER: root
2020-05-11T06:01:13.9791979Z   DRUPAL_TESTING_DATABASE_PASSWORD: root
2020-05-11T06:01:13.9792133Z   DRUPAL_TESTING_DATABASE_ENGINE: mysql
2020-05-11T06:01:13.9792284Z ##[endgroup]
2020-05-11T06:01:14.2276347Z Syncing repository: thunder/select2
2020-05-11T06:01:14.2405808Z ##[command]git version
2020-05-11T06:01:14.2637180Z git version 2.26.0
2020-05-11T06:01:14.2714625Z ##[command]git lfs version
2020-05-11T06:01:14.3665666Z git-lfs/2.10.0 (GitHub; linux amd64; go 1.13.4)
2020-05-11T06:01:14.3819439Z ##[command]git init "/home/runner/work/select2/select2"
2020-05-11T06:01:14.3921338Z Initialized empty Git repository in /home/runner/work/select2/select2/.git/
2020-05-11T06:01:14.9023267Z ##[command]git remote add origin https://github.com/thunder/select2
2020-05-11T06:01:14.9024351Z ##[command]git config gc.auto 0
2020-05-11T06:01:14.9025321Z ##[command]git config --get-all http.https://github.com/thunder/select2.extraheader
2020-05-11T06:01:14.9029717Z ##[command]git -c http.extraheader="AUTHORIZATION: basic ***" fetch --tags --prune --progress --no-recurse-submodules origin +refs/heads/*:refs/remotes/origin/*
2020-05-11T06:01:14.9030194Z remote: Enumerating objects: 231, done.        
2020-05-11T06:01:14.9030420Z remote: Counting objects:   0% (1/231)        
2020-05-11T06:01:14.9030578Z remote: Counting objects:   1% (3/231)        
2020-05-11T06:01:14.9030747Z remote: Counting objects:   2% (5/231)        
2020-05-11T06:01:14.9030917Z remote: Counting objects:   3% (7/231)        
2020-05-11T06:01:14.9031222Z remote: Counting objects:   4% (10/231)        
2020-05-11T06:01:14.9031434Z remote: Counting objects:   5% (12/231)        
2020-05-11T06:01:14.9031733Z remote: Counting objects:   6% (14/231)        
2020-05-11T06:01:14.9031923Z remote: Counting objects:   7% (17/231)        
2020-05-11T06:01:14.9032206Z remote: Counting objects:   8% (19/231)        
2020-05-11T06:01:14.9032422Z remote: Counting objects:   9% (21/231)        
2020-05-11T06:01:14.9032578Z remote: Counting objects:  10% (24/231)        
2020-05-11T06:01:14.9032747Z remote: Counting objects:  11% (26/231)        
2020-05-11T06:01:14.9032917Z remote: Counting objects:  12% (28/231)        
2020-05-11T06:01:14.9033211Z remote: Counting objects:  13% (31/231)        
2020-05-11T06:01:14.9033419Z remote: Counting objects:  14% (33/231)        
2020-05-11T06:01:14.9033685Z remote: Counting objects:  15% (35/231)        
2020-05-11T06:01:14.9033891Z remote: Counting objects:  16% (37/231)        
2020-05-11T06:01:14.9034174Z remote: Counting objects:  17% (40/231)        
2020-05-11T06:01:14.9034344Z remote: Counting objects:  18% (42/231)        
2020-05-11T06:01:14.9034628Z remote: Counting objects:  19% (44/231)        
2020-05-11T06:01:14.9035143Z remote: Counting objects:  20% (47/231)        
2020-05-11T06:01:14.9035564Z remote: Counting objects:  21% (49/231)        
2020-05-11T06:01:14.9035837Z remote: Counting objects:  22% (51/231)        
2020-05-11T06:01:14.9036034Z remote: Counting objects:  23% (54/231)        
2020-05-11T06:01:14.9036191Z remote: Counting objects:  24% (56/231)        
2020-05-11T06:01:14.9036459Z remote: Counting objects:  25% (58/231)        
2020-05-11T06:01:14.9036716Z remote: Counting objects:  26% (61/231)        
2020-05-11T06:01:14.9036910Z remote: Counting objects:  27% (63/231)        
2020-05-11T06:01:14.9037370Z remote: Counting objects:  28% (65/231)        
2020-05-11T06:01:14.9037655Z remote: Counting objects:  29% (67/231)        
2020-05-11T06:01:14.9037852Z remote: Counting objects:  30% (70/231)        
2020-05-11T06:01:14.9038010Z remote: Counting objects:  31% (72/231)        
2020-05-11T06:01:14.9038262Z remote: Counting objects:  32% (74/231)        
2020-05-11T06:01:14.9038685Z remote: Counting objects:  33% (77/231)        
2020-05-11T06:01:14.9038984Z remote: Counting objects:  34% (79/231)        
2020-05-11T06:01:14.9050828Z remote: Counting objects:  35% (81/231)        
2020-05-11T06:01:14.9051225Z remote: Counting objects:  36% (84/231)        
2020-05-11T06:01:14.9051456Z remote: Counting objects:  37% (86/231)        
2020-05-11T06:01:14.9051612Z remote: Counting objects:  38% (88/231)        
2020-05-11T06:01:14.9051905Z remote: Counting objects:  39% (91/231)        
2020-05-11T06:01:14.9052115Z remote: Counting objects:  40% (93/231)        
2020-05-11T06:01:14.9052286Z remote: Counting objects:  41% (95/231)        
2020-05-11T06:01:14.9052572Z remote: Counting objects:  42% (98/231)        
2020-05-11T06:01:14.9052762Z remote: Counting objects:  43% (100/231)        
2020-05-11T06:01:14.9053044Z remote: Counting objects:  44% (102/231)        
2020-05-11T06:01:14.9053265Z remote: Counting objects:  45% (104/231)        
2020-05-11T06:01:14.9053460Z remote: Counting objects:  46% (107/231)        
2020-05-11T06:01:14.9053646Z remote: Counting objects:  47% (109/231)        
2020-05-11T06:01:14.9053798Z remote: Counting objects:  48% (111/231)        
2020-05-11T06:01:14.9054087Z remote: Counting objects:  49% (114/231)        
2020-05-11T06:01:14.9054379Z remote: Counting objects:  50% (116/231)        
2020-05-11T06:01:14.9054591Z remote: Counting objects:  51% (118/231)        
2020-05-11T06:01:14.9054881Z remote: Counting objects:  52% (121/231)        
2020-05-11T06:01:14.9055035Z remote: Counting objects:  53% (123/231)        
2020-05-11T06:01:14.9055320Z remote: Counting objects:  54% (125/231)        
2020-05-11T06:01:14.9055528Z remote: Counting objects:  55% (128/231)        
2020-05-11T06:01:14.9055699Z remote: Counting objects:  56% (130/231)        
2020-05-11T06:01:14.9056055Z remote: Counting objects:  57% (132/231)        
2020-05-11T06:01:14.9056342Z remote: Counting objects:  58% (134/231)        
2020-05-11T06:01:14.9056686Z remote: Counting objects:  59% (137/231)        
2020-05-11T06:01:14.9056870Z remote: Counting objects:  60% (139/231)        
2020-05-11T06:01:14.9057042Z remote: Counting objects:  61% (141/231)        
2020-05-11T06:01:14.9057338Z remote: Counting objects:  62% (144/231)        
2020-05-11T06:01:14.9057492Z remote: Counting objects:  63% (146/231)        
2020-05-11T06:01:14.9057775Z remote: Counting objects:  64% (148/231)        
2020-05-11T06:01:14.9058066Z remote: Counting objects:  65% (151/231)        
2020-05-11T06:01:14.9058275Z remote: Counting objects:  66% (153/231)        
2020-05-11T06:01:14.9058553Z remote: Counting objects:  67% (155/231)        
2020-05-11T06:01:14.9058759Z remote: Counting objects:  68% (158/231)        
2020-05-11T06:01:14.9059044Z remote: Counting objects:  69% (160/231)        
2020-05-11T06:01:14.9059216Z remote: Counting objects:  70% (162/231)        
2020-05-11T06:01:14.9059501Z remote: Counting objects:  71% (165/231)        
2020-05-11T06:01:14.9059799Z remote: Counting objects:  72% (167/231)        
2020-05-11T06:01:14.9060293Z remote: Counting objects:  73% (169/231)        
2020-05-11T06:01:14.9060504Z remote: Counting objects:  74% (171/231)        
2020-05-11T06:01:14.9060674Z remote: Counting objects:  75% (174/231)        
2020-05-11T06:01:14.9060960Z remote: Counting objects:  76% (176/231)        
2020-05-11T06:01:14.9061252Z remote: Counting objects:  77% (178/231)        
2020-05-11T06:01:14.9061456Z remote: Counting objects:  78% (181/231)        
2020-05-11T06:01:14.9061611Z remote: Counting objects:  79% (183/231)        
2020-05-11T06:01:14.9061899Z remote: Counting objects:  80% (185/231)        
2020-05-11T06:01:14.9062102Z remote: Counting objects:  81% (188/231)        
2020-05-11T06:01:14.9062440Z remote: Counting objects:  82% (190/231)        
2020-05-11T06:01:14.9062748Z remote: Counting objects:  83% (192/231)        
2020-05-11T06:01:14.9062938Z remote: Counting objects:  84% (195/231)        
2020-05-11T06:01:14.9063224Z remote: Counting objects:  85% (197/231)        
2020-05-11T06:01:14.9063832Z remote: Counting objects:  86% (199/231)        
2020-05-11T06:01:15.7112963Z remote: Counting objects:  87% (201/231)        
2020-05-11T06:01:15.7215196Z remote: Counting objects:  88% (204/231)        
2020-05-11T06:01:15.7216436Z remote: Counting objects:  89% (206/231)        
2020-05-11T06:01:15.7216683Z remote: Counting objects:  90% (208/231)        
2020-05-11T06:01:15.7216882Z remote: Counting objects:  91% (211/231)        
2020-05-11T06:01:15.7217255Z remote: Counting objects:  92% (213/231)        
2020-05-11T06:01:15.7217594Z remote: Counting objects:  93% (215/231)        
2020-05-11T06:01:15.7217924Z remote: Counting objects:  94% (218/231)        
2020-05-11T06:01:15.7218097Z remote: Counting objects:  95% (220/231)        
2020-05-11T06:01:15.7218397Z remote: Counting objects:  96% (222/231)        
2020-05-11T06:01:15.7218611Z remote: Counting objects:  97% (225/231)        
2020-05-11T06:01:15.7218764Z remote: Counting objects:  98% (227/231)        
2020-05-11T06:01:15.7219102Z remote: Counting objects:  99% (229/231)        
2020-05-11T06:01:15.7219360Z remote: Counting objects: 100% (231/231)        
2020-05-11T06:01:15.7219540Z remote: Counting objects: 100% (231/231), done.        
2020-05-11T06:01:15.7219847Z remote: Compressing objects:   0% (1/105)        
2020-05-11T06:01:15.7220130Z remote: Compressing objects:   1% (2/105)        
2020-05-11T06:01:15.7220302Z remote: Compressing objects:   2% (3/105)        
2020-05-11T06:01:15.7220597Z remote: Compressing objects:   3% (4/105)        
2020-05-11T06:01:15.7220942Z remote: Compressing objects:   4% (5/105)        
2020-05-11T06:01:15.7221111Z remote: Compressing objects:   5% (6/105)        
2020-05-11T06:01:15.7221387Z remote: Compressing objects:   6% (7/105)        
2020-05-11T06:01:15.7221608Z remote: Compressing objects:   7% (8/105)        
2020-05-11T06:01:15.7221777Z remote: Compressing objects:   8% (9/105)        
2020-05-11T06:01:15.7222071Z remote: Compressing objects:   9% (10/105)        
2020-05-11T06:01:15.7222263Z remote: Compressing objects:  10% (11/105)        
2020-05-11T06:01:15.7222457Z remote: Compressing objects:  11% (12/105)        
2020-05-11T06:01:15.7222765Z remote: Compressing objects:  12% (13/105)        
2020-05-11T06:01:15.7222969Z remote: Compressing objects:  13% (14/105)        
2020-05-11T06:01:15.7223739Z remote: Compressing objects:  14% (15/105)        
2020-05-11T06:01:15.7223955Z remote: Compressing objects:  15% (16/105)        
2020-05-11T06:01:15.7224113Z remote: Compressing objects:  16% (17/105)        
2020-05-11T06:01:15.7224406Z remote: Compressing objects:  17% (18/105)        
2020-05-11T06:01:15.7224706Z remote: Compressing objects:  18% (19/105)        
2020-05-11T06:01:15.7224877Z remote: Compressing objects:  19% (20/105)        
2020-05-11T06:01:15.7225169Z remote: Compressing objects:  20% (21/105)        
2020-05-11T06:01:15.7225484Z remote: Compressing objects:  21% (23/105)        
2020-05-11T06:01:15.7225653Z remote: Compressing objects:  22% (24/105)        
2020-05-11T06:01:15.7226185Z remote: Compressing objects:  23% (25/105)        
2020-05-11T06:01:15.7226394Z remote: Compressing objects:  24% (26/105)        
2020-05-11T06:01:15.7226594Z remote: Compressing objects:  25% (27/105)        
2020-05-11T06:01:15.7226915Z remote: Compressing objects:  26% (28/105)        
2020-05-11T06:01:15.7227107Z remote: Compressing objects:  27% (29/105)        
2020-05-11T06:01:15.7227275Z remote: Compressing objects:  28% (30/105)        
2020-05-11T06:01:15.7227566Z remote: Compressing objects:  29% (31/105)        
2020-05-11T06:01:15.7227948Z remote: Compressing objects:  30% (32/105)        
2020-05-11T06:01:15.7228230Z remote: Compressing objects:  31% (33/105)        
2020-05-11T06:01:15.7228489Z remote: Compressing objects:  32% (34/105)        
2020-05-11T06:01:15.7228697Z remote: Compressing objects:  33% (35/105)        
2020-05-11T06:01:15.7228890Z remote: Compressing objects:  34% (36/105)        
2020-05-11T06:01:15.7229159Z remote: Compressing objects:  35% (37/105)        
2020-05-11T06:01:15.7229331Z remote: Compressing objects:  36% (38/105)        
2020-05-11T06:01:15.7229472Z remote: Compressing objects:  37% (39/105)        
2020-05-11T06:01:15.7229928Z remote: Compressing objects:  38% (40/105)        
2020-05-11T06:01:15.7230136Z remote: Compressing objects:  39% (41/105)        
2020-05-11T06:01:15.7230305Z remote: Compressing objects:  40% (42/105)        
2020-05-11T06:01:15.7230598Z remote: Compressing objects:  41% (44/105)        
2020-05-11T06:01:15.7230945Z remote: Compressing objects:  42% (45/105)        
2020-05-11T06:01:15.7231134Z remote: Compressing objects:  43% (46/105)        
2020-05-11T06:01:15.7231435Z remote: Compressing objects:  44% (47/105)        
2020-05-11T06:01:15.7231593Z remote: Compressing objects:  45% (48/105)        
2020-05-11T06:01:15.7231871Z remote: Compressing objects:  46% (49/105)        
2020-05-11T06:01:15.7232178Z remote: Compressing objects:  47% (50/105)        
2020-05-11T06:01:15.7232331Z remote: Compressing objects:  48% (51/105)        
2020-05-11T06:01:15.7232613Z remote: Compressing objects:  49% (52/105)        
2020-05-11T06:01:15.7232908Z remote: Compressing objects:  50% (53/105)        
2020-05-11T06:01:15.7233064Z remote: Compressing objects:  51% (54/105)        
2020-05-11T06:01:15.7233343Z remote: Compressing objects:  52% (55/105)        
2020-05-11T06:01:15.7233874Z remote: Compressing objects:  53% (56/105)        
2020-05-11T06:01:15.7234031Z remote: Compressing objects:  54% (57/105)        
2020-05-11T06:01:15.7234304Z remote: Compressing objects:  55% (58/105)        
2020-05-11T06:01:15.7234585Z remote: Compressing objects:  56% (59/105)        
2020-05-11T06:01:15.7234741Z remote: Compressing objects:  57% (60/105)        
2020-05-11T06:01:15.7235003Z remote: Compressing objects:  58% (61/105)        
2020-05-11T06:01:15.7235338Z remote: Compressing objects:  59% (62/105)        
2020-05-11T06:01:15.7235497Z remote: Compressing objects:  60% (63/105)        
2020-05-11T06:01:15.7235792Z remote: Compressing objects:  61% (65/105)        
2020-05-11T06:01:15.7236043Z remote: Compressing objects:  62% (66/105)        
2020-05-11T06:01:15.7236186Z remote: Compressing objects:  63% (67/105)        
2020-05-11T06:01:15.7236458Z remote: Compressing objects:  64% (68/105)        
2020-05-11T06:01:15.7236793Z remote: Compressing objects:  65% (69/105)        
2020-05-11T06:01:15.7236952Z remote: Compressing objects:  66% (70/105)        
2020-05-11T06:01:15.7237228Z remote: Compressing objects:  67% (71/105)        
2020-05-11T06:01:15.7237425Z remote: Compressing objects:  68% (72/105)        
2020-05-11T06:01:15.7237588Z remote: Compressing objects:  69% (73/105)        
2020-05-11T06:01:15.7237862Z remote: Compressing objects:  70% (74/105)        
2020-05-11T06:01:15.7238205Z remote: Compressing objects:  71% (75/105)        
2020-05-11T06:01:15.7238364Z remote: Compressing objects:  72% (76/105)        
2020-05-11T06:01:15.7238626Z remote: Compressing objects:  73% (77/105)        
2020-05-11T06:01:15.7238959Z remote: Compressing objects:  74% (78/105)        
2020-05-11T06:01:15.7239119Z remote: Compressing objects:  75% (79/105)        
2020-05-11T06:01:15.7239393Z remote: Compressing objects:  76% (80/105)        
2020-05-11T06:01:15.7239730Z remote: Compressing objects:  77% (81/105)        
2020-05-11T06:01:15.7239871Z remote: Compressing objects:  78% (82/105)        
2020-05-11T06:01:15.7240149Z remote: Compressing objects:  79% (83/105)        
2020-05-11T06:01:15.7240461Z remote: Compressing objects:  80% (84/105)        
2020-05-11T06:01:15.7240621Z remote: Compressing objects:  81% (86/105)        
2020-05-11T06:01:15.7240896Z remote: Compressing objects:  82% (87/105)        
2020-05-11T06:01:15.7241241Z remote: Compressing objects:  83% (88/105)        
2020-05-11T06:01:15.7241384Z remote: Compressing objects:  84% (89/105)        
2020-05-11T06:01:15.7241661Z remote: Compressing objects:  85% (90/105)        
2020-05-11T06:01:15.7242111Z remote: Compressing objects:  86% (91/105)        
2020-05-11T06:01:15.7242281Z remote: Compressing objects:  87% (92/105)        
2020-05-11T06:01:15.7242563Z remote: Compressing objects:  88% (93/105)        
2020-05-11T06:01:15.7242806Z remote: Compressing objects:  89% (94/105)        
2020-05-11T06:01:15.7242965Z remote: Compressing objects:  90% (95/105)        
2020-05-11T06:01:15.7243237Z remote: Compressing objects:  91% (96/105)        
2020-05-11T06:01:15.7243624Z remote: Compressing objects:  92% (97/105)        
2020-05-11T06:01:15.7243781Z remote: Compressing objects:  93% (98/105)        
2020-05-11T06:01:15.7244041Z remote: Compressing objects:  94% (99/105)        
2020-05-11T06:01:15.7244292Z remote: Compressing objects:  95% (100/105)        
2020-05-11T06:01:15.7244453Z remote: Compressing objects:  96% (101/105)        
2020-05-11T06:01:15.7244733Z remote: Compressing objects:  97% (102/105)        
2020-05-11T06:01:15.7245070Z remote: Compressing objects:  98% (103/105)        
2020-05-11T06:01:15.7245223Z remote: Compressing objects:  99% (104/105)        
2020-05-11T06:01:15.7245507Z remote: Compressing objects: 100% (105/105)        
2020-05-11T06:01:15.7245752Z remote: Compressing objects: 100% (105/105), done.        
2020-05-11T06:01:15.7245914Z Receiving objects:   0% (1/1050)
2020-05-11T06:01:15.7246189Z Receiving objects:   1% (11/1050)
2020-05-11T06:01:15.7246410Z Receiving objects:   2% (21/1050)
2020-05-11T06:01:15.7246564Z Receiving objects:   3% (32/1050)
2020-05-11T06:01:15.7246837Z Receiving objects:   4% (42/1050)
2020-05-11T06:01:15.7247223Z Receiving objects:   5% (53/1050)
2020-05-11T06:01:15.7247376Z Receiving objects:   6% (63/1050)
2020-05-11T06:01:15.7247631Z Receiving objects:   7% (74/1050)
2020-05-11T06:01:15.7247975Z Receiving objects:   8% (84/1050)
2020-05-11T06:01:15.7248128Z Receiving objects:   9% (95/1050)
2020-05-11T06:01:15.7248395Z Receiving objects:  10% (105/1050)
2020-05-11T06:01:15.7248740Z Receiving objects:  11% (116/1050)
2020-05-11T06:01:15.7248880Z Receiving objects:  12% (126/1050)
2020-05-11T06:01:15.7249171Z Receiving objects:  13% (137/1050)
2020-05-11T06:01:15.7249516Z Receiving objects:  14% (147/1050)
2020-05-11T06:01:15.7249669Z Receiving objects:  15% (158/1050)
2020-05-11T06:01:15.7249952Z Receiving objects:  16% (168/1050)
2020-05-11T06:01:15.7250221Z Receiving objects:  17% (179/1050)
2020-05-11T06:01:15.7250373Z Receiving objects:  18% (189/1050)
2020-05-11T06:01:15.7250626Z Receiving objects:  19% (200/1050)
2020-05-11T06:01:15.7250980Z Receiving objects:  20% (210/1050)
2020-05-11T06:01:15.7251132Z Receiving objects:  21% (221/1050)
2020-05-11T06:01:15.7251404Z Receiving objects:  22% (231/1050)
2020-05-11T06:01:15.7251755Z Receiving objects:  23% (242/1050)
2020-05-11T06:01:15.7251893Z Receiving objects:  24% (252/1050)
2020-05-11T06:01:15.7252161Z Receiving objects:  25% (263/1050)
2020-05-11T06:01:15.7252436Z Receiving objects:  26% (273/1050)
2020-05-11T06:01:15.7252587Z Receiving objects:  27% (284/1050)
2020-05-11T06:01:15.7252856Z Receiving objects:  28% (294/1050)
2020-05-11T06:01:15.7253236Z Receiving objects:  29% (305/1050)
2020-05-11T06:01:15.7253392Z Receiving objects:  30% (315/1050)
2020-05-11T06:01:15.7253662Z Receiving objects:  31% (326/1050)
2020-05-11T06:01:15.7253927Z Receiving objects:  32% (336/1050)
2020-05-11T06:01:15.7254064Z Receiving objects:  33% (347/1050)
2020-05-11T06:01:15.7254330Z Receiving objects:  34% (357/1050)
2020-05-11T06:01:15.7254693Z Receiving objects:  35% (368/1050)
2020-05-11T06:01:15.7254847Z Receiving objects:  36% (378/1050)
2020-05-11T06:01:15.7255119Z Receiving objects:  37% (389/1050)
2020-05-11T06:01:15.7255482Z Receiving objects:  38% (399/1050)
2020-05-11T06:01:15.7255636Z Receiving objects:  39% (410/1050)
2020-05-11T06:01:15.7255902Z Receiving objects:  40% (420/1050)
2020-05-11T06:01:15.7256266Z Receiving objects:  41% (431/1050)
2020-05-11T06:01:15.7256420Z Receiving objects:  42% (441/1050)
2020-05-11T06:01:15.7256675Z Receiving objects:  43% (452/1050)
2020-05-11T06:01:15.7256962Z Receiving objects:  44% (462/1050)
2020-05-11T06:01:15.7257183Z Receiving objects:  45% (473/1050)
2020-05-11T06:01:15.7257465Z Receiving objects:  46% (483/1050)
2020-05-11T06:01:15.7257825Z Receiving objects:  47% (494/1050)
2020-05-11T06:01:15.7257963Z Receiving objects:  48% (504/1050)
2020-05-11T06:01:15.7258231Z Receiving objects:  49% (515/1050)
2020-05-11T06:01:15.7258542Z Receiving objects:  50% (525/1050)
2020-05-11T06:01:15.7258695Z Receiving objects:  51% (536/1050)
2020-05-11T06:01:15.7258963Z Receiving objects:  52% (546/1050)
2020-05-11T06:01:15.7259287Z Receiving objects:  53% (557/1050)
2020-05-11T06:01:15.7259441Z Receiving objects:  54% (567/1050)
2020-05-11T06:01:15.7259708Z Receiving objects:  55% (578/1050)
2020-05-11T06:01:15.7260141Z Receiving objects:  56% (588/1050)
2020-05-11T06:01:15.7260290Z Receiving objects:  57% (599/1050)
2020-05-11T06:01:15.7260575Z Receiving objects:  58% (609/1050)
2020-05-11T06:01:15.7260866Z Receiving objects:  59% (620/1050)
2020-05-11T06:01:15.7261030Z Receiving objects:  60% (630/1050)
2020-05-11T06:01:15.7261334Z Receiving objects:  61% (641/1050)
2020-05-11T06:01:15.7261685Z Receiving objects:  62% (651/1050)
2020-05-11T06:01:15.7262541Z remote: Total 1050 (delta 142), reused 145 (delta 104), pack-reused 819        
2020-05-11T06:01:15.7262887Z Receiving objects:  63% (662/1050)
2020-05-11T06:01:15.7263095Z Receiving objects:  64% (672/1050)
2020-05-11T06:01:15.7263259Z Receiving objects:  65% (683/1050)
2020-05-11T06:01:15.7263696Z Receiving objects:  66% (693/1050)
2020-05-11T06:01:15.7263919Z Receiving objects:  67% (704/1050)
2020-05-11T06:01:15.7264083Z Receiving objects:  68% (714/1050)
2020-05-11T06:01:15.7264368Z Receiving objects:  69% (725/1050)
2020-05-11T06:01:15.7264569Z Receiving objects:  70% (735/1050)
2020-05-11T06:01:15.7264765Z Receiving objects:  71% (746/1050)
2020-05-11T06:01:15.7264913Z Receiving objects:  72% (756/1050)
2020-05-11T06:01:15.7265195Z Receiving objects:  73% (767/1050)
2020-05-11T06:01:15.7265395Z Receiving objects:  74% (777/1050)
2020-05-11T06:01:15.7265611Z Receiving objects:  75% (788/1050)
2020-05-11T06:01:15.7265930Z Receiving objects:  76% (798/1050)
2020-05-11T06:01:15.7267440Z Receiving objects:  77% (809/1050)
2020-05-11T06:01:15.7267610Z Receiving objects:  78% (819/1050)
2020-05-11T06:01:15.7267772Z Receiving objects:  79% (830/1050)
2020-05-11T06:01:15.7268080Z Receiving objects:  80% (840/1050)
2020-05-11T06:01:15.7268230Z Receiving objects:  81% (851/1050)
2020-05-11T06:01:15.7268514Z Receiving objects:  82% (861/1050)
2020-05-11T06:01:15.7268764Z Receiving objects:  83% (872/1050)
2020-05-11T06:01:15.7268927Z Receiving objects:  84% (882/1050)
2020-05-11T06:01:15.7269216Z Receiving objects:  85% (893/1050)
2020-05-11T06:01:15.7269398Z Receiving objects:  86% (903/1050)
2020-05-11T06:01:15.7269601Z Receiving objects:  87% (914/1050)
2020-05-11T06:01:15.7269762Z Receiving objects:  88% (924/1050)
2020-05-11T06:01:15.7270044Z Receiving objects:  89% (935/1050)
2020-05-11T06:01:15.7270245Z Receiving objects:  90% (945/1050)
2020-05-11T06:01:15.7270547Z Receiving objects:  91% (956/1050)
2020-05-11T06:01:15.7270846Z Receiving objects:  92% (966/1050)
2020-05-11T06:01:15.7271049Z Receiving objects:  93% (977/1050)
2020-05-11T06:01:15.7271243Z Receiving objects:  94% (987/1050)
2020-05-11T06:01:15.7271405Z Receiving objects:  95% (998/1050)
2020-05-11T06:01:15.7271674Z Receiving objects:  96% (1008/1050)
2020-05-11T06:01:15.7271874Z Receiving objects:  97% (1019/1050)
2020-05-11T06:01:15.7272039Z Receiving objects:  98% (1029/1050)
2020-05-11T06:01:15.7272324Z Receiving objects:  99% (1040/1050)
2020-05-11T06:01:15.7272524Z Receiving objects: 100% (1050/1050)
2020-05-11T06:01:15.7272717Z Receiving objects: 100% (1050/1050), 187.35 KiB | 26.76 MiB/s, done.
2020-05-11T06:01:15.7272895Z Resolving deltas:   0% (0/412)
2020-05-11T06:01:15.7273179Z Resolving deltas:   1% (5/412)
2020-05-11T06:01:15.7274545Z Resolving deltas:   3% (15/412)
2020-05-11T06:01:15.7274718Z Resolving deltas:   4% (17/412)
2020-05-11T06:01:15.7275011Z Resolving deltas:   5% (23/412)
2020-05-11T06:01:15.7275346Z Resolving deltas:   6% (25/412)
2020-05-11T06:01:15.7275558Z Resolving deltas:   7% (32/412)
2020-05-11T06:01:15.7275756Z Resolving deltas:   8% (35/412)
2020-05-11T06:01:15.7275903Z Resolving deltas:   9% (38/412)
2020-05-11T06:01:15.7276192Z Resolving deltas:  11% (47/412)
2020-05-11T06:01:15.7276393Z Resolving deltas:  13% (56/412)
2020-05-11T06:01:15.7276593Z Resolving deltas:  14% (58/412)
2020-05-11T06:01:15.7276755Z Resolving deltas:  17% (73/412)
2020-05-11T06:01:15.7276904Z Resolving deltas:  19% (80/412)
2020-05-11T06:01:15.7277185Z Resolving deltas:  20% (85/412)
2020-05-11T06:01:15.7277442Z Resolving deltas:  22% (93/412)
2020-05-11T06:01:15.7277639Z Resolving deltas:  23% (95/412)
2020-05-11T06:01:15.7277834Z Resolving deltas:  24% (101/412)
2020-05-11T06:01:15.7278021Z Resolving deltas:  25% (104/412)
2020-05-11T06:01:15.7278183Z Resolving deltas:  26% (108/412)
2020-05-11T06:01:15.7278465Z Resolving deltas:  31% (128/412)
2020-05-11T06:01:15.7278673Z Resolving deltas:  34% (144/412)
2020-05-11T06:01:15.7278967Z Resolving deltas:  35% (146/412)
2020-05-11T06:01:15.7279152Z Resolving deltas:  37% (154/412)
2020-05-11T06:01:15.7279314Z Resolving deltas:  38% (157/412)
2020-05-11T06:01:15.7279595Z Resolving deltas:  39% (162/412)
2020-05-11T06:01:15.7279795Z Resolving deltas:  40% (165/412)
2020-05-11T06:01:15.7279991Z Resolving deltas:  49% (202/412)
2020-05-11T06:01:15.7280140Z Resolving deltas:  51% (214/412)
2020-05-11T06:01:15.7280420Z Resolving deltas:  55% (228/412)
2020-05-11T06:01:15.7280708Z Resolving deltas:  56% (231/412)
2020-05-11T06:01:15.7280983Z Resolving deltas:  57% (238/412)
2020-05-11T06:01:15.7281182Z Resolving deltas:  58% (239/412)
2020-05-11T06:01:15.7281330Z Resolving deltas:  59% (244/412)
2020-05-11T06:01:15.7281605Z Resolving deltas:  60% (248/412)
2020-05-11T06:01:15.7281805Z Resolving deltas:  62% (258/412)
2020-05-11T06:01:15.7281965Z Resolving deltas:  63% (263/412)
2020-05-11T06:01:15.7282246Z Resolving deltas:  64% (266/412)
2020-05-11T06:01:15.7282410Z Resolving deltas:  67% (280/412)
2020-05-11T06:01:15.7282689Z Resolving deltas:  68% (282/412)
2020-05-11T06:01:15.7282906Z Resolving deltas:  71% (293/412)
2020-05-11T06:01:15.7283067Z Resolving deltas:  76% (315/412)
2020-05-11T06:01:15.7283213Z Resolving deltas:  79% (329/412)
2020-05-11T06:01:15.7283373Z Resolving deltas:  90% (374/412)
2020-05-11T06:01:15.7283534Z Resolving deltas:  91% (376/412)
2020-05-11T06:01:15.7283693Z Resolving deltas:  93% (384/412)
2020-05-11T06:01:15.7283837Z Resolving deltas:  94% (388/412)
2020-05-11T06:01:15.7284000Z Resolving deltas:  95% (394/412)
2020-05-11T06:01:15.7284162Z Resolving deltas:  96% (398/412)
2020-05-11T06:01:15.7284322Z Resolving deltas:  98% (405/412)
2020-05-11T06:01:15.7284468Z Resolving deltas:  99% (409/412)
2020-05-11T06:01:15.7284781Z Resolving deltas: 100% (412/412)
2020-05-11T06:01:15.7285083Z Resolving deltas: 100% (412/412), done.
2020-05-11T06:01:15.7285330Z From https://github.com/thunder/select2
2020-05-11T06:01:15.7285932Z  * [new branch]      8.x-1.x             -> origin/8.x-1.x
2020-05-11T06:01:15.7286581Z  * [new branch]      featu/select-all    -> origin/featu/select-all
2020-05-11T06:01:15.7287111Z  * [new branch]      feature/2998871-bef -> origin/feature/2998871-bef
2020-05-11T06:01:15.7287626Z  * [new branch]      feature/3000623     -> origin/feature/3000623
2020-05-11T06:01:15.7288155Z  * [new branch]      feature/3007333-style-arrow -> origin/feature/3007333-style-arrow
2020-05-11T06:01:15.7288652Z  * [new tag]         8.x-1.0             -> 8.x-1.0
2020-05-11T06:01:15.7289148Z  * [new tag]         8.x-1.0-beta1       -> 8.x-1.0-beta1
2020-05-11T06:01:15.7289643Z  * [new tag]         8.x-1.0-beta2       -> 8.x-1.0-beta2
2020-05-11T06:01:15.7290125Z  * [new tag]         8.x-1.0-beta3       -> 8.x-1.0-beta3
2020-05-11T06:01:15.7290831Z  * [new tag]         8.x-1.0-beta4       -> 8.x-1.0-beta4
2020-05-11T06:01:15.7291190Z  * [new tag]         8.x-1.0-beta5       -> 8.x-1.0-beta5
2020-05-11T06:01:15.7291778Z  * [new tag]         8.x-1.0-beta6       -> 8.x-1.0-beta6
2020-05-11T06:01:15.7292312Z  * [new tag]         8.x-1.0-beta7       -> 8.x-1.0-beta7
2020-05-11T06:01:15.7292779Z  * [new tag]         8.x-1.1             -> 8.x-1.1
2020-05-11T06:01:15.7293265Z  * [new tag]         8.x-1.2             -> 8.x-1.2
2020-05-11T06:01:15.7293755Z  * [new tag]         8.x-1.3             -> 8.x-1.3
2020-05-11T06:01:15.7294233Z  * [new tag]         8.x-1.4             -> 8.x-1.4
2020-05-11T06:01:15.7294706Z  * [new tag]         8.x-1.5             -> 8.x-1.5
2020-05-11T06:01:15.7295187Z  * [new tag]         8.x-1.6             -> 8.x-1.6
2020-05-11T06:01:15.7295820Z ##[command]git checkout --progress --force 5ab645e052b93eb026b50edb497c5e18eaf0bc43
2020-05-11T06:01:15.7296353Z Note: switching to '5ab645e052b93eb026b50edb497c5e18eaf0bc43'.
2020-05-11T06:01:15.7296690Z 
2020-05-11T06:01:15.7297167Z You are in 'detached HEAD' state. You can look around, make experimental
2020-05-11T06:01:15.7297491Z changes and commit them, and you can discard any commits you make in this
2020-05-11T06:01:15.7297685Z state without impacting any branches by switching back to a branch.
2020-05-11T06:01:15.7297912Z 
2020-05-11T06:01:15.7298274Z If you want to create a new branch to retain commits you create, you may
2020-05-11T06:01:15.7298665Z do so (now or later) by using -c with the switch command. Example:
2020-05-11T06:01:15.7298906Z 
2020-05-11T06:01:15.7299278Z   git switch -c <new-branch-name>
2020-05-11T06:01:15.7299370Z 
2020-05-11T06:01:15.7299532Z Or undo this operation with:
2020-05-11T06:01:15.7299746Z 
2020-05-11T06:01:15.7300092Z   git switch -
2020-05-11T06:01:15.7300179Z 
2020-05-11T06:01:15.7300476Z Turn off this advice by setting config variable advice.detachedHead to false
2020-05-11T06:01:15.7300631Z 
2020-05-11T06:01:15.7300804Z HEAD is now at 5ab645e Issue #3087379 by angela_G, chr.fritsch, mbovan, Berdir, volkerk: Drupal 9 Deprecated Code Report
2020-05-11T06:01:15.7359225Z ##[group]Run actions/setup-node@v1
2020-05-11T06:01:15.7359419Z with:
2020-05-11T06:01:15.7359582Z   node-version: 12.x
2020-05-11T06:01:15.7359738Z   always-auth: false
2020-05-11T06:01:15.7359894Z env:
2020-05-11T06:01:15.7360050Z   DRUPAL_TESTING_TEST_CODING_STYLES: false
2020-05-11T06:01:15.7360196Z   DRUPAL_TESTING_DATABASE_USER: root
2020-05-11T06:01:15.7360355Z   DRUPAL_TESTING_DATABASE_PASSWORD: root
2020-05-11T06:01:15.7360511Z   DRUPAL_TESTING_DATABASE_ENGINE: mysql
2020-05-11T06:01:15.7360666Z ##[endgroup]
2020-05-11T06:01:16.5529527Z [command]/bin/tar xz --warning=no-unknown-keyword -C /home/runner/work/_temp/62ed36fb-bca1-490d-b951-616191ce4b3e -f /home/runner/work/_temp/07f22bc4-4c25-46c6-bc60-f3436af9b529
2020-05-11T06:01:18.8098380Z [command]/opt/hostedtoolcache/node/12.16.3/x64/bin/node --version
2020-05-11T06:01:18.8155821Z v12.16.3
2020-05-11T06:01:18.8166857Z [command]/opt/hostedtoolcache/node/12.16.3/x64/bin/npm --version
2020-05-11T06:01:18.9606646Z 6.14.4
2020-05-11T06:01:18.9756706Z ##[group]Run shivammathur/setup-php@master
2020-05-11T06:01:18.9756949Z with:
2020-05-11T06:01:18.9757150Z   coverage: none
2020-05-11T06:01:18.9757242Z   php-version: 7.3
2020-05-11T06:01:18.9757333Z env:
2020-05-11T06:01:18.9757411Z   DRUPAL_TESTING_TEST_CODING_STYLES: false
2020-05-11T06:01:18.9757507Z   DRUPAL_TESTING_DATABASE_USER: root
2020-05-11T06:01:18.9757600Z   DRUPAL_TESTING_DATABASE_PASSWORD: root
2020-05-11T06:01:18.9757691Z   DRUPAL_TESTING_DATABASE_ENGINE: mysql
2020-05-11T06:01:18.9757782Z ##[endgroup]
2020-05-11T06:01:19.0171617Z [command]/bin/bash /opt/hostedtoolcache/linux.sh 7.3 /home/runner/work/_actions/shivammathur/setup-php/master/dist
2020-05-11T06:01:19.2294690Z 
2020-05-11T06:01:20.0736054Z [90;1m==> [0m[37;1mSetup PHP[0m
2020-05-11T06:01:20.0736898Z [32;1m✓ [0m[34;1mPHP [0m[90;1mSwitched to PHP 7.3.16[0m
2020-05-11T06:01:20.0737172Z 
2020-05-11T06:01:20.0737992Z [90;1m==> [0m[37;1mSetup Tools[0m
2020-05-11T06:01:20.6752135Z [32;1m✓ [0m[34;1mcomposer [0m[90;1mAdded[0m
2020-05-11T06:01:20.6760076Z 
2020-05-11T06:01:20.6766313Z [90;1m==> [0m[37;1mSetup Coverage[0m
2020-05-11T06:01:20.9171930Z [32;1m✓ [0m[34;1mnone [0m[90;1mDisabled Xdebug and PCOV[0m
2020-05-11T06:01:20.9382181Z ##[group]Run sudo /etc/init.d/mysql start
2020-05-11T06:01:20.9382417Z [36;1msudo /etc/init.d/mysql start[0m
2020-05-11T06:01:20.9421221Z shell: /bin/bash -e {0}
2020-05-11T06:01:20.9421356Z env:
2020-05-11T06:01:20.9421452Z   DRUPAL_TESTING_TEST_CODING_STYLES: false
2020-05-11T06:01:20.9421564Z   DRUPAL_TESTING_DATABASE_USER: root
2020-05-11T06:01:20.9421672Z   DRUPAL_TESTING_DATABASE_PASSWORD: root
2020-05-11T06:01:20.9421778Z   DRUPAL_TESTING_DATABASE_ENGINE: mysql
2020-05-11T06:01:20.9421868Z ##[endgroup]
2020-05-11T06:01:25.3965356Z Starting mysql (via systemctl): mysql.service.
2020-05-11T06:01:25.4928432Z ##[group]Run actions/cache@v1
2020-05-11T06:01:25.4928574Z with:
2020-05-11T06:01:25.4928710Z   path: ~/.composer/cache
2020-05-11T06:01:25.4928852Z   key: Linux-composer-cache-dc3b128f45a0fb1aae635f9251cc540da9b67db9610f8f3b45be7d37754dc345
2020-05-11T06:01:25.4929039Z   restore-keys: Linux-composer-cache-
2020-05-11T06:01:25.4930345Z env:
2020-05-11T06:01:25.4930439Z   DRUPAL_TESTING_TEST_CODING_STYLES: false
2020-05-11T06:01:25.4930583Z   DRUPAL_TESTING_DATABASE_USER: root
2020-05-11T06:01:25.4931116Z   DRUPAL_TESTING_DATABASE_PASSWORD: root
2020-05-11T06:01:25.4931251Z   DRUPAL_TESTING_DATABASE_ENGINE: mysql
2020-05-11T06:01:25.4931339Z ##[endgroup]
2020-05-11T06:01:25.5565140Z [warning]Event Validation Error: The event type schedule is not supported. Only push, pull_request events are supported at this time.
2020-05-11T06:01:25.5588483Z ##[group]Run actions/cache@v1
2020-05-11T06:01:25.5588587Z with:
2020-05-11T06:01:25.5588709Z   path: ~/.npm
2020-05-11T06:01:25.5588842Z   key: Linux-npm-cache
2020-05-11T06:01:25.5589145Z   restore-keys: Linux-npm-cache
2020-05-11T06:01:25.5589227Z env:
2020-05-11T06:01:25.5589346Z   DRUPAL_TESTING_TEST_CODING_STYLES: false
2020-05-11T06:01:25.5589492Z   DRUPAL_TESTING_DATABASE_USER: root
2020-05-11T06:01:25.5589624Z   DRUPAL_TESTING_DATABASE_PASSWORD: root
2020-05-11T06:01:25.5589741Z   DRUPAL_TESTING_DATABASE_ENGINE: mysql
2020-05-11T06:01:25.5589826Z ##[endgroup]
2020-05-11T06:01:25.6091708Z [warning]Event Validation Error: The event type schedule is not supported. Only push, pull_request events are supported at this time.
2020-05-11T06:01:25.6104026Z ##[group]Run echo "::add-path::$HOME/.composer/vendor/bin"
2020-05-11T06:01:25.6104314Z [36;1mecho "::add-path::$HOME/.composer/vendor/bin"[0m
2020-05-11T06:01:25.6140869Z shell: /bin/bash -e {0}
2020-05-11T06:01:25.6141018Z env:
2020-05-11T06:01:25.6141130Z   DRUPAL_TESTING_TEST_CODING_STYLES: false
2020-05-11T06:01:25.6141236Z   DRUPAL_TESTING_DATABASE_USER: root
2020-05-11T06:01:25.6141309Z   DRUPAL_TESTING_DATABASE_PASSWORD: root
2020-05-11T06:01:25.6141419Z   DRUPAL_TESTING_DATABASE_ENGINE: mysql
2020-05-11T06:01:25.6141527Z ##[endgroup]
2020-05-11T06:01:25.6214205Z ##[group]Run composer global require thunder/drupal-testing
2020-05-11T06:01:25.6214477Z [36;1mcomposer global require thunder/drupal-testing[0m
2020-05-11T06:01:25.6246413Z shell: /bin/bash -e {0}
2020-05-11T06:01:25.6246512Z env:
2020-05-11T06:01:25.6246638Z   DRUPAL_TESTING_TEST_CODING_STYLES: false
2020-05-11T06:01:25.6246786Z   DRUPAL_TESTING_DATABASE_USER: root
2020-05-11T06:01:25.6246958Z   DRUPAL_TESTING_DATABASE_PASSWORD: root
2020-05-11T06:01:25.6247045Z   DRUPAL_TESTING_DATABASE_ENGINE: mysql
2020-05-11T06:01:25.6247170Z ##[endgroup]
2020-05-11T06:01:26.2301875Z Changed current directory to /home/runner/.composer
2020-05-11T06:01:50.8214779Z Using version ^1.0 for thunder/drupal-testing
2020-05-11T06:01:50.8243205Z ./composer.json has been updated
2020-05-11T06:01:50.9359026Z Loading composer repositories with package information
2020-05-11T06:01:51.2611643Z Updating dependencies (including require-dev)
2020-05-11T06:01:52.8113061Z Package operations: 6 installs, 0 updates, 0 removals
2020-05-11T06:01:52.9361595Z   - Installing squizlabs/php_codesniffer (3.5.5): Downloading (connecting...)Downloading (0%)           Downloading (5%)Downloading (10%)Downloading (15%)Downloading (20%)Downloading (25%)Downloading (30%)Downloading (35%)Downloading (40%)Downloading (45%)Downloading (50%)Downloading (55%)Downloading (60%)Downloading (65%)Downloading (70%)Downloading (75%)Downloading (80%)Downloading (85%)Downloading (90%)Downloading (95%)Downloading (100%)
2020-05-11T06:01:53.1997837Z   - Installing dealerdirect/phpcodesniffer-composer-installer (v0.4.4): Downloading (connecting...)Downloading (100%)         
2020-05-11T06:01:53.3000097Z   - Installing symfony/polyfill-ctype (v1.16.0): Downloading (connecting...)Downloading (0%)           Downloading (100%)
2020-05-11T06:01:53.3562960Z   - Installing symfony/yaml (v3.4.40): Downloading (connecting...)Downloading (0%)           Downloading (5%)Downloading (10%)Downloading (30%)Downloading (35%)Downloading (40%)Downloading (45%)Downloading (50%)Downloading (70%)Downloading (75%)Downloading (80%)Downloading (85%)Downloading (90%)Downloading (95%)Downloading (100%)
2020-05-11T06:01:55.7381323Z   - Installing drupal/coder (8.3.9): Cloning d51e0b8c65 from cache
2020-05-11T06:01:56.0695521Z   - Installing thunder/drupal-testing (1.0.6): Downloading (connecting...)Downloading (100%)         
2020-05-11T06:01:56.3126868Z dealerdirect/phpcodesniffer-composer-installer suggests installing dealerdirect/qa-tools (All the PHP QA tools you'll need)
2020-05-11T06:01:56.3127756Z symfony/yaml suggests installing symfony/console (For validating YAML files using the lint command)
2020-05-11T06:01:56.3132992Z Writing lock file
2020-05-11T06:01:56.3146019Z Generating autoload files
2020-05-11T06:01:56.3160166Z 2 packages you are using are looking for funding.
2020-05-11T06:01:56.3160758Z Use the `composer fund` command to find out more!
2020-05-11T06:01:56.3225343Z PHP CodeSniffer Config installed_paths set to /home/runner/.composer/vendor/drupal/coder/coder_sniffer
2020-05-11T06:01:56.3963014Z ##[group]Run test-drupal-project coding_style
2020-05-11T06:01:56.3963180Z [36;1mtest-drupal-project coding_style[0m
2020-05-11T06:01:56.4008667Z shell: /bin/bash -e {0}
2020-05-11T06:01:56.4008783Z env:
2020-05-11T06:01:56.4008924Z   DRUPAL_TESTING_TEST_CODING_STYLES: false
2020-05-11T06:01:56.4009054Z   DRUPAL_TESTING_DATABASE_USER: root
2020-05-11T06:01:56.4009289Z   DRUPAL_TESTING_DATABASE_PASSWORD: root
2020-05-11T06:01:56.4009405Z   DRUPAL_TESTING_DATABASE_ENGINE: mysql
2020-05-11T06:01:56.4009517Z ##[endgroup]
2020-05-11T06:01:56.6798209Z ##[group]Run test-drupal-project prepare_build
2020-05-11T06:01:56.6798403Z [36;1mtest-drupal-project prepare_build[0m
2020-05-11T06:01:56.6835434Z shell: /bin/bash -e {0}
2020-05-11T06:01:56.6835547Z env:
2020-05-11T06:01:56.6835641Z   DRUPAL_TESTING_TEST_CODING_STYLES: false
2020-05-11T06:01:56.6835749Z   DRUPAL_TESTING_DATABASE_USER: root
2020-05-11T06:01:56.6835855Z   DRUPAL_TESTING_DATABASE_PASSWORD: root
2020-05-11T06:01:56.6835956Z   DRUPAL_TESTING_DATABASE_ENGINE: mysql
2020-05-11T06:01:56.6836060Z   DRUPAL_TESTING_DRUPAL_VERSION: ~8.8.0
2020-05-11T06:01:56.6836150Z ##[endgroup]
2020-05-11T06:01:56.7440851Z Check requirements
2020-05-11T06:01:56.7441279Z 
2020-05-11T06:01:56.8245066Z Prepare composer.json
2020-05-11T06:01:56.8245812Z 
2020-05-11T06:01:56.9346732Z Creating a "drupal/recommended-project:*" project at "/tmp/test/select2/install"
2020-05-11T06:01:58.1039159Z Installing drupal/recommended-project (8.8.5)
2020-05-11T06:01:58.2752990Z   - Installing drupal/recommended-project (8.8.5): Downloading (connecting...)Downloading (100%)         
2020-05-11T06:01:58.5176504Z Created project in /tmp/test/select2/install
2020-05-11T06:02:03.0412967Z ./composer.json has been updated
2020-05-11T06:02:04.7501696Z ./composer.json has been updated
2020-05-11T06:02:06.3154161Z ./composer.json has been updated
2020-05-11T06:02:08.4299524Z Using version ^1.1 for oomphinc/composer-installers-extender
2020-05-11T06:02:08.4325607Z ./composer.json has been updated
2020-05-11T06:02:10.0042233Z ./composer.json has been updated
2020-05-11T06:02:11.6042984Z ./composer.json has been updated
2020-05-11T06:02:12.9706130Z ./composer.json has been updated
2020-05-11T06:02:16.5884294Z Using version ^1.6 for cweagans/composer-patches
2020-05-11T06:02:16.5910250Z ./composer.json has been updated
2020-05-11T06:02:17.1406026Z drupal/select2 is not required in your composer.json and has not been removed
2020-05-11T06:02:19.2719410Z ./composer.json has been updated
2020-05-11T06:02:21.2995174Z ./composer.json has been updated
2020-05-11T06:02:23.3277028Z ./composer.json has been updated
2020-05-11T06:02:25.7935581Z ./composer.json has been updated
2020-05-11T06:02:25.8068225Z ##[group]Run composer require npm-asset/select2:^4.0.7 --working-dir=/tmp/test/select2/install --no-update
2020-05-11T06:02:25.8068452Z [36;1mcomposer require npm-asset/select2:^4.0.7 --working-dir=/tmp/test/select2/install --no-update[0m
2020-05-11T06:02:25.8106176Z shell: /bin/bash -e {0}
2020-05-11T06:02:25.8106296Z env:
2020-05-11T06:02:25.8106407Z   DRUPAL_TESTING_TEST_CODING_STYLES: false
2020-05-11T06:02:25.8106515Z   DRUPAL_TESTING_DATABASE_USER: root
2020-05-11T06:02:25.8106605Z   DRUPAL_TESTING_DATABASE_PASSWORD: root
2020-05-11T06:02:25.8106711Z   DRUPAL_TESTING_DATABASE_ENGINE: mysql
2020-05-11T06:02:25.8107044Z ##[endgroup]
2020-05-11T06:02:28.4566466Z ./composer.json has been updated
2020-05-11T06:02:28.4670785Z ##[group]Run test-drupal-project build
2020-05-11T06:02:28.4671064Z [36;1mtest-drupal-project build[0m
2020-05-11T06:02:28.4707455Z shell: /bin/bash -e {0}
2020-05-11T06:02:28.4707564Z env:
2020-05-11T06:02:28.4707685Z   DRUPAL_TESTING_TEST_CODING_STYLES: false
2020-05-11T06:02:28.4707774Z   DRUPAL_TESTING_DATABASE_USER: root
2020-05-11T06:02:28.4707877Z   DRUPAL_TESTING_DATABASE_PASSWORD: root
2020-05-11T06:02:28.4707980Z   DRUPAL_TESTING_DATABASE_ENGINE: mysql
2020-05-11T06:02:28.4708078Z ##[endgroup]
2020-05-11T06:02:28.6933318Z Building the project.
2020-05-11T06:02:28.6933840Z 
2020-05-11T06:02:28.9369885Z Loading composer repositories with package information
2020-05-11T06:02:30.0169662Z Updating dependencies (including require-dev)
2020-05-11T06:03:00.1006681Z Package operations: 143 installs, 0 updates, 0 removals
2020-05-11T06:03:00.1727585Z   - Installing cweagans/composer-patches (1.6.7): Downloading (connecting...)Downloading (0%)           Downloading (40%)Downloading (90%)Downloading (100%)
2020-05-11T06:03:00.1921426Z No patches supplied.
2020-05-11T06:03:00.1922287Z Gathering patches for dependencies. This might take a minute.
2020-05-11T06:03:00.2347137Z   - Installing composer/installers (v1.7.0): Downloading (connecting...)Downloading (0%)           Downloading (5%)Downloading (10%)Downloading (30%)Downloading (35%)Downloading (40%)Downloading (45%)Downloading (50%)Downloading (55%)Downloading (60%)Downloading (100%)
2020-05-11T06:03:00.2890883Z   - Installing drupal/core-composer-scaffold (8.8.5): Downloading (connecting...)Downloading (0%)           Downloading (15%)Downloading (25%)Downloading (40%)Downloading (55%)Downloading (65%)Downloading (80%)Downloading (95%)Downloading (100%)
2020-05-11T06:03:00.3441122Z   - Installing drupal/core-project-message (8.8.5): Downloading (connecting...)Downloading (0%)           Downloading (60%)Downloading (95%)Downloading (100%)
2020-05-11T06:03:00.3921640Z   - Installing oomphinc/composer-installers-extender (v1.1.2): Downloading (connecting...)Downloading (0%)           Downloading (75%)Downloading (85%)Downloading (100%)
2020-05-11T06:03:00.4127655Z   - Installing drupal-testing-drupal/select2 (dev-5ab645e052b93eb026b50edb497c5e18eaf0bc43): Symlinking from /home/runner/work/select2/select2
2020-05-11T06:03:00.4533641Z   - Installing symfony/polyfill-mbstring (v1.12.0): Downloading (connecting...)Downloading (0%)           Downloading (30%)Downloading (40%)Downloading (70%)Downloading (100%)
2020-05-11T06:03:00.5083936Z   - Installing symfony/polyfill-php72 (v1.16.0): Downloading (connecting...)Downloading (0%)           Downloading (100%)
2020-05-11T06:03:00.5649765Z   - Installing psr/log (1.1.0): Downloading (connecting...)Downloading (0%)           Downloading (65%)Downloading (90%)Downloading (100%)
2020-05-11T06:03:00.6129882Z   - Installing pear/pear_exception (v1.0.0): Downloading (connecting...)Downloading (0%)           Downloading (80%)Downloading (100%)
2020-05-11T06:03:00.6628895Z   - Installing pear/console_getopt (v1.4.2): Downloading (connecting...)Downloading (0%)           Downloading (100%)
2020-05-11T06:03:00.7169462Z   - Installing pear/pear-core-minimal (v1.10.9): Downloading (connecting...)Downloading (0%)           Downloading (5%)Downloading (10%)Downloading (15%)Downloading (20%)Downloading (25%)Downloading (100%)
2020-05-11T06:03:00.7732357Z   - Installing pear/archive_tar (1.4.9): Downloading (connecting...)Downloading (0%)           Downloading (5%)Downloading (10%)Downloading (15%)Downloading (20%)Downloading (90%)Downloading (95%)Downloading (100%)
2020-05-11T06:03:00.8264332Z   - Installing symfony/polyfill-ctype (v1.12.0): Downloading (connecting...)Downloading (0%)           Downloading (85%)Downloading (100%)
2020-05-11T06:03:00.8827329Z   - Installing symfony/var-dumper (v4.4.8): Downloading (connecting...)Downloading (0%)           Downloading (15%)Downloading (20%)Downloading (25%)Downloading (40%)Downloading (45%)Downloading (55%)Downloading (65%)Downloading (70%)Downloading (80%)Downloading (90%)Downloading (95%)Downloading (100%)
2020-05-11T06:03:00.9397221Z   - Installing psr/container (1.0.0): Downloading (connecting...)Downloading (0%)           Downloading (75%)Downloading (100%)
2020-05-11T06:03:00.9965839Z   - Installing symfony/debug (v3.4.35): Downloading (connecting...)Downloading (0%)           Downloading (5%)Downloading (10%)Downloading (25%)Downloading (30%)Downloading (40%)Downloading (45%)Downloading (50%)Downloading (60%)Downloading (65%)Downloading (70%)Downloading (75%)Downloading (90%)Downloading (95%)Downloading (100%)
2020-05-11T06:03:01.0480398Z   - Installing symfony/polyfill-util (v1.12.0): Downloading (connecting...)Downloading (0%)           Downloading (100%)
2020-05-11T06:03:01.1022417Z   - Installing symfony/polyfill-php56 (v1.12.0): Downloading (connecting...)Downloading (0%)           Downloading (100%)
2020-05-11T06:03:01.1528865Z   - Installing paragonie/random_compat (v9.99.99): Downloading (connecting...)Downloading (0%)           Downloading (45%)Downloading (90%)Downloading (100%)
2020-05-11T06:03:01.2026805Z   - Installing symfony/polyfill-php70 (v1.12.0): Downloading (connecting...)Downloading (0%)           Downloading (85%)Downloading (100%)
2020-05-11T06:03:01.2633870Z   - Installing symfony/http-foundation (v3.4.35): Downloading (connecting...)Downloading (0%)           Downloading (5%)Downloading (10%)Downloading (15%)Downloading (20%)Downloading (25%)Downloading (30%)Downloading (35%)Downloading (40%)Downloading (45%)Downloading (50%)Downloading (55%)Downloading (60%)Downloading (65%)Downloading (70%)Downloading (75%)Downloading (80%)Downloading (85%)Downloading (90%)Downloading (95%)Downloading (100%)
2020-05-11T06:03:01.3273996Z   - Installing symfony/event-dispatcher (v3.4.35): Downloading (connecting...)Downloading (0%)           Downloading (5%)Downloading (45%)Downloading (50%)Downloading (70%)Downloading (75%)Downloading (100%)
2020-05-11T06:03:01.3969296Z   - Installing symfony/http-kernel (v3.4.35): Downloading (connecting...)Downloading (0%)           Downloading (5%)Downloading (10%)Downloading (15%)Downloading (20%)Downloading (25%)Downloading (30%)Downloading (35%)Downloading (40%)Downloading (45%)Downloading (50%)Downloading (55%)Downloading (60%)Downloading (65%)Downloading (70%)Downloading (75%)Downloading (80%)Downloading (85%)Downloading (90%)Downloading (95%)Downloading (100%)
2020-05-11T06:03:01.4637941Z   - Installing asm89/stack-cors (1.2.0): Downloading (connecting...)Downloading (0%)           Downloading (70%)Downloading (90%)Downloading (100%)
2020-05-11T06:03:01.5167390Z   - Installing composer/semver (1.5.0): Downloading (connecting...)Downloading (0%)           Downloading (35%)Downloading (70%)Downloading (100%)
2020-05-11T06:03:01.5688077Z   - Installing psr/http-message (1.0.1): Downloading (connecting...)Downloading (0%)           Downloading (65%)Downloading (100%)
2020-05-11T06:03:01.6259943Z   - Installing masterminds/html5 (2.3.0): Downloading (connecting...)Downloading (0%)           Downloading (5%)Downloading (10%)Downloading (15%)Downloading (20%)Downloading (25%)Downloading (30%)Downloading (35%)Downloading (40%)Downloading (45%)Downloading (50%)Downloading (55%)Downloading (60%)Downloading (65%)Downloading (70%)Downloading (75%)Downloading (80%)Downloading (85%)Downloading (90%)Downloading (95%)Downloading (100%)
2020-05-11T06:03:01.6858366Z   - Installing doctrine/lexer (1.0.2): Downloading (connecting...)Downloading (0%)           Downloading (65%)Downloading (100%)
2020-05-11T06:03:01.7394260Z   - Installing egulias/email-validator (2.1.11): Downloading (connecting...)Downloading (0%)           Downloading (20%)Downloading (30%)Downloading (55%)Downloading (80%)Downloading (100%)
2020-05-11T06:03:01.7918314Z   - Installing stack/builder (v1.0.5): Downloading (connecting...)Downloading (0%)           Downloading (55%)Downloading (95%)Downloading (100%)
2020-05-11T06:03:01.8576612Z   - Installing symfony/routing (v3.4.35): Downloading (connecting...)Downloading (0%)           Downloading (5%)Downloading (10%)Downloading (15%)Downloading (20%)Downloading (25%)Downloading (30%)Downloading (35%)Downloading (40%)Downloading (45%)Downloading (50%)Downloading (55%)Downloading (60%)Downloading (65%)Downloading (70%)Downloading (75%)Downloading (80%)Downloading (85%)Downloading (90%)Downloading (95%)Downloading (100%)
2020-05-11T06:03:01.9203427Z   - Installing ralouphie/getallheaders (3.0.3): Downloading (connecting...)Downloading (0%)           Downloading (80%)Downloading (100%)
2020-05-11T06:03:01.9731302Z   - Installing guzzlehttp/psr7 (1.6.1): Downloading (connecting...)Downloading (0%)           Downloading (5%)Downloading (10%)Downloading (20%)Downloading (25%)Downloading (30%)Downloading (35%)Downloading (40%)Downloading (45%)Downloading (80%)Downloading (85%)Downloading (90%)Downloading (95%)Downloading (100%)
2020-05-11T06:03:02.0265517Z   - Installing guzzlehttp/promises (v1.3.1): Downloading (connecting...)Downloading (0%)           Downloading (30%)Downloading (60%)Downloading (90%)Downloading (100%)
2020-05-11T06:03:02.0834950Z   - Installing doctrine/annotations (v1.4.0): Downloading (connecting...)Downloading (0%)           Downloading (15%)Downloading (25%)Downloading (35%)Downloading (45%)Downloading (60%)Downloading (75%)Downloading (90%)Downloading (100%)
2020-05-11T06:03:02.1457432Z   - Installing typo3/phar-stream-wrapper (v3.1.3): Downloading (connecting...)Downloading (0%)           Downloading (25%)Downloading (65%)Downloading (70%)Downloading (85%)Downloading (90%)Downloading (100%)
2020-05-11T06:03:02.2194885Z   - Installing symfony/polyfill-iconv (v1.12.0): Downloading (connecting...)Downloading (0%)           Downloading (5%)Downloading (10%)Downloading (15%)Downloading (20%)Downloading (25%)Downloading (30%)Downloading (35%)Downloading (40%)Downloading (45%)Downloading (50%)Downloading (55%)Downloading (60%)Downloading (65%)Downloading (70%)Downloading (75%)Downloading (80%)Downloading (85%)Downloading (90%)Downloading (95%)Downloading (100%)
2020-05-11T06:03:02.2900224Z   - Installing symfony/psr-http-message-bridge (v1.1.2): Downloading (connecting...)Downloading (0%)           Downloading (35%)Downloading (40%)Downloading (90%)Downloading (100%)
2020-05-11T06:03:02.3712943Z   - Installing easyrdf/easyrdf (0.9.1): Downloading (connecting...)Downloading (0%)           Downloading (5%)Downloading (10%)Downloading (15%)Downloading (20%)Downloading (25%)Downloading (30%)Downloading (35%)Downloading (40%)Downloading (45%)Downloading (50%)Downloading (55%)Downloading (60%)Downloading (65%)Downloading (70%)Downloading (75%)Downloading (80%)Downloading (85%)Downloading (90%)Downloading (95%)Downloading (100%)
2020-05-11T06:03:02.4329339Z   - Installing symfony-cmf/routing (1.4.1): Downloading (connecting...)Downloading (0%)           Downloading (10%)Downloading (30%)Downloading (40%)Downloading (50%)Downloading (55%)Downloading (65%)Downloading (75%)Downloading (85%)Downloading (90%)Downloading (100%)
2020-05-11T06:03:02.4927526Z   - Installing guzzlehttp/guzzle (6.3.3): Downloading (connecting...)Downloading (0%)           Downloading (5%)Downloading (15%)Downloading (20%)Downloading (30%)Downloading (35%)Downloading (40%)Downloading (50%)Downloading (55%)Downloading (65%)Downloading (70%)Downloading (80%)Downloading (85%)Downloading (95%)Downloading (100%)
2020-05-11T06:03:02.5510700Z   - Installing doctrine/collections (v1.4.0): Downloading (connecting...)Downloading (0%)           Downloading (5%)Downloading (55%)Downloading (60%)Downloading (100%)
2020-05-11T06:03:02.6137297Z   - Installing doctrine/cache (v1.6.2): Downloading (connecting...)Downloading (0%)           Downloading (10%)Downloading (20%)Downloading (30%)Downloading (35%)Downloading (45%)Downloading (55%)Downloading (60%)Downloading (70%)Downloading (85%)Downloading (95%)Downloading (100%)
2020-05-11T06:03:02.6679674Z   - Installing doctrine/inflector (v1.2.0): Downloading (connecting...)Downloading (0%)           Downloading (90%)Downloading (100%)
2020-05-11T06:03:02.7215502Z   - Installing doctrine/common (v2.7.3): Downloading (connecting...)Downloading (0%)           Downloading (5%)Downloading (10%)Downloading (15%)Downloading (20%)Downloading (40%)Downloading (45%)Downloading (50%)Downloading (55%)Downloading (60%)Downloading (65%)Downloading (70%)Downloading (75%)Downloading (80%)Downloading (85%)Downloading (90%)Downloading (95%)Downloading (100%)
2020-05-11T06:03:02.8037349Z   - Installing twig/twig (v1.42.3): Downloading (connecting...)Downloading (0%)           Downloading (5%)Downloading (10%)Downloading (15%)Downloading (20%)Downloading (25%)Downloading (30%)Downloading (35%)Downloading (40%)Downloading (45%)Downloading (50%)Downloading (55%)Downloading (60%)Downloading (65%)Downloading (70%)Downloading (75%)Downloading (80%)Downloading (100%)
2020-05-11T06:03:02.9125455Z   - Installing symfony/yaml (v3.4.35): Downloading (connecting...)Downloading (0%)           Downloading (5%)Downloading (10%)Downloading (15%)Downloading (20%)Downloading (25%)Downloading (30%)Downloading (35%)Downloading (40%)Downloading (45%)Downloading (70%)Downloading (75%)Downloading (80%)Downloading (85%)Downloading (90%)Downloading (95%)Downloading (100%)
2020-05-11T06:03:02.9742072Z   - Installing symfony/process (v3.4.35): Downloading (connecting...)Downloading (0%)           Downloading (5%)Downloading (55%)Downloading (60%)Downloading (65%)Downloading (90%)Downloading (95%)Downloading (100%)
2020-05-11T06:03:03.0378910Z   - Installing symfony/translation (v3.4.35): Downloading (connecting...)Downloading (0%)           Downloading (5%)Downloading (10%)Downloading (15%)Downloading (20%)Downloading (25%)Downloading (30%)Downloading (35%)Downloading (40%)Downloading (45%)Downloading (50%)Downloading (55%)Downloading (60%)Downloading (65%)Downloading (70%)Downloading (75%)Downloading (80%)Downloading (85%)Downloading (90%)Downloading (95%)Downloading (100%)
2020-05-11T06:03:03.1300877Z   - Installing symfony/validator (v3.4.35): Downloading (connecting...)Downloading (0%)           Downloading (5%)Downloading (10%)Downloading (15%)Downloading (20%)Downloading (25%)Downloading (30%)Downloading (35%)Downloading (40%)Downloading (45%)Downloading (50%)Downloading (55%)Downloading (60%)Downloading (65%)Downloading (70%)Downloading (75%)Downloading (80%)Downloading (85%)Downloading (90%)Downloading (95%)Downloading (100%)
2020-05-11T06:03:03.2188425Z   - Installing symfony/serializer (v3.4.35): Downloading (connecting...)Downloading (0%)           Downloading (5%)Downloading (10%)Downloading (15%)Downloading (20%)Downloading (25%)Downloading (30%)Downloading (35%)Downloading (40%)Downloading (45%)Downloading (50%)Downloading (55%)Downloading (60%)Downloading (65%)Downloading (70%)Downloading (75%)Downloading (80%)Downloading (85%)Downloading (90%)Downloading (95%)Downloading (100%)
2020-05-11T06:03:03.3036616Z   - Installing symfony/dependency-injection (v3.4.35): Downloading (connecting...)Downloading (0%)           Downloading (5%)Downloading (10%)Downloading (15%)Downloading (20%)Downloading (25%)Downloading (30%)Downloading (35%)Downloading (40%)Downloading (45%)Downloading (50%)Downloading (55%)Downloading (60%)Downloading (65%)Downloading (70%)Downloading (75%)Downloading (80%)Downloading (85%)Downloading (90%)Downloading (95%)Downloading (100%)
2020-05-11T06:03:03.3988941Z   - Installing symfony/console (v3.4.35): Downloading (connecting...)Downloading (0%)           Downloading (5%)Downloading (10%)Downloading (15%)Downloading (20%)Downloading (25%)Downloading (30%)Downloading (35%)Downloading (40%)Downloading (45%)Downloading (50%)Downloading (55%)Downloading (60%)Downloading (65%)Downloading (70%)Downloading (75%)Downloading (80%)Downloading (85%)Downloading (90%)Downloading (95%)Downloading (100%)
2020-05-11T06:03:03.4699712Z   - Installing symfony/class-loader (v3.4.35): Downloading (connecting...)Downloading (0%)           Downloading (10%)Downloading (20%)Downloading (30%)Downloading (40%)Downloading (50%)Downloading (60%)Downloading (70%)Downloading (80%)Downloading (90%)Downloading (100%)
2020-05-11T06:03:03.5351740Z   - Installing zendframework/zend-diactoros (1.8.7): Downloading (connecting...)Downloading (0%)           Downloading (5%)Downloading (10%)Downloading (20%)Downloading (25%)Downloading (50%)Downloading (55%)Downloading (60%)Downloading (65%)Downloading (80%)Downloading (85%)Downloading (90%)Downloading (95%)Downloading (100%)
2020-05-11T06:03:03.5925397Z   - Installing zendframework/zend-stdlib (3.2.1): Downloading (connecting...)Downloading (0%)           Downloading (5%)Downloading (10%)Downloading (15%)Downloading (20%)Downloading (25%)Downloading (30%)Downloading (100%)
2020-05-11T06:03:03.6466964Z   - Installing zendframework/zend-escaper (2.6.1): Downloading (connecting...)Downloading (0%)           Downloading (15%)Downloading (100%)
2020-05-11T06:03:03.7104717Z   - Installing zendframework/zend-feed (2.12.0): Downloading (connecting...)Downloading (0%)           Downloading (5%)Downloading (10%)Downloading (15%)Downloading (20%)Downloading (25%)Downloading (30%)Downloading (35%)Downloading (40%)Downloading (45%)Downloading (50%)Downloading (55%)Downloading (60%)Downloading (65%)Downloading (70%)Downloading (75%)Downloading (80%)Downloading (85%)Downloading (90%)Downloading (95%)Downloading (100%)
2020-05-11T06:03:04.1948530Z   - Installing drupal/core (8.8.5): Downloading (connecting...)Downloading (0%)           Downloading (5%)Downloading (10%)Downloading (15%)Downloading (20%)Downloading (25%)Downloading (30%)Downloading (35%)Downloading (40%)Downloading (45%)Downloading (50%)Downloading (55%)Downloading (60%)Downloading (65%)Downloading (70%)Downloading (75%)Downloading (80%)Downloading (85%)Downloading (90%)Downloading (95%)Downloading (100%)
2020-05-11T06:03:06.7959378Z   - Installing drupal/facets (dev-1.x 64ed456): Cloning 64ed456e5d from cache
2020-05-11T06:03:09.5872345Z   - Installing drupal/search_api (dev-1.x b1b5df4): Cloning b1b5df4598 from cache
2020-05-11T06:03:09.8797444Z   - Installing drupal/core-recommended (8.8.5)
2020-05-11T06:03:09.9208073Z   - Installing webmozart/assert (1.8.0): Downloading (connecting...)Downloading (0%)           Downloading (55%)Downloading (65%)Downloading (100%)
2020-05-11T06:03:09.9727534Z   - Installing webmozart/path-util (2.3.0): Downloading (connecting...)Downloading (0%)           Downloading (35%)Downloading (40%)Downloading (75%)Downloading (100%)
2020-05-11T06:03:10.0224314Z   - Installing webflo/drupal-finder (1.2.0): Downloading (connecting...)Downloading (0%)           Downloading (100%)
2020-05-11T06:03:10.0761468Z   - Installing symfony/finder (v3.4.40): Downloading (connecting...)Downloading (0%)           Downloading (5%)Downloading (15%)Downloading (20%)Downloading (25%)Downloading (30%)Downloading (55%)Downloading (60%)Downloading (65%)Downloading (70%)Downloading (75%)Downloading (100%)
2020-05-11T06:03:10.1487563Z   - Installing nikic/php-parser (v4.4.0): Downloading (connecting...)Downloading (0%)           Downloading (5%)Downloading (10%)Downloading (15%)Downloading (20%)Downloading (25%)Downloading (30%)Downloading (35%)Downloading (40%)Downloading (45%)Downloading (50%)Downloading (55%)Downloading (60%)Downloading (65%)Downloading (70%)Downloading (75%)Downloading (80%)Downloading (85%)Downloading (90%)Downloading (95%)Downloading (100%)
2020-05-11T06:03:10.2129364Z   - Installing dnoegel/php-xdg-base-dir (v0.1.1): Downloading (connecting...)Downloading (0%)           Downloading (40%)Downloading (80%)Downloading (100%)
2020-05-11T06:03:10.2778261Z   - Installing psy/psysh (v0.10.4): Downloading (connecting...)Downloading (0%)           Downloading (5%)Downloading (10%)Downloading (15%)Downloading (20%)Downloading (25%)Downloading (30%)Downloading (35%)Downloading (40%)Downloading (45%)Downloading (50%)Downloading (55%)Downloading (60%)Downloading (65%)Downloading (70%)Downloading (75%)Downloading (80%)Downloading (85%)Downloading (90%)Downloading (95%)Downloading (100%)
2020-05-11T06:03:10.3433869Z   - Installing container-interop/container-interop (1.2.0): Downloading (connecting...)Downloading (0%)           Downloading (15%)Downloading (20%)Downloading (30%)Downloading (35%)Downloading (40%)Downloading (55%)Downloading (60%)Downloading (70%)Downloading (75%)Downloading (85%)Downloading (90%)Downloading (100%)
2020-05-11T06:03:10.3965757Z   - Installing league/container (2.4.1): Downloading (connecting...)Downloading (0%)           Downloading (60%)Downloading (100%)
2020-05-11T06:03:10.4582715Z   - Installing dflydev/dot-access-data (v1.1.0): Downloading (connecting...)Downloading (0%)           Downloading (65%)Downloading (90%)Downloading (95%)Downloading (100%)
2020-05-11T06:03:10.5126757Z   - Installing grasmash/yaml-expander (1.4.0): Downloading (connecting...)Downloading (0%)           Downloading (55%)Downloading (90%)Downloading (95%)Downloading (100%)
2020-05-11T06:03:10.5698490Z   - Installing grasmash/expander (1.0.0): Downloading (connecting...)Downloading (0%)           Downloading (40%)Downloading (45%)Downloading (85%)Downloading (100%)
2020-05-11T06:03:10.6260407Z   - Installing consolidation/config (1.2.1): Downloading (connecting...)Downloading (0%)           Downloading (5%)Downloading (10%)Downloading (15%)Downloading (20%)Downloading (25%)Downloading (65%)Downloading (70%)Downloading (75%)Downloading (80%)Downloading (85%)Downloading (90%)Downloading (95%)Downloading (100%)
2020-05-11T06:03:10.6859764Z   - Installing consolidation/site-alias (3.0.0): Downloading (connecting...)Downloading (0%)           Downloading (5%)Downloading (15%)Downloading (25%)Downloading (35%)Downloading (40%)Downloading (50%)Downloading (55%)Downloading (60%)Downloading (70%)Downloading (75%)Downloading (85%)Downloading (90%)Downloading (100%)
2020-05-11T06:03:10.7485543Z   - Installing consolidation/site-process (2.1.0): Downloading (connecting...)Downloading (0%)           Downloading (5%)Downloading (10%)Downloading (15%)Downloading (20%)Downloading (25%)Downloading (30%)Downloading (40%)Downloading (65%)Downloading (70%)Downloading (75%)Downloading (80%)Downloading (85%)Downloading (90%)Downloading (95%)Downloading (100%)
2020-05-11T06:03:10.8127520Z   - Installing symfony/filesystem (v3.4.40): Downloading (connecting...)Downloading (0%)           Downloading (5%)Downloading (10%)Downloading (40%)Downloading (45%)Downloading (50%)Downloading (55%)Downloading (100%)
2020-05-11T06:03:10.8654825Z   - Installing consolidation/self-update (1.2.0): Downloading (connecting...)Downloading (0%)           Downloading (100%)
2020-05-11T06:03:10.9231006Z   - Installing consolidation/log (1.1.1): Downloading (connecting...)Downloading (0%)           Downloading (5%)Downloading (10%)Downloading (60%)Downloading (65%)Downloading (70%)Downloading (75%)Downloading (80%)Downloading (100%)
2020-05-11T06:03:10.9870269Z   - Installing consolidation/output-formatters (3.5.0): Downloading (connecting...)Downloading (0%)           Downloading (5%)Downloading (15%)Downloading (20%)Downloading (30%)Downloading (35%)Downloading (40%)Downloading (50%)Downloading (55%)Downloading (60%)Downloading (65%)Downloading (70%)Downloading (75%)Downloading (80%)Downloading (90%)Downloading (95%)Downloading (100%)
2020-05-11T06:03:11.0599260Z   - Installing consolidation/annotated-command (2.12.0): Downloading (connecting...)Downloading (0%)           Downloading (5%)Downloading (10%)Downloading (15%)Downloading (20%)Downloading (25%)Downloading (30%)Downloading (35%)Downloading (40%)Downloading (45%)Downloading (55%)Downloading (60%)Downloading (65%)Downloading (70%)Downloading (75%)Downloading (80%)Downloading (85%)Downloading (90%)Downloading (95%)Downloading (100%)
2020-05-11T06:03:11.1392939Z   - Installing consolidation/robo (1.4.12): Downloading (connecting...)Downloading (0%)           Downloading (5%)Downloading (10%)Downloading (15%)Downloading (20%)Downloading (25%)Downloading (30%)Downloading (35%)Downloading (40%)Downloading (45%)Downloading (50%)Downloading (55%)Downloading (60%)Downloading (65%)Downloading (70%)Downloading (75%)Downloading (80%)Downloading (85%)Downloading (90%)Downloading (95%)Downloading (100%)
2020-05-11T06:03:11.2250725Z   - Installing phpdocumentor/reflection-common (2.1.0): Downloading (connecting...)Downloading (0%)           Downloading (10%)Downloading (20%)Downloading (30%)Downloading (100%)
2020-05-11T06:03:11.2814317Z   - Installing phpdocumentor/type-resolver (1.1.0): Downloading (connecting...)Downloading (0%)           Downloading (15%)Downloading (30%)Downloading (55%)Downloading (70%)Downloading (85%)Downloading (100%)
2020-05-11T06:03:11.3431829Z   - Installing consolidation/filter-via-dot-access-data (1.0.0): Downloading (connecting...)Downloading (0%)           Downloading (25%)Downloading (30%)Downloading (40%)Downloading (45%)Downloading (60%)Downloading (75%)Downloading (80%)Downloading (95%)Downloading (100%)
2020-05-11T06:03:11.4287782Z   - Installing chi-teck/drupal-code-generator (1.32.0): Downloading (connecting...)Downloading (0%)           Downloading (5%)Downloading (10%)Downloading (15%)Downloading (20%)Downloading (25%)Downloading (30%)Downloading (35%)Downloading (40%)Downloading (45%)Downloading (50%)Downloading (55%)Downloading (60%)Downloading (65%)Downloading (70%)Downloading (75%)Downloading (80%)Downloading (85%)Downloading (90%)Downloading (95%)Downloading (100%)
2020-05-11T06:03:11.5471664Z   - Installing drush/drush (10.2.2): Downloading (connecting...)Downloading (0%)           Downloading (5%)Downloading (10%)Downloading (15%)Downloading (20%)Downloading (25%)Downloading (30%)Downloading (35%)Downloading (40%)Downloading (45%)Downloading (50%)Downloading (55%)Downloading (60%)Downloading (65%)Downloading (70%)Downloading (75%)Downloading (80%)Downloading (85%)Downloading (90%)Downloading (95%)Downloading (100%)
2020-05-11T06:03:11.7532831Z   - Installing phpstan/phpstan (0.12.25): Downloading (connecting...)Downloading (0%)           Downloading (5%)Downloading (10%)Downloading (15%)Downloading (20%)Downloading (25%)Downloading (30%)Downloading (35%)Downloading (40%)Downloading (45%)Downloading (50%)Downloading (55%)Downloading (60%)Downloading (65%)Downloading (70%)Downloading (75%)Downloading (80%)Downloading (85%)Downloading (90%)Downloading (95%)Downloading (100%)
2020-05-11T06:03:12.0164762Z   - Installing nette/utils (v3.1.1): Downloading (connecting...)Downloading (0%)           Downloading (15%)Downloading (30%)Downloading (50%)Downloading (65%)Downloading (80%)Downloading (95%)Downloading (100%)
2020-05-11T06:03:12.0696710Z   - Installing nette/finder (v2.5.2): Downloading (connecting...)Downloading (0%)           Downloading (100%)
2020-05-11T06:03:12.1303797Z   - Installing mglaman/phpstan-drupal (0.12.3): Downloading (connecting...)Downloading (0%)           Downloading (15%)Downloading (30%)Downloading (50%)Downloading (65%)Downloading (75%)Downloading (90%)Downloading (100%)
2020-05-11T06:03:12.2325599Z   - Installing npm-asset/select2 (4.0.13): Downloading (connecting...)Downloading (0%)           Downloading (5%)Downloading (10%)Downloading (15%)Downloading (20%)Downloading (25%)Downloading (40%)Downloading (50%)Downloading (55%)Downloading (70%)Downloading (95%)Downloading (100%)
2020-05-11T06:03:12.2964512Z   - Installing phpstan/phpstan-deprecation-rules (0.12.2): Downloading (connecting...)Downloading (0%)           Downloading (25%)Downloading (40%)Downloading (65%)Downloading (90%)Downloading (100%)
2020-05-11T06:03:12.5077530Z   - Installing symfony/phpunit-bridge (v3.4.39): Downloading (connecting...)Downloading (0%)           Downloading (5%)Downloading (10%)Downloading (40%)Downloading (45%)Downloading (65%)Downloading (70%)Downloading (75%)Downloading (80%)Downloading (85%)Downloading (100%)
2020-05-11T06:03:12.5675381Z   - Installing symfony/lock (v3.4.40): Downloading (connecting...)Downloading (0%)           Downloading (10%)Downloading (20%)Downloading (30%)Downloading (40%)Downloading (50%)Downloading (60%)Downloading (100%)
2020-05-11T06:03:12.6293092Z   - Installing symfony/css-selector (v3.4.40): Downloading (connecting...)Downloading (0%)           Downloading (5%)Downloading (10%)Downloading (15%)Downloading (20%)Downloading (25%)Downloading (30%)Downloading (45%)Downloading (50%)Downloading (55%)Downloading (60%)Downloading (65%)Downloading (70%)Downloading (75%)Downloading (80%)Downloading (85%)Downloading (90%)Downloading (95%)Downloading (100%)
2020-05-11T06:03:12.6917114Z   - Installing symfony/dom-crawler (v4.2.12): Downloading (connecting...)Downloading (0%)           Downloading (5%)Downloading (30%)Downloading (35%)Downloading (40%)Downloading (50%)Downloading (55%)Downloading (80%)Downloading (85%)Downloading (90%)Downloading (100%)
2020-05-11T06:03:12.7494052Z   - Installing symfony/browser-kit (v3.4.40): Downloading (connecting...)Downloading (0%)           Downloading (5%)Downloading (70%)Downloading (75%)Downloading (80%)Downloading (100%)
2020-05-11T06:03:12.8079732Z   - Installing sebastian/version (2.0.1): Downloading (connecting...)Downloading (0%)           Downloading (100%)
2020-05-11T06:03:12.8634258Z   - Installing sebastian/resource-operations (2.0.1): Downloading (connecting...)Downloading (0%)           Downloading (25%)Downloading (45%)Downloading (70%)Downloading (100%)
2020-05-11T06:03:12.9204502Z   - Installing sebastian/recursion-context (3.0.0): Downloading (connecting...)Downloading (0%)           Downloading (35%)Downloading (70%)Downloading (100%)
2020-05-11T06:03:12.9779556Z   - Installing sebastian/object-reflector (1.1.1): Downloading (connecting...)Downloading (0%)           Downloading (65%)Downloading (95%)Downloading (100%)
2020-05-11T06:03:13.0316353Z   - Installing sebastian/object-enumerator (3.0.3): Downloading (connecting...)Downloading (0%)           Downloading (100%)
2020-05-11T06:03:13.0879091Z   - Installing sebastian/global-state (2.0.0): Downloading (connecting...)Downloading (0%)           Downloading (20%)Downloading (75%)Downloading (85%)Downloading (100%)
2020-05-11T06:03:13.1453082Z   - Installing sebastian/exporter (3.1.2): Downloading (connecting...)Downloading (0%)           Downloading (10%)Downloading (20%)Downloading (30%)Downloading (40%)Downloading (50%)Downloading (60%)Downloading (70%)Downloading (80%)Downloading (90%)Downloading (100%)
2020-05-11T06:03:13.2042767Z   - Installing sebastian/environment (4.2.3): Downloading (connecting...)Downloading (0%)           Downloading (45%)Downloading (80%)Downloading (100%)
2020-05-11T06:03:13.2657296Z   - Installing sebastian/diff (3.0.2): Downloading (connecting...)Downloading (0%)           Downloading (20%)Downloading (40%)Downloading (60%)Downloading (80%)Downloading (100%)
2020-05-11T06:03:13.3291188Z   - Installing sebastian/comparator (3.0.2): Downloading (connecting...)Downloading (0%)           Downloading (30%)Downloading (55%)Downloading (60%)Downloading (75%)Downloading (85%)Downloading (100%)
2020-05-11T06:03:13.3860709Z   - Installing phpunit/php-timer (2.1.2): Downloading (connecting...)Downloading (0%)           Downloading (35%)Downloading (70%)Downloading (95%)Downloading (100%)
2020-05-11T06:03:13.4455544Z   - Installing phpunit/php-text-template (1.2.1): Downloading (connecting...)Downloading (0%)           Downloading (35%)Downloading (100%)
2020-05-11T06:03:13.4994784Z   - Installing phpunit/php-file-iterator (2.0.2): Downloading (connecting...)Downloading (0%)           Downloading (35%)Downloading (70%)Downloading (95%)Downloading (100%)
2020-05-11T06:03:13.5553237Z   - Installing theseer/tokenizer (1.1.3): Downloading (connecting...)Downloading (0%)           Downloading (15%)Downloading (30%)Downloading (100%)
2020-05-11T06:03:13.6107506Z   - Installing sebastian/code-unit-reverse-lookup (1.0.1): Downloading (connecting...)Downloading (0%)           Downloading (55%)Downloading (100%)
2020-05-11T06:03:13.6685120Z   - Installing phpunit/php-token-stream (3.1.1): Downloading (connecting...)Downloading (0%)           Downloading (5%)Downloading (40%)Downloading (45%)Downloading (50%)Downloading (100%)
2020-05-11T06:03:13.7402604Z   - Installing phpunit/php-code-coverage (6.1.4): Downloading (connecting...)Downloading (0%)           Downloading (5%)Downloading (10%)Downloading (15%)Downloading (20%)Downloading (25%)Downloading (30%)Downloading (35%)Downloading (40%)Downloading (45%)Downloading (50%)Downloading (55%)Downloading (60%)Downloading (65%)Downloading (70%)Downloading (75%)Downloading (80%)Downloading (85%)Downloading (90%)Downloading (95%)Downloading (100%)
2020-05-11T06:03:13.8104799Z   - Installing doctrine/instantiator (1.3.0): Downloading (connecting...)Downloading (0%)           Downloading (45%)Downloading (95%)Downloading (100%)
2020-05-11T06:03:13.8690611Z   - Installing phpdocumentor/reflection-docblock (5.1.0): Downloading (connecting...)Downloading (0%)           Downloading (5%)Downloading (20%)Downloading (25%)Downloading (60%)Downloading (65%)Downloading (80%)Downloading (85%)Downloading (100%)
2020-05-11T06:03:13.9377108Z   - Installing phpspec/prophecy (v1.10.3): Downloading (connecting...)Downloading (0%)           Downloading (10%)Downloading (15%)Downloading (20%)Downloading (25%)Downloading (30%)Downloading (35%)Downloading (45%)Downloading (55%)Downloading (65%)Downloading (70%)Downloading (75%)Downloading (80%)Downloading (90%)Downloading (95%)Downloading (100%)
2020-05-11T06:03:14.0128099Z   - Installing phar-io/version (2.0.1): Downloading (connecting...)Downloading (0%)           Downloading (5%)Downloading (10%)Downloading (70%)Downloading (75%)Downloading (80%)Downloading (85%)Downloading (90%)Downloading (95%)Downloading (100%)
2020-05-11T06:03:14.0776445Z   - Installing phar-io/manifest (1.0.3): Downloading (connecting...)Downloading (0%)           Downloading (10%)Downloading (15%)Downloading (30%)Downloading (40%)Downloading (45%)Downloading (55%)Downloading (65%)Downloading (80%)Downloading (90%)Downloading (100%)
2020-05-11T06:03:14.1414430Z   - Installing myclabs/deep-copy (1.9.5): Downloading (connecting...)Downloading (0%)           Downloading (5%)Downloading (10%)Downloading (55%)Downloading (60%)Downloading (65%)Downloading (70%)Downloading (75%)Downloading (100%)
2020-05-11T06:03:14.2354970Z   - Installing phpunit/phpunit (7.5.20): Downloading (connecting...)Downloading (0%)           Downloading (5%)Downloading (10%)Downloading (15%)Downloading (20%)Downloading (25%)Downloading (30%)Downloading (35%)Downloading (40%)Downloading (45%)Downloading (50%)Downloading (55%)Downloading (60%)Downloading (65%)Downloading (70%)Downloading (75%)Downloading (80%)Downloading (85%)Downloading (90%)Downloading (95%)Downloading (100%)
2020-05-11T06:03:14.3516553Z   - Installing mikey179/vfsstream (v1.6.8): Downloading (connecting...)Downloading (0%)           Downloading (10%)Downloading (15%)Downloading (20%)Downloading (30%)Downloading (35%)Downloading (40%)Downloading (45%)Downloading (55%)Downloading (65%)Downloading (70%)Downloading (80%)Downloading (90%)Downloading (100%)
2020-05-11T06:03:14.4181457Z   - Installing justinrainbow/json-schema (5.2.9): Downloading (connecting...)Downloading (0%)           Downloading (20%)Downloading (25%)Downloading (40%)Downloading (45%)Downloading (50%)Downloading (65%)Downloading (70%)Downloading (90%)Downloading (95%)Downloading (100%)
2020-05-11T06:03:14.4846626Z   - Installing jcalderonzumba/gastonjs (v1.2.0): Downloading (connecting...)Downloading (0%)           Downloading (5%)Downloading (10%)Downloading (15%)Downloading (20%)Downloading (25%)Downloading (30%)Downloading (35%)Downloading (40%)Downloading (45%)Downloading (50%)Downloading (55%)Downloading (60%)Downloading (65%)Downloading (70%)Downloading (75%)Downloading (80%)Downloading (85%)Downloading (90%)Downloading (95%)Downloading (100%)
2020-05-11T06:03:14.6755787Z   - Installing behat/mink (v1.8.0): Downloading (connecting...)Downloading (100%)         
2020-05-11T06:03:14.7327022Z   - Installing jcalderonzumba/mink-phantomjs-driver (v0.3.3): Downloading (connecting...)Downloading (0%)           Downloading (65%)Downloading (70%)Downloading (100%)
2020-05-11T06:03:14.9510087Z   - Installing drupal/coder (8.3.9): Downloading (connecting...)Downloading (0%)           Downloading (5%)Downloading (10%)Downloading (25%)Downloading (40%)Downloading (55%)Downloading (70%)Downloading (85%)Downloading (100%)
2020-05-11T06:03:15.0204574Z   - Installing seld/phar-utils (1.1.0): Downloading (connecting...)Downloading (0%)           Downloading (25%)Downloading (50%)Downloading (100%)
2020-05-11T06:03:15.0772003Z   - Installing seld/jsonlint (1.8.0): Downloading (connecting...)Downloading (0%)           Downloading (35%)Downloading (50%)Downloading (85%)Downloading (100%)
2020-05-11T06:03:15.1352180Z   - Installing composer/xdebug-handler (1.4.1): Downloading (connecting...)Downloading (0%)           Downloading (40%)Downloading (80%)Downloading (100%)
2020-05-11T06:03:15.1910302Z   - Installing composer/spdx-licenses (1.5.3): Downloading (connecting...)Downloading (0%)           Downloading (10%)Downloading (20%)Downloading (100%)
2020-05-11T06:03:15.2558609Z   - Installing composer/ca-bundle (1.2.7): Downloading (connecting...)Downloading (0%)           Downloading (5%)Downloading (10%)Downloading (15%)Downloading (20%)Downloading (25%)Downloading (30%)Downloading (35%)Downloading (40%)Downloading (45%)Downloading (50%)Downloading (55%)Downloading (60%)Downloading (65%)Downloading (70%)Downloading (75%)Downloading (80%)Downloading (85%)Downloading (90%)Downloading (95%)Downloading (100%)
2020-05-11T06:03:15.3542701Z   - Installing composer/composer (1.10.6): Downloading (connecting...)Downloading (0%)           Downloading (5%)Downloading (10%)Downloading (15%)Downloading (20%)Downloading (25%)Downloading (30%)Downloading (35%)Downloading (40%)Downloading (45%)Downloading (50%)Downloading (55%)Downloading (60%)Downloading (65%)Downloading (70%)Downloading (75%)Downloading (80%)Downloading (85%)Downloading (90%)Downloading (95%)Downloading (100%)
2020-05-11T06:03:15.4441638Z   - Installing instaclick/php-webdriver (1.4.7): Downloading (connecting...)Downloading (0%)           Downloading (5%)Downloading (10%)Downloading (15%)Downloading (35%)Downloading (40%)Downloading (45%)Downloading (60%)Downloading (65%)Downloading (70%)Downloading (90%)Downloading (95%)Downloading (100%)
2020-05-11T06:03:15.5071909Z   - Installing behat/mink-selenium2-driver (v1.4.0): Downloading (connecting...)Downloading (0%)           Downloading (5%)Downloading (100%)
2020-05-11T06:03:15.5639980Z   - Installing fabpot/goutte (v3.2.3): Downloading (connecting...)Downloading (0%)           Downloading (40%)Downloading (100%)
2020-05-11T06:03:15.6226139Z   - Installing behat/mink-browserkit-driver (v1.3.4): Downloading (connecting...)Downloading (0%)           Downloading (10%)Downloading (100%)
2020-05-11T06:03:15.6768611Z   - Installing behat/mink-goutte-driver (v1.2.1): Downloading (connecting...)Downloading (0%)           Downloading (35%)Downloading (70%)Downloading (100%)
2020-05-11T06:03:15.6966801Z   - Installing drupal/core-dev (8.8.5)
2020-05-11T06:03:15.7176143Z   - Installing drupal/form_options_attributes (1.1.0): Downloading (connecting...)Downloading (0%)           Downloading (35%)Downloading (85%)Downloading (100%)
2020-05-11T06:03:15.7369026Z   - Applying patches for drupal/form_options_attributes
2020-05-11T06:03:15.7370556Z     https://www.drupal.org/files/issues/2020-04-09/3126225-2.patch (Add missing core_version_requirement in tests)
2020-05-11T06:03:16.0689871Z 
2020-05-11T06:03:16.6900408Z pear/archive_tar suggests installing ext-xz (Lzma2 compression support.)
2020-05-11T06:03:16.6901101Z paragonie/random_compat suggests installing ext-libsodium (Provides a modern crypto API that can be used to generate random bytes.)
2020-05-11T06:03:16.6901529Z symfony/http-kernel suggests installing symfony/config
2020-05-11T06:03:16.6902356Z symfony/routing suggests installing symfony/config (For using the all-in-one router or any loader)
2020-05-11T06:03:16.6902888Z symfony/routing suggests installing symfony/expression-language (For using expression matching)
2020-05-11T06:03:16.6904228Z guzzlehttp/psr7 suggests installing zendframework/zend-httphandlerrunner (Emit PSR-7 responses)
2020-05-11T06:03:16.6904830Z symfony/psr-http-message-bridge suggests installing nyholm/psr7 (For a super lightweight PSR-7/17 implementation)
2020-05-11T06:03:16.6905241Z easyrdf/easyrdf suggests installing ml/json-ld (~1.0)
2020-05-11T06:03:16.6905465Z symfony/translation suggests installing symfony/config
2020-05-11T06:03:16.6905958Z symfony/validator suggests installing psr/cache-implementation (For using the metadata cache.)
2020-05-11T06:03:16.6906181Z symfony/validator suggests installing symfony/intl
2020-05-11T06:03:16.6906397Z symfony/validator suggests installing symfony/config
2020-05-11T06:03:16.6907085Z symfony/validator suggests installing symfony/property-access (For accessing properties within comparison constraints)
2020-05-11T06:03:16.6907618Z symfony/validator suggests installing symfony/expression-language (For using the Expression validator)
2020-05-11T06:03:16.6908126Z symfony/serializer suggests installing psr/cache-implementation (For using the metadata cache.)
2020-05-11T06:03:16.6908610Z symfony/serializer suggests installing symfony/property-info (To deserialize relations.)
2020-05-11T06:03:16.6908911Z symfony/serializer suggests installing symfony/config (For using the XML mapping loader.)
2020-05-11T06:03:16.6909518Z symfony/serializer suggests installing symfony/property-access (For using the ObjectNormalizer.)
2020-05-11T06:03:16.6910108Z symfony/dependency-injection suggests installing symfony/config
2020-05-11T06:03:16.6910799Z symfony/dependency-injection suggests installing symfony/expression-language (For using expressions in service container configuration)
2020-05-11T06:03:16.6911333Z symfony/dependency-injection suggests installing symfony/proxy-manager-bridge (Generate service proxies to lazy load them)
2020-05-11T06:03:16.6911811Z symfony/class-loader suggests installing symfony/polyfill-apcu (For using ApcClassLoader on HHVM)
2020-05-11T06:03:16.6912382Z zendframework/zend-feed suggests installing zendframework/zend-cache (Zend\Cache component, for optionally caching feeds between requests)
2020-05-11T06:03:16.6912908Z zendframework/zend-feed suggests installing zendframework/zend-db (Zend\Db component, for use with PubSubHubbub)
2020-05-11T06:03:16.6913498Z zendframework/zend-feed suggests installing zendframework/zend-http (Zend\Http for PubSubHubbub, and optionally for use with Zend\Feed\Reader)
2020-05-11T06:03:16.6914158Z zendframework/zend-feed suggests installing zendframework/zend-servicemanager (Zend\ServiceManager component, for easily extending ExtensionManager implementations)
2020-05-11T06:03:16.6915101Z zendframework/zend-feed suggests installing zendframework/zend-validator (Zend\Validator component, for validating email addresses used in Atom feeds and entries when using the Writer subcomponent)
2020-05-11T06:03:16.6915496Z drupal/search_api suggests installing drupal/search_api_autocomplete (Allows adding autocomplete suggestions to search fields.)
2020-05-11T06:03:16.6915840Z drupal/search_api suggests installing drupal/search_api_solr (Adds support for using Apache Solr as a backend.)
2020-05-11T06:03:16.6916324Z psy/psysh suggests installing ext-pdo-sqlite (The doc command requires SQLite to work.)
2020-05-11T06:03:16.6917001Z psy/psysh suggests installing hoa/console (A pure PHP readline implementation. You'll want this if your PHP install doesn't already support readline or libedit.)
2020-05-11T06:03:16.6917324Z consolidation/robo suggests installing henrikbjorn/lurker (For monitoring filesystem changes in taskWatch)
2020-05-11T06:03:16.6917630Z consolidation/robo suggests installing patchwork/jsqueeze (For minifying JS files in taskMinify)
2020-05-11T06:03:16.6918001Z consolidation/robo suggests installing natxet/CssMin (For minifying CSS files in taskMinify)
2020-05-11T06:03:16.6918771Z sebastian/global-state suggests installing ext-uopz (*)
2020-05-11T06:03:16.6919249Z phpunit/php-code-coverage suggests installing ext-xdebug (^2.6.0)
2020-05-11T06:03:16.6919663Z phpunit/phpunit suggests installing phpunit/php-invoker (^2.0)
2020-05-11T06:03:16.6920041Z phpunit/phpunit suggests installing ext-xdebug (*)
2020-05-11T06:03:16.6920627Z behat/mink suggests installing dmore/chrome-mink-driver (fast and JS-enabled driver for any app (requires chromium or google chrome))
2020-05-11T06:03:16.6921220Z behat/mink suggests installing behat/mink-zombie-driver (fast and JS-enabled headless driver for any app (requires node.js))
2020-05-11T06:03:16.6921782Z Package zendframework/zend-diactoros is abandoned, you should avoid using it. Use laminas/laminas-diactoros instead.
2020-05-11T06:03:16.6922330Z Package zendframework/zend-stdlib is abandoned, you should avoid using it. Use laminas/laminas-stdlib instead.
2020-05-11T06:03:16.6922974Z Package zendframework/zend-escaper is abandoned, you should avoid using it. Use laminas/laminas-escaper instead.
2020-05-11T06:03:16.6923516Z Package zendframework/zend-feed is abandoned, you should avoid using it. Use laminas/laminas-feed instead.
2020-05-11T06:03:16.6924062Z Package container-interop/container-interop is abandoned, you should avoid using it. Use psr/container instead.
2020-05-11T06:03:16.7007930Z Writing lock file
2020-05-11T06:03:16.7008118Z Generating autoload files
2020-05-11T06:03:16.7680231Z 13 packages you are using are looking for funding.
2020-05-11T06:03:16.7680707Z Use the `composer fund` command to find out more!
2020-05-11T06:03:16.7716996Z Scaffolding files for drupal/core:
2020-05-11T06:03:16.7717881Z   - Copy [project-root]/.editorconfig from assets/scaffold/files/editorconfig
2020-05-11T06:03:16.7718296Z   - Copy [project-root]/.gitattributes from assets/scaffold/files/gitattributes
2020-05-11T06:03:16.7718671Z   - Copy [web-root]/.csslintrc from assets/scaffold/files/csslintrc
2020-05-11T06:03:16.7719048Z   - Copy [web-root]/.eslintignore from assets/scaffold/files/eslintignore
2020-05-11T06:03:16.7719422Z   - Copy [web-root]/.eslintrc.json from assets/scaffold/files/eslintrc.json
2020-05-11T06:03:16.7719790Z   - Copy [web-root]/.ht.router.php from assets/scaffold/files/ht.router.php
2020-05-11T06:03:16.7720143Z   - Copy [web-root]/.htaccess from assets/scaffold/files/htaccess
2020-05-11T06:03:16.7720510Z   - Copy [web-root]/example.gitignore from assets/scaffold/files/example.gitignore
2020-05-11T06:03:16.7720868Z   - Copy [web-root]/index.php from assets/scaffold/files/index.php
2020-05-11T06:03:16.7721241Z   - Copy [web-root]/INSTALL.txt from assets/scaffold/files/drupal.INSTALL.txt
2020-05-11T06:03:16.7721610Z   - Copy [web-root]/README.txt from assets/scaffold/files/drupal.README.txt
2020-05-11T06:03:16.7721975Z   - Copy [web-root]/robots.txt from assets/scaffold/files/robots.txt
2020-05-11T06:03:16.7722323Z   - Copy [web-root]/update.php from assets/scaffold/files/update.php
2020-05-11T06:03:16.7722683Z   - Copy [web-root]/web.config from assets/scaffold/files/web.config
2020-05-11T06:03:17.4965787Z   - Copy [web-root]/sites/README.txt from assets/scaffold/files/sites.README.txt
2020-05-11T06:03:17.4966326Z   - Copy [web-root]/sites/development.services.yml from assets/scaffold/files/development.services.yml
2020-05-11T06:03:17.4966785Z   - Copy [web-root]/sites/example.settings.local.php from assets/scaffold/files/example.settings.local.php
2020-05-11T06:03:17.4967197Z   - Copy [web-root]/sites/example.sites.php from assets/scaffold/files/example.sites.php
2020-05-11T06:03:17.4967628Z   - Copy [web-root]/sites/default/default.services.yml from assets/scaffold/files/default.services.yml
2020-05-11T06:03:17.4968042Z   - Copy [web-root]/sites/default/default.settings.php from assets/scaffold/files/default.settings.php
2020-05-11T06:03:17.4968440Z   - Copy [web-root]/modules/README.txt from assets/scaffold/files/modules.README.txt
2020-05-11T06:03:17.4969037Z   - Copy [web-root]/profiles/README.txt from assets/scaffold/files/profiles.README.txt
2020-05-11T06:03:17.4969446Z   - Copy [web-root]/themes/README.txt from assets/scaffold/files/themes.README.txt
2020-05-11T06:03:17.4969681Z /home/runner/work/select2/select2
2020-05-11T06:03:17.5019307Z ##[group]Run test-drupal-project deprecation
2020-05-11T06:03:17.5019481Z [36;1mtest-drupal-project deprecation[0m
2020-05-11T06:03:17.5057447Z shell: /bin/bash -e {0}
2020-05-11T06:03:17.5057567Z env:
2020-05-11T06:03:17.5057696Z   DRUPAL_TESTING_TEST_CODING_STYLES: false
2020-05-11T06:03:17.5057804Z   DRUPAL_TESTING_DATABASE_USER: root
2020-05-11T06:03:17.5057891Z   DRUPAL_TESTING_DATABASE_PASSWORD: root
2020-05-11T06:03:17.5057994Z   DRUPAL_TESTING_DATABASE_ENGINE: mysql
2020-05-11T06:03:17.5058102Z ##[endgroup]
2020-05-11T06:03:17.8707318Z Checking for deprecations.
2020-05-11T06:03:17.8707737Z 
2020-05-11T06:03:18.0156042Z Note: Using configuration file /tmp/test/select2/install/phpstan.neon.
2020-05-11T06:03:19.1895632Z   0/28 [░░░░░░░░░░░░░░░░░░░░░░░░░░░░]   0%
2020-05-11T06:03:19.5192954Z   6/28 [▓▓▓▓▓▓░░░░░░░░░░░░░░░░░░░░░░]  21%
2020-05-11T06:03:19.9344428Z   9/28 [▓▓▓▓▓▓▓▓▓░░░░░░░░░░░░░░░░░░░]  32%
2020-05-11T06:03:20.3324341Z  12/28 [▓▓▓▓▓▓▓▓▓▓▓▓░░░░░░░░░░░░░░░░]  42%
2020-05-11T06:03:20.4418964Z  14/28 [▓▓▓▓▓▓▓▓▓▓▓▓▓▓░░░░░░░░░░░░░░]  50%
2020-05-11T06:03:20.8477847Z  17/28 [▓▓▓▓▓▓▓▓▓▓▓▓▓▓▓▓▓░░░░░░░░░░░]  60%
2020-05-11T06:03:21.1225598Z  20/28 [▓▓▓▓▓▓▓▓▓▓▓▓▓▓▓▓▓▓▓▓░░░░░░░░]  71%
2020-05-11T06:03:21.4499477Z  23/28 [▓▓▓▓▓▓▓▓▓▓▓▓▓▓▓▓▓▓▓▓▓▓▓░░░░░]  82%
2020-05-11T06:03:21.4620960Z  26/28 [▓▓▓▓▓▓▓▓▓▓▓▓▓▓▓▓▓▓▓▓▓▓▓▓▓▓░░]  92%
2020-05-11T06:03:21.4621490Z  28/28 [▓▓▓▓▓▓▓▓▓▓▓▓▓▓▓▓▓▓▓▓▓▓▓▓▓▓▓▓] 100%
2020-05-11T06:03:21.4621604Z 
2020-05-11T06:03:21.4650038Z 
2020-05-11T06:03:21.4650458Z  [OK] No errors                                                                 
2020-05-11T06:03:21.4650590Z 
2020-05-11T06:03:21.4782431Z /home/runner/work/select2/select2
2020-05-11T06:03:21.4823016Z ##[group]Run test-drupal-project install
2020-05-11T06:03:21.4823209Z [36;1mtest-drupal-project install[0m
2020-05-11T06:03:21.4861183Z shell: /bin/bash -e {0}
2020-05-11T06:03:21.4861295Z env:
2020-05-11T06:03:21.4861404Z   DRUPAL_TESTING_TEST_CODING_STYLES: false
2020-05-11T06:03:21.4861517Z   DRUPAL_TESTING_DATABASE_USER: root
2020-05-11T06:03:21.4861630Z   DRUPAL_TESTING_DATABASE_PASSWORD: root
2020-05-11T06:03:21.4861737Z   DRUPAL_TESTING_DATABASE_ENGINE: mysql
2020-05-11T06:03:21.4861830Z   DRUPAL_TESTING_TEST_DEPRECATION: false
2020-05-11T06:03:21.4861936Z ##[endgroup]
2020-05-11T06:03:21.7320222Z Installing project
2020-05-11T06:03:21.7320397Z 
2020-05-11T06:03:21.8909541Z  [info] Executing: command -v mysql
2020-05-11T06:03:21.8939244Z  [info] Executing: mysql --defaults-file=/tmp/drush_H0kqTy --database=testing --host=127.0.0.1 --port=3306 --silent -A < /tmp/drush_hdG8kT
2020-05-11T06:03:22.0891505Z 
2020-05-11T06:03:22.0897070Z  // You are about to CREATE the 'testing' database. Do you want to continue?:   
2020-05-11T06:03:22.0897594Z  // yes.                                                                        
2020-05-11T06:03:22.0899591Z 
2020-05-11T06:03:22.0903220Z  [info] Sites directory sites/default already exists - proceeding.
2020-05-11T06:03:22.0913155Z  [info] Executing: mysql --defaults-file=/tmp/drush_DYvVTU --database=testing --host=127.0.0.1 --port=3306 --silent -A < /tmp/drush_zm6ETe
2020-05-11T06:03:22.1025506Z  [info] Executing: mysql --defaults-file=/tmp/drush_r8nEXg --database=information_schema --host=127.0.0.1 --port=3306 --silent -A < /tmp/drush_zaqMVA
2020-05-11T06:03:22.2154749Z  [notice] Starting Drupal installation. This takes a while.
2020-05-11T06:03:26.9740395Z  [success] Installation complete.  User name: admin  User password: tLrfNSaXYB
2020-05-11T06:03:26.9896031Z ##[group]Run test-drupal-project
2020-05-11T06:03:26.9896202Z [36;1mtest-drupal-project[0m
2020-05-11T06:03:26.9929250Z shell: /bin/bash -e {0}
2020-05-11T06:03:26.9929353Z env:
2020-05-11T06:03:26.9929463Z   DRUPAL_TESTING_TEST_CODING_STYLES: false
2020-05-11T06:03:26.9929735Z   DRUPAL_TESTING_DATABASE_USER: root
2020-05-11T06:03:26.9929826Z   DRUPAL_TESTING_DATABASE_PASSWORD: root
2020-05-11T06:03:26.9929928Z   DRUPAL_TESTING_DATABASE_ENGINE: mysql
2020-05-11T06:03:26.9930064Z ##[endgroup]
2020-05-11T06:03:27.2257454Z Starting services
2020-05-11T06:03:27.2257861Z 
2020-05-11T06:03:27.2280359Z Starting web driver
2020-05-11T06:03:27.9830627Z Unable to find image 'selenium/standalone-chrome:3.141.59-oxygen' locally
2020-05-11T06:03:28.1803589Z 3.141.59-oxygen: Pulling from selenium/standalone-chrome
2020-05-11T06:03:28.1818305Z 84ed7d2f608f: Pulling fs layer
2020-05-11T06:03:28.1827946Z be2bf1c4a48d: Pulling fs layer
2020-05-11T06:03:28.1828358Z a5bdc6303093: Pulling fs layer
2020-05-11T06:03:28.1830394Z e9055237d68d: Pulling fs layer
2020-05-11T06:03:28.1830777Z 386a40964aed: Pulling fs layer
2020-05-11T06:03:28.1832880Z 06e803f31b1c: Pulling fs layer
2020-05-11T06:03:28.1833097Z f655bb4c3cd6: Pulling fs layer
2020-05-11T06:03:28.1835136Z 4fb0061656c5: Pulling fs layer
2020-05-11T06:03:28.1836576Z 596ec6766c4b: Pulling fs layer
2020-05-11T06:03:28.1837969Z 2d4ca7909f45: Pulling fs layer
2020-05-11T06:03:28.1839346Z 87d4bc6422ff: Pulling fs layer
2020-05-11T06:03:28.1840661Z fe54095e92d3: Pulling fs layer
2020-05-11T06:03:28.1841962Z dbf74cf56a2b: Pulling fs layer
2020-05-11T06:03:28.1843356Z 582cd7ee33f3: Pulling fs layer
2020-05-11T06:03:28.1844963Z e77d0169ca02: Pulling fs layer
2020-05-11T06:03:28.1845228Z d879005b523d: Pulling fs layer
2020-05-11T06:03:28.1846561Z d3e6461e4c9b: Pulling fs layer
2020-05-11T06:03:28.1847183Z b9b518115a57: Pulling fs layer
2020-05-11T06:03:28.1847534Z 1e1b7d612c5b: Pulling fs layer
2020-05-11T06:03:28.1847980Z 9bd122501491: Pulling fs layer
2020-05-11T06:03:28.1848305Z a44642ff01aa: Pulling fs layer
2020-05-11T06:03:28.1848630Z c53cd312b992: Pulling fs layer
2020-05-11T06:03:28.1849056Z 35f7128b2f2c: Pulling fs layer
2020-05-11T06:03:28.1849349Z f7439f467b5c: Pulling fs layer
2020-05-11T06:03:28.1849717Z 44adc2ece393: Pulling fs layer
2020-05-11T06:03:28.1850107Z 0ffccc6de60c: Pulling fs layer
2020-05-11T06:03:28.1850372Z 4e27e5e27fb3: Pulling fs layer
2020-05-11T06:03:28.1850713Z e9055237d68d: Waiting
2020-05-11T06:03:28.1851048Z 386a40964aed: Waiting
2020-05-11T06:03:28.1851329Z 06e803f31b1c: Waiting
2020-05-11T06:03:28.1851662Z f655bb4c3cd6: Waiting
2020-05-11T06:03:28.1852025Z 4fb0061656c5: Waiting
2020-05-11T06:03:28.1852269Z 596ec6766c4b: Waiting
2020-05-11T06:03:28.1852568Z 2d4ca7909f45: Waiting
2020-05-11T06:03:28.1852874Z 87d4bc6422ff: Waiting
2020-05-11T06:03:28.1853210Z fe54095e92d3: Waiting
2020-05-11T06:03:28.1853484Z dbf74cf56a2b: Waiting
2020-05-11T06:03:28.1853785Z 582cd7ee33f3: Waiting
2020-05-11T06:03:28.1855310Z e77d0169ca02: Waiting
2020-05-11T06:03:28.1855575Z d879005b523d: Waiting
2020-05-11T06:03:28.1855806Z d3e6461e4c9b: Waiting
2020-05-11T06:03:28.1856112Z b9b518115a57: Waiting
2020-05-11T06:03:28.1856340Z 1e1b7d612c5b: Waiting
2020-05-11T06:03:28.1856612Z 9bd122501491: Waiting
2020-05-11T06:03:28.1856844Z a44642ff01aa: Waiting
2020-05-11T06:03:28.1857106Z c53cd312b992: Waiting
2020-05-11T06:03:28.1857334Z 35f7128b2f2c: Waiting
2020-05-11T06:03:28.1857560Z f7439f467b5c: Waiting
2020-05-11T06:03:28.1857820Z 44adc2ece393: Waiting
2020-05-11T06:03:28.1858049Z 0ffccc6de60c: Waiting
2020-05-11T06:03:28.1858316Z 4e27e5e27fb3: Waiting
2020-05-11T06:03:28.2619078Z a5bdc6303093: Verifying Checksum
2020-05-11T06:03:28.2620009Z a5bdc6303093: Download complete
2020-05-11T06:03:28.2634729Z be2bf1c4a48d: Verifying Checksum
2020-05-11T06:03:28.2635299Z be2bf1c4a48d: Download complete
2020-05-11T06:03:28.3327547Z e9055237d68d: Verifying Checksum
2020-05-11T06:03:28.3328130Z e9055237d68d: Download complete
2020-05-11T06:03:28.3516302Z 386a40964aed: Download complete
2020-05-11T06:03:28.4539095Z f655bb4c3cd6: Verifying Checksum
2020-05-11T06:03:28.5688287Z f655bb4c3cd6: Download complete
2020-05-11T06:03:28.5688595Z 4fb0061656c5: Verifying Checksum
2020-05-11T06:03:28.5691897Z 4fb0061656c5: Download complete
2020-05-11T06:03:28.6905950Z 84ed7d2f608f: Verifying Checksum
2020-05-11T06:03:28.6906178Z 84ed7d2f608f: Download complete
2020-05-11T06:03:28.7432572Z 596ec6766c4b: Verifying Checksum
2020-05-11T06:03:28.7436641Z 596ec6766c4b: Download complete
2020-05-11T06:03:28.8311327Z 87d4bc6422ff: Verifying Checksum
2020-05-11T06:03:28.8311692Z 87d4bc6422ff: Download complete
2020-05-11T06:03:28.8312266Z 2d4ca7909f45: Verifying Checksum
2020-05-11T06:03:28.8312436Z 2d4ca7909f45: Download complete
2020-05-11T06:03:28.9776031Z fe54095e92d3: Verifying Checksum
2020-05-11T06:03:28.9776311Z fe54095e92d3: Download complete
2020-05-11T06:03:29.0125697Z 06e803f31b1c: Verifying Checksum
2020-05-11T06:03:29.0126142Z 06e803f31b1c: Download complete
2020-05-11T06:03:29.0664142Z dbf74cf56a2b: Verifying Checksum
2020-05-11T06:03:29.0667054Z dbf74cf56a2b: Download complete
2020-05-11T06:03:29.2619140Z e77d0169ca02: Verifying Checksum
2020-05-11T06:03:29.2619415Z e77d0169ca02: Download complete
2020-05-11T06:03:29.4284313Z 582cd7ee33f3: Verifying Checksum
2020-05-11T06:03:29.4287185Z 582cd7ee33f3: Download complete
2020-05-11T06:03:29.4300065Z d3e6461e4c9b: Verifying Checksum
2020-05-11T06:03:29.4302679Z d3e6461e4c9b: Download complete
2020-05-11T06:03:29.4357867Z d879005b523d: Verifying Checksum
2020-05-11T06:03:29.4358157Z d879005b523d: Download complete
2020-05-11T06:03:29.5053775Z b9b518115a57: Verifying Checksum
2020-05-11T06:03:29.5059112Z b9b518115a57: Download complete
2020-05-11T06:03:29.5203837Z 1e1b7d612c5b: Verifying Checksum
2020-05-11T06:03:29.5204163Z 1e1b7d612c5b: Download complete
2020-05-11T06:03:29.5966747Z a44642ff01aa: Verifying Checksum
2020-05-11T06:03:29.5967016Z a44642ff01aa: Download complete
2020-05-11T06:03:29.6331358Z c53cd312b992: Verifying Checksum
2020-05-11T06:03:29.6331884Z c53cd312b992: Download complete
2020-05-11T06:03:29.7233081Z f7439f467b5c: Verifying Checksum
2020-05-11T06:03:29.7233546Z f7439f467b5c: Download complete
2020-05-11T06:03:29.8299891Z 44adc2ece393: Verifying Checksum
2020-05-11T06:03:29.8300167Z 44adc2ece393: Download complete
2020-05-11T06:03:29.8360516Z 35f7128b2f2c: Verifying Checksum
2020-05-11T06:03:29.8360964Z 35f7128b2f2c: Download complete
2020-05-11T06:03:29.9379642Z 4e27e5e27fb3: Verifying Checksum
2020-05-11T06:03:29.9379932Z 4e27e5e27fb3: Download complete
2020-05-11T06:03:29.9571120Z 0ffccc6de60c: Verifying Checksum
2020-05-11T06:03:29.9571401Z 0ffccc6de60c: Download complete
2020-05-11T06:03:30.5608625Z 9bd122501491: Verifying Checksum
2020-05-11T06:03:30.5612924Z 9bd122501491: Download complete
2020-05-11T06:03:31.3253804Z 84ed7d2f608f: Pull complete
2020-05-11T06:03:31.4096507Z be2bf1c4a48d: Pull complete
2020-05-11T06:03:31.4454571Z a5bdc6303093: Pull complete
2020-05-11T06:03:31.4804321Z e9055237d68d: Pull complete
2020-05-11T06:03:31.5162583Z 386a40964aed: Pull complete
2020-05-11T06:03:39.1154722Z 06e803f31b1c: Pull complete
2020-05-11T06:03:39.1732019Z f655bb4c3cd6: Pull complete
2020-05-11T06:03:39.2106692Z 4fb0061656c5: Pull complete
2020-05-11T06:03:39.2442404Z 596ec6766c4b: Pull complete
2020-05-11T06:03:39.2864091Z 2d4ca7909f45: Pull complete
2020-05-11T06:03:39.3300369Z 87d4bc6422ff: Pull complete
2020-05-11T06:03:39.3643335Z fe54095e92d3: Pull complete
2020-05-11T06:03:39.4872011Z dbf74cf56a2b: Pull complete
2020-05-11T06:03:40.5453072Z 582cd7ee33f3: Pull complete
2020-05-11T06:03:40.8535604Z e77d0169ca02: Pull complete
2020-05-11T06:03:41.2729465Z d879005b523d: Pull complete
2020-05-11T06:03:41.3093921Z d3e6461e4c9b: Pull complete
2020-05-11T06:03:41.3444580Z b9b518115a57: Pull complete
2020-05-11T06:03:41.3799615Z 1e1b7d612c5b: Pull complete
2020-05-11T06:03:47.2271211Z 9bd122501491: Pull complete
2020-05-11T06:03:47.2656011Z a44642ff01aa: Pull complete
2020-05-11T06:03:47.2998557Z c53cd312b992: Pull complete
2020-05-11T06:03:47.4345389Z 35f7128b2f2c: Pull complete
2020-05-11T06:03:47.4719368Z f7439f467b5c: Pull complete
2020-05-11T06:03:47.5093345Z 44adc2ece393: Pull complete
2020-05-11T06:03:47.5466444Z 0ffccc6de60c: Pull complete
2020-05-11T06:03:47.5856779Z 4e27e5e27fb3: Pull complete
2020-05-11T06:03:47.5910772Z Digest: sha256:c86fbabaa94303eb81983e1ebed88c9993f55e19daba359b196eb7457012036a
2020-05-11T06:03:47.5935201Z Status: Downloaded newer image for selenium/standalone-chrome:3.141.59-oxygen
2020-05-11T06:03:55.5660389Z 866c7279bd6953b079754db8cd2bef4b643ed62ec2806d59cdf93aec3ba3f776
2020-05-11T06:03:57.7924637Z /home/runner/work/select2/select2
2020-05-11T06:03:58.8032920Z Running tests
2020-05-11T06:03:58.8033629Z 
2020-05-11T06:03:59.0852836Z PHPUnit 7.5.20 by Sebastian Bergmann and contributors.
2020-05-11T06:03:59.0853352Z 
2020-05-11T06:03:59.0854713Z Runtime:       PHP 7.3.16-1+ubuntu18.04.1+deb.sury.org+1
2020-05-11T06:03:59.0855073Z Configuration: /tmp/test/select2/install/web/core/phpunit.xml.dist
2020-05-11T06:03:59.0855174Z 
2020-05-11T06:03:59.0858224Z Testing /tmp/test/select2/install/web/modules/contrib/select2
2020-05-11T06:03:59.0882707Z Test 'Drupal\Tests\select2_facets\FunctionalJavascript\FacetsTest::testBasicFunctionality with data set #0 (array(), array(false))' started
2020-05-11T06:04:20.4472542Z Test 'Drupal\Tests\select2_facets\FunctionalJavascript\FacetsTest::testBasicFunctionality with data set #0 (array(), array(false))' ended
2020-05-11T06:04:20.4473827Z Test 'Drupal\Tests\select2_facets\FunctionalJavascript\FacetsTest::testBasicFunctionality with data set #1 (array(true), array(array(), false))' started
2020-05-11T06:04:40.7850284Z Test 'Drupal\Tests\select2_facets\FunctionalJavascript\FacetsTest::testBasicFunctionality with data set #1 (array(true), array(array(), false))' ended
2020-05-11T06:04:40.7865463Z Test 'Drupal\Tests\select2_publish\FunctionalJavascript\PublishTest::testMultipleSelection' started
2020-05-11T06:04:56.9612737Z Test 'Drupal\Tests\select2_publish\FunctionalJavascript\PublishTest::testMultipleSelection' ended
2020-05-11T06:04:56.9626072Z Test 'Drupal\Tests\select2_publish\FunctionalJavascript\PublishTest::testAutocomplete' started
2020-05-11T06:05:13.2768309Z Test 'Drupal\Tests\select2_publish\FunctionalJavascript\PublishTest::testAutocomplete' ended
2020-05-11T06:05:13.2792906Z Test 'Drupal\Tests\select2\FunctionalJavascript\FieldWidget\Select2EntityReferenceWidgetTest::testSingleValueWidget with data set #0 (true, 'STARTS_WITH', 2, true)' started
2020-05-11T06:05:31.0083551Z Test 'Drupal\Tests\select2\FunctionalJavascript\FieldWidget\Select2EntityReferenceWidgetTest::testSingleValueWidget with data set #0 (true, 'STARTS_WITH', 2, true)' ended
2020-05-11T06:05:31.0085539Z Test 'Drupal\Tests\select2\FunctionalJavascript\FieldWidget\Select2EntityReferenceWidgetTest::testSingleValueWidget with data set #1 (false, null, 3, true)' started
2020-05-11T06:05:47.2896232Z Test 'Drupal\Tests\select2\FunctionalJavascript\FieldWidget\Select2EntityReferenceWidgetTest::testSingleValueWidget with data set #1 (false, null, 3, true)' ended
2020-05-11T06:05:47.2897605Z Test 'Drupal\Tests\select2\FunctionalJavascript\FieldWidget\Select2EntityReferenceWidgetTest::testSingleValueWidget with data set #2 (false, null, 2, false)' started
2020-05-11T06:06:01.7106214Z Test 'Drupal\Tests\select2\FunctionalJavascript\FieldWidget\Select2EntityReferenceWidgetTest::testSingleValueWidget with data set #2 (false, null, 2, false)' ended
2020-05-11T06:06:01.7107674Z Test 'Drupal\Tests\select2\FunctionalJavascript\FieldWidget\Select2EntityReferenceWidgetTest::testSingleValueWidget with data set #3 (true, 'STARTS_WITH', 1, false)' started
2020-05-11T06:06:16.9247543Z Test 'Drupal\Tests\select2\FunctionalJavascript\FieldWidget\Select2EntityReferenceWidgetTest::testSingleValueWidget with data set #3 (true, 'STARTS_WITH', 1, false)' ended
2020-05-11T06:06:16.9280048Z Test 'Drupal\Tests\select2\FunctionalJavascript\FieldWidget\Select2EntityReferenceWidgetTest::testSingleValueWidget with data set #4 (true, 'CONTAINS', 2, false)' started
2020-05-11T06:06:32.3426564Z Test 'Drupal\Tests\select2\FunctionalJavascript\FieldWidget\Select2EntityReferenceWidgetTest::testSingleValueWidget with data set #4 (true, 'CONTAINS', 2, false)' ended
2020-05-11T06:06:32.3491959Z Test 'Drupal\Tests\select2\FunctionalJavascript\FieldWidget\Select2EntityReferenceWidgetTest::testMultipleValueWidget with data set #0 (true, true)' started
2020-05-11T06:06:50.8785297Z Test 'Drupal\Tests\select2\FunctionalJavascript\FieldWidget\Select2EntityReferenceWidgetTest::testMultipleValueWidget with data set #0 (true, true)' ended
2020-05-11T06:06:50.8812626Z Test 'Drupal\Tests\select2\FunctionalJavascript\FieldWidget\Select2EntityReferenceWidgetTest::testMultipleValueWidget with data set #1 (true, false)' started
2020-05-11T06:07:06.2222690Z Test 'Drupal\Tests\select2\FunctionalJavascript\FieldWidget\Select2EntityReferenceWidgetTest::testMultipleValueWidget with data set #1 (true, false)' ended
2020-05-11T06:07:06.2246297Z Test 'Drupal\Tests\select2\FunctionalJavascript\FieldWidget\Select2EntityReferenceWidgetTest::testMultipleValueWidget with data set #2 (false, true)' started
2020-05-11T06:07:23.1875753Z Test 'Drupal\Tests\select2\FunctionalJavascript\FieldWidget\Select2EntityReferenceWidgetTest::testMultipleValueWidget with data set #2 (false, true)' ended
2020-05-11T06:07:23.1880750Z Test 'Drupal\Tests\select2\FunctionalJavascript\FieldWidget\Select2EntityReferenceWidgetTest::testMultipleValueWidget with data set #3 (false, false)' started
2020-05-11T06:07:37.2443886Z Test 'Drupal\Tests\select2\FunctionalJavascript\FieldWidget\Select2EntityReferenceWidgetTest::testMultipleValueWidget with data set #3 (false, false)' ended
2020-05-11T06:07:37.2447057Z Test 'Drupal\Tests\select2\FunctionalJavascript\FieldWidget\Select2EntityReferenceWidgetTest::testMultipleAutocreation' started
2020-05-11T06:07:52.3588088Z Test 'Drupal\Tests\select2\FunctionalJavascript\FieldWidget\Select2EntityReferenceWidgetTest::testMultipleAutocreation' ended
2020-05-11T06:07:52.3589107Z Test 'Drupal\Tests\select2\FunctionalJavascript\FieldWidget\Select2EntityReferenceWidgetTest::testMultipleBundleSelection' started
2020-05-11T06:08:06.7620760Z Test 'Drupal\Tests\select2\FunctionalJavascript\FieldWidget\Select2EntityReferenceWidgetTest::testMultipleBundleSelection' ended
2020-05-11T06:08:06.7626919Z Test 'Drupal\Tests\select2\FunctionalJavascript\FieldWidget\Select2EntityReferenceWidgetTest::testAjaxCallbacksInBetween' started
2020-05-11T06:08:21.5265532Z Test 'Drupal\Tests\select2\FunctionalJavascript\FieldWidget\Select2EntityReferenceWidgetTest::testAjaxCallbacksInBetween' ended
2020-05-11T06:08:21.5285874Z Test 'Drupal\Tests\select2\FunctionalJavascript\FieldWidget\Select2EntityReferenceWidgetTest::testAutocompleteOrdering' started
2020-05-11T06:08:34.9060124Z Test 'Drupal\Tests\select2\FunctionalJavascript\FieldWidget\Select2EntityReferenceWidgetTest::testAutocompleteOrdering' ended
2020-05-11T06:08:34.9061616Z Test 'Drupal\Tests\select2\FunctionalJavascript\FieldWidget\Select2EntityReferenceWidgetTest::testAutocompleteMatchLimit' started
2020-05-11T06:08:48.2478256Z Test 'Drupal\Tests\select2\FunctionalJavascript\FieldWidget\Select2EntityReferenceWidgetTest::testAutocompleteMatchLimit' ended
2020-05-11T06:08:48.2479699Z Test 'Drupal\Tests\select2\FunctionalJavascript\FieldWidget\Select2EntityReferenceWidgetTest::testAutocompleteDragnDrop' started
2020-05-11T06:09:01.3825925Z Test 'Drupal\Tests\select2\FunctionalJavascript\FieldWidget\Select2EntityReferenceWidgetTest::testAutocompleteDragnDrop' ended
2020-05-11T06:09:01.3827273Z Test 'Drupal\Tests\select2\FunctionalJavascript\FieldWidget\Select2WidgetTest::testEmptyField' started
2020-05-11T06:09:09.8338471Z Test 'Drupal\Tests\select2\FunctionalJavascript\FieldWidget\Select2WidgetTest::testEmptyField' ended
2020-05-11T06:09:09.8344571Z Test 'Drupal\Tests\select2\FunctionalJavascript\FieldWidget\Select2WidgetTest::testSingleSelect' started
2020-05-11T06:09:19.5795483Z Test 'Drupal\Tests\select2\FunctionalJavascript\FieldWidget\Select2WidgetTest::testSingleSelect' ended
2020-05-11T06:09:19.5796843Z Test 'Drupal\Tests\select2\FunctionalJavascript\FieldWidget\Select2WidgetTest::testSingleSelectRequired' started
2020-05-11T06:09:28.7142919Z Test 'Drupal\Tests\select2\FunctionalJavascript\FieldWidget\Select2WidgetTest::testSingleSelectRequired' ended
2020-05-11T06:09:28.7145286Z Test 'Drupal\Tests\select2\FunctionalJavascript\FieldWidget\Select2WidgetTest::testMultipleSelect' started
2020-05-11T06:09:38.2237097Z Test 'Drupal\Tests\select2\FunctionalJavascript\FieldWidget\Select2WidgetTest::testMultipleSelect' ended
2020-05-11T06:09:38.2238429Z Test 'Drupal\Tests\select2\FunctionalJavascript\FieldWidget\Select2WidgetTest::testLimitedCount' started
2020-05-11T06:09:47.2168150Z Test 'Drupal\Tests\select2\FunctionalJavascript\FieldWidget\Select2WidgetTest::testLimitedCount' ended
2020-05-11T06:09:47.2169944Z Test 'Drupal\Tests\select2\FunctionalJavascript\Form\ElementTest::testOptgroups' started
2020-05-11T06:09:59.0469079Z Test 'Drupal\Tests\select2\FunctionalJavascript\Form\ElementTest::testOptgroups' ended
2020-05-11T06:09:59.0470412Z Test 'Drupal\Tests\select2\FunctionalJavascript\Form\ElementTest::testAjaxCallbacksInBetween' started
2020-05-11T06:10:11.1507080Z Test 'Drupal\Tests\select2\FunctionalJavascript\Form\ElementTest::testAjaxCallbacksInBetween' ended
2020-05-11T06:10:11.1508260Z Test 'Drupal\Tests\select2\FunctionalJavascript\Form\ElementTest::testSevenTheme' started
2020-05-11T06:10:22.7582194Z Test 'Drupal\Tests\select2\FunctionalJavascript\Form\ElementTest::testSevenTheme' ended
2020-05-11T06:10:22.7599045Z Test 'Drupal\Tests\select2\FunctionalJavascript\Form\ElementTest::testAutocomplete' started
2020-05-11T06:10:35.0944143Z Test 'Drupal\Tests\select2\FunctionalJavascript\Form\ElementTest::testAutocomplete' ended
2020-05-11T06:10:35.0979433Z Test 'Drupal\Tests\select2\FunctionalJavascript\Form\ViewsExposedFilterTest::testContentListWithSelect2Filter' started
2020-05-11T06:10:46.9198122Z Test 'Drupal\Tests\select2\FunctionalJavascript\Form\ViewsExposedFilterTest::testContentListWithSelect2Filter' ended
2020-05-11T06:10:46.9199409Z Test 'Drupal\Tests\select2\Kernel\Element\Select2Test::testSelect2Theming' started
2020-05-11T06:10:47.5955136Z Test 'Drupal\Tests\select2\Kernel\Element\Select2Test::testSelect2Theming' ended
2020-05-11T06:10:47.5957456Z Test 'Drupal\Tests\select2\Kernel\Element\Select2Test::testEmptyOption' started
2020-05-11T06:10:48.1992744Z Test 'Drupal\Tests\select2\Kernel\Element\Select2Test::testEmptyOption' ended
2020-05-11T06:10:48.1993912Z Test 'Drupal\Tests\select2\Kernel\Element\Select2Test::testAutocompleteOptions' started
2020-05-11T06:10:48.8147037Z Test 'Drupal\Tests\select2\Kernel\Element\Select2Test::testAutocompleteOptions' ended
2020-05-11T06:10:48.8151565Z Test 'Drupal\Tests\select2\Kernel\Select2ValidOptionsTest::testAvailableOptions' started
2020-05-11T06:10:49.8049528Z Test 'Drupal\Tests\select2\Kernel\Select2ValidOptionsTest::testAvailableOptions' ended
2020-05-11T06:10:49.8051979Z Test 'Drupal\Tests\select2\Unit\Element\Select2Test::testPreRenderSelect with data set #0 (true, true, array(), array('multiple', 'field_foo[]', '{"multiple":true,"placeholder...100%"}'))' started
2020-05-11T06:10:49.8187482Z Test 'Drupal\Tests\select2\Unit\Element\Select2Test::testPreRenderSelect with data set #0 (true, true, array(), array('multiple', 'field_foo[]', '{"multiple":true,"placeholder...100%"}'))' ended
2020-05-11T06:10:49.8189092Z Test 'Drupal\Tests\select2\Unit\Element\Select2Test::testPreRenderSelect with data set #1 (false, true, array(), array('field_foo', '{"multiple":false,"placeholde...100%"}'))' started
2020-05-11T06:10:49.8190306Z Test 'Drupal\Tests\select2\Unit\Element\Select2Test::testPreRenderSelect with data set #1 (false, true, array(), array('field_foo', '{"multiple":false,"placeholde...100%"}'))' ended
2020-05-11T06:10:49.8191708Z Test 'Drupal\Tests\select2\Unit\Element\Select2Test::testPreRenderSelect with data set #2 (true, false, array(), array('multiple', 'field_foo[]', '{"multiple":true,"placeholder...100%"}'))' started
2020-05-11T06:10:49.8192955Z Test 'Drupal\Tests\select2\Unit\Element\Select2Test::testPreRenderSelect with data set #2 (true, false, array(), array('multiple', 'field_foo[]', '{"multiple":true,"placeholder...100%"}'))' ended
2020-05-11T06:10:49.8194109Z Test 'Drupal\Tests\select2\Unit\Element\Select2Test::testPreRenderSelect with data set #3 (false, false, array(), array('field_foo', '{"multiple":false,"placeholde...100%"}'))' started
2020-05-11T06:10:49.8195256Z Test 'Drupal\Tests\select2\Unit\Element\Select2Test::testPreRenderSelect with data set #3 (false, false, array(), array('field_foo', '{"multiple":false,"placeholde...100%"}'))' ended
2020-05-11T06:10:49.8196417Z Test 'Drupal\Tests\select2\Unit\Element\Select2Test::testPreRenderSelect with data set #4 (false, false, array(false, true), array('field_foo', '{"multiple":true,"placeholder...100%"}'))' started
2020-05-11T06:10:49.8197590Z Test 'Drupal\Tests\select2\Unit\Element\Select2Test::testPreRenderSelect with data set #4 (false, false, array(false, true), array('field_foo', '{"multiple":true,"placeholder...100%"}'))' ended
2020-05-11T06:10:49.8197906Z 
2020-05-11T06:10:49.8198120Z 
2020-05-11T06:10:49.8198459Z Time: 6.84 minutes, Memory: 10.00 MB
2020-05-11T06:10:49.8198852Z 
2020-05-11T06:10:49.8199150Z There was 1 skipped test:
2020-05-11T06:10:49.8199380Z 
2020-05-11T06:10:49.8199864Z 1) Drupal\Tests\select2\FunctionalJavascript\FieldWidget\Select2EntityReferenceWidgetTest::testAutocompleteDragnDrop
2020-05-11T06:10:49.8246227Z Testing drag and drop is currently not possible due to a bug in chromedriver. See https://www.drupal.org/node/3084730.
2020-05-11T06:10:49.8247297Z 
2020-05-11T06:10:49.8247809Z /home/runner/work/select2/select2/tests/src/FunctionalJavascript/FieldWidget/Select2EntityReferenceWidgetTest.php:439
2020-05-11T06:10:49.8248011Z 
2020-05-11T06:10:49.8248302Z OK, but incomplete, skipped, or risky tests!
2020-05-11T06:10:49.8248591Z Tests: 38, Assertions: 270, Skipped: 1.
2020-05-11T06:10:49.8331178Z Cleaning up test environment.
2020-05-11T06:10:49.8331539Z 
2020-05-11T06:10:49.9907443Z selenium-for-drupal-tests
2020-05-11T06:10:50.8274309Z Post job cleanup.
2020-05-11T06:10:50.8730114Z [warning]Event Validation Error: The event type schedule is not supported. Only push, pull_request events are supported at this time.
2020-05-11T06:10:50.9714824Z Post job cleanup.
2020-05-11T06:10:51.0180093Z [warning]Event Validation Error: The event type schedule is not supported. Only push, pull_request events are supported at this time.
2020-05-11T06:10:51.0216328Z Cleaning up orphan processes
2020-05-11T06:10:51.0456706Z Terminate orphan process: pid (6365) (php)

